=== 2026-04-13T23:11:58Z mkdir study folder ===
/Users/ros/THyroid 2026
main
9f3e41f809b070d02d32b2be3be872a92b708c11
?? THYROID_2026/
?? V2_EXTRACTION_HANDOFF.md
?? exports/specimen_genomic_review_20260413_170321/
?? exports/specimen_genomic_review_20260413_202801/
?? exports/specimen_genomic_review_20260413_203824/
?? fleet_status_2026-03-31.md
?? onelake_upload/
?? parallels-powerbi.skill
?? studies/20260413_full_execution_reaudit/
?? studies/specimen_fhir_export_20260408_132454/
?? studies/specimen_fhir_export_20260413_154856/
?? studies/specimen_fhir_export_20260413_162540/
Python 3.14.4
VENV=yes
motherduck.local.toml=present
-rw-r--r--@ 1 ros  staff  3765722 Apr  8 08:08 raw/COMPLETE_MULTI_SHEET_ULTRASOUND_REPORTS.xlsx
-rw-r--r--@ 1 ros  staff  4375015 Apr  8 08:08 raw/US Nodules TIRADS 12_1_25.xlsx
-rw-r--r--@ 1 ros  staff  17647209 Apr  8 08:08 raw/Imaging_12_1_25.xlsx
-rw-r--r--@ 1 ros  staff  2754198 Apr  8 08:08 raw/FNAs 12_5_2025.xlsx
thyroid_master.dvc missing
token_mode: motherduck.local.toml:MOTHERDUCK_TOKEN
token: SET len= 467
  Connected to MotherDuck (md:Thyroid 2026)
  MotherDuck connection verified (fail-closed gate passed)
Wrote studies/CURRENT_MOTHERDUCK_REPO_STATE.md
Wrote studies/20260413_full_execution_reaudit/fresh_current_state.md
=== 119 release-mode 2026-04-13T23:12:08Z ===
  Connected to MotherDuck (md:Thyroid 2026)
  MotherDuck connection verified (fail-closed gate passed)
=== MotherDuck Formalization Validation (RELEASE) ===

--- Check 1: MD Attachment ---
  [PASS] MD attachment: 14 databases attached

--- Check 2: Row Count Parity ---
  [PASS] Row count parity: 23 domains checked, all match
  [PASS] Canonical canonical_extracted_fact_long_v2: local=55,500  md=55,500
  [PASS] Canonical canonical_fact_quarantine_v2: local=199  md=199
  [WARN] Canonical note_extraction_runs: local parquet absent (processed/note_extraction_runs.parquet); md=3 — export parity not checked

--- Check 3: Schema Completeness ---
  [PASS] Schema completeness: Wide note-level v2 contract on 23 promoted table(s); entity_type/entity_value_* in main.canonical_extracted_fact_long_v2 (see docs/domain_mapping_rules.md). Example stems: note_entities_llm_imaging, note_entities_llm_tirads_granular, note_entities_llm_us_nodule_dynamics…

--- Check 4: Canonical Distribution ---
  [PASS] Canonical dist (canonical_extracted_fact_long_v2): 574 domains, 55,500 total rows
  [PASS] Canonical dist (canonical_fact_quarantine_v2): 69 domains, 199 total rows

--- Check 5: Review Queue ---
  [PASS] Review queue: 5,622 total, 5,622 reviewed, 0 pending

--- Check 5b: Publication review governance ---
  [PASS] Review queue (synthetic placeholder): no synthetic-placeholder verification_status in qa.manual_review_queue
  [PASS] Promotion decision provenance: 6 row(s); all have non-empty decision_batch_id

--- Check 6: QA Views ---
  [PASS] QA view promotion_scorecard_summary_v: 7 rows
  [PASS] QA view domain_validation_summary_v: 7 rows
  [PASS] QA view date_provenance_completeness_v: 23 rows
  [PASS] QA view manual_review_queue_summary_v: 21 rows

--- Check 7: Load Inventory ---
  [PASS] Load inventory: 270 entries, all match

--- Check 8: Release Schemas ---
  [PASS] Release schemas: 12 found: release_20260406, release_20260407, release_20260407_final, release_20260407_final2, release_20260407_tier, release_20260408, release_20260408r2, release_20260408r3, release_20260408r4, release_20260409, release_20260410, release_20260411

--- Check 9: Release Manifest ---
  [PASS] Release manifest: 12 release(s); latest: 20260408r4 (2026-04-08 08:56:49.086697)

--- Check 10: Canonical extraction_run_id (contract) ---
  [PASS] Canonical extraction_run_id: 55,500 rows; 0 blank (contract §3)

--- Check 11: Analyst presentation layer (master_*_verified_v1) ---
  [PASS] Presentation master_fact_long_verified_v1: 55,500 rows; core traceability non-null (reviewer_status may be NULL)
  [PASS] Presentation master_source_lineage_v1: 55,500 rows; core traceability non-null (reviewer_status may be NULL)
  [PASS] Presentation master_patient_rollup_verified_v1: 5,141 patient rows; research_id + release_tag + review metrics present

--- Check 12: Molecular normalized contract views ---
  [PASS] Molecular contract required columns: all 4 views expose required fields
  [PASS] Molecular results contract row parity: 10,862 live rows in contract view
  [PASS] Molecular result_id uniqueness: 10,862 rows; distinct molecular_result_id
  [PASS] Molecular contract non-empty: 10,862 contract rows
  [PASS] Molecular payload_checksum uniqueness: 10,862 non-null checksums; all distinct
  [PASS] Molecular provenance (results): 10,862 rows; lineage_id + ingestion_ts present
  [PASS] Molecular allele_fraction bounds: 1,640 variant rows; AF in [0,1] or NULL
  [PASS] Molecular variant_class enum: all variant_class values in {SNV,INDEL,FUSION,CNV,OTHER}
  [WARN] Molecular assay/panel_version pairing: 10,597 rows with assay_name but empty panel_version
  [WARN] Molecular assay_name dictionary match: 1 distinct assay_name value(s) not in molecular_assay_dictionary (expected for non-afirma panels such as ThyroSeq)

--- Check 12b: Molecular episode upstream spine ---
  [PASS] Molecular episode upstream spine: main.molecular_testing present alongside molecular_test_episode_v2

--- Check 13: Specimen + analytic FHIR layer ---
  [PASS] Specimen/FHIR tables present: 10 objects found
  [PASS] Specimen master fingerprint uniqueness: distinct fingerprints
  [PASS] qa.val_specimen_contract_v1: no FAIL rows recorded
  [PASS] qa.val_specimen_genomic_binding_v1: no FAIL rows recorded
  [PASS] Specimen/FHIR QA diagnostics (142 surfaces + focus metrics): clean
  [WARN] Specimen-adjacent review burden (open/pending): genomic_link_review open/pending=10155; specimen_merge_review open/pending=1

=== Summary: 35 PASS / 4 WARN / 0 FAIL ===

  [report] /Users/ros/THyroid 2026/studies/20260413_motherduck_formalization/validation_report.md
=== 152 dry-run 2026-04-13T23:12:56Z ===
=== 153 dry-run 2026-04-13T23:12:56Z ===
  Connected to MotherDuck (md:Thyroid 2026)
  MotherDuck connection verified (fail-closed gate passed)
[153] bethesda_category IS NULL before: 23
[153] dry-run Phase A match rows: 0
[153] dry-run Phase B match rows: 0
  Connected to MotherDuck (md:Thyroid 2026)
  MotherDuck connection verified (fail-closed gate passed)
[152] fna_episode_master_v2 bethesda_category IS NULL before: 23
[152] rows matchable from fna_cytology (preview): 0

=== 2026-04-13T23:15:43Z append session commands ===
git fetch origin && git pull --ff-only origin main
.venv/bin/python scripts/144_md_repo_current_state_summary.py --md --also-write studies/20260413_full_execution_reaudit/fresh_current_state.md
.venv/bin/python scripts/119_md_formalization_validate.py --md --release-mode | tee studies/20260413_motherduck_formalization/validation_report.md
.venv/bin/python scripts/152_fna_episode_bethesda_backfill_from_cytology.py --dry-run
.venv/bin/python scripts/153_fna_episode_bethesda_backfill_path_raw.py --dry-run
.venv/bin/python studies/20260413_full_execution_reaudit/run_full_execution_reaudit_readonly.py
cp fresh_current_state.md -> fresh_state.md
py_compile run_full_execution_reaudit_readonly.py
