======================================================================
  124 — MotherDuck Live Release Audit
  Tag  : 20260406
  Dir  : studies/md_live_release_20260406
  MD   : YES (fail-closed)
  Mode : dry-run
======================================================================
  Connected to MotherDuck (md:Thyroid 2026)
  MotherDuck connection verified (fail-closed gate passed)

======================================================================
  STEP: Preflight (MD attachment + database inventory)
======================================================================
  [PASS] MD attachment: 6 database(s) attached, md_confirmed=True
         1027  md_information_schema           None
         1090  thyroid_research_ro_v2          _share/thyroid_research_ro_v2/2558f066-1c5d-46a5-afbc-800fd5f7568d
         1092  sample_data                     _share/sample_data/23b0d623-1361-421d-ae77-62d701d471e6
         1094  Thyroid 2026                    Thyroid 2026
         1096  rosflow                         rosflow
         1098  my_db                           my_db
  [PASS] md_information_schema.databases: 3 row(s)
         {'name': 'my_db', 'uuid': UUID('e0db7fdc-5cb6-4f57-9944-6baadccd82c1'), 'created_ts': Timestamp('2026-03-07 02:53:36-0500', tz='America/New_York'), 'transient': False, 'historical_snapshot_retention': Timedelta('7 days 00:00:00'), 'type': 'DEFAULT'}
         {'name': 'rosflow', 'uuid': UUID('c8f55a3a-ab80-4f93-8bb1-74b55770ad39'), 'created_ts': Timestamp('2026-03-15 13:16:55-0400', tz='America/New_York'), 'transient': False, 'historical_snapshot_retention': Timedelta('7 days 00:00:00'), 'type': 'DEFAULT'}
         {'name': 'Thyroid 2026', 'uuid': UUID('b64d4ec9-aafb-49cc-bf39-d1dfd85e68dc'), 'created_ts': Timestamp('2026-04-02 04:31:53-0400', tz='America/New_York'), 'transient': False, 'historical_snapshot_retention': Timedelta('7 days 00:00:00'), 'type': 'DUCKLAKE'}
  [INFO] Schemas present: hn, kaggle, main, mm_contract_dev, nyc, qa, release_20260407, release_20260408, release_20260409, stackoverflow_survey, v2_stage, who
  [INFO] Snapshot retention query: Catalog Error: Table with name snapshots does not exist!
Did you mean "storage_info_history"?

LINE 1: SELECT * FROM md_information_schema.snapshots
                      ^ (may be unavailable on this plan tier)
  [write] preflight_db_list.json

======================================================================
  STEP: Stage refresh (116)
  CMD : /Users/ros/THyroid 2026/THYROID_2026/.venv/bin/python /Users/ros/THyroid 2026/THYROID_2026/scripts/116_md_stage_loader.py --md --dry-run
  LOG : stage_refresh_output.log
======================================================================
  [inventory] 30 parquets to load
  Connected to MotherDuck (md:Thyroid 2026)
  MotherDuck connection verified (fail-closed gate passed)
  [dry-run] Would execute:
    CREATE SCHEMA IF NOT EXISTS v2_stage
    CREATE OR REPLACE TABLE v2_stage.note_entities_llm_imaging  (11,037 rows from note_entities_llm_imaging.parquet)
    CREATE OR REPLACE TABLE v2_stage.note_entities_llm_tirads_granular  (11,037 rows from note_entities_llm_tirads_granular.parquet)
    CREATE OR REPLACE TABLE v2_stage.note_entities_llm_us_nodule_dynamics  (11,037 rows from note_entities_llm_us_nodule_dynamics.parquet)
    CREATE OR REPLACE TABLE v2_stage.note_entities_llm_labs  (11,037 rows from note_entities_llm_labs.parquet)
    CREATE OR REPLACE TABLE v2_stage.note_entities_llm_tg_kinetics  (11,037 rows from note_entities_llm_tg_kinetics.parquet)
    CREATE OR REPLACE TABLE v2_stage.note_entities_llm_pathology  (11,037 rows from note_entities_llm_pathology.parquet)
    CREATE OR REPLACE TABLE v2_stage.note_entities_llm_synoptic_pathology_enrichment  (11,037 rows from note_entities_llm_synoptic_pathology_enrichment.parquet)
    CREATE OR REPLACE TABLE v2_stage.note_entities_llm_rai_detailed  (11,037 rows from note_entities_llm_rai_detailed.parquet)
    CREATE OR REPLACE TABLE v2_stage.note_entities_llm_rad_treatment  (11,037 rows from note_entities_llm_rad_treatment.parquet)
    CREATE OR REPLACE TABLE v2_stage.note_entities_llm_parathyroid_detail  (11,037 rows from note_entities_llm_parathyroid_detail.parquet)
    CREATE OR REPLACE TABLE v2_stage.note_entities_llm_recurrence  (11,037 rows from note_entities_llm_recurrence.parquet)
    CREATE OR REPLACE TABLE v2_stage.note_entities_llm_survival_followup  (11,037 rows from note_entities_llm_survival_followup.parquet)
    CREATE OR REPLACE TABLE v2_stage.note_entities_llm_cervical_ln_detail  (11,037 rows from note_entities_llm_cervical_ln_detail.parquet)
    CREATE OR REPLACE TABLE v2_stage.note_entities_llm_functional_outcomes  (11,037 rows from note_entities_llm_functional_outcomes.parquet)
    CREATE OR REPLACE TABLE v2_stage.note_entities_llm_past_medical_hx  (11,037 rows from note_entities_llm_past_medical_hx.parquet)
    CREATE OR REPLACE TABLE v2_stage.note_entities_llm_past_surgical_hx  (11,037 rows from note_entities_llm_past_surgical_hx.parquet)
    CREATE OR REPLACE TABLE v2_stage.note_entities_llm_presenting_symptoms  (11,037 rows from note_entities_llm_presenting_symptoms.parquet)
    CREATE OR REPLACE TABLE v2_stage.note_entities_llm_physical_exam  (11,037 rows from note_entities_llm_physical_exam.parquet)
    CREATE OR REPLACE TABLE v2_stage.note_entities_llm_vascular_invasion  (11,037 rows from note_entities_llm_vascular_invasion.parquet)
    CREATE OR REPLACE TABLE v2_stage.note_entities_llm_airway_invasion  (11,037 rows from note_entities_llm_airway_invasion.parquet)
    CREATE OR REPLACE TABLE v2_stage.note_entities_llm_frozen_section_detail  (11,037 rows from note_entities_llm_frozen_section_detail.parquet)
    CREATE OR REPLACE TABLE v2_stage.note_entities_llm_dynamic_risk_response  (11,037 rows from note_entities_llm_dynamic_risk_response.parquet)
    CREATE OR REPLACE TABLE v2_stage.note_entities_llm_patient_decision_adherence  (11,037 rows from note_entities_llm_patient_decision_adherence.parquet)
    CREATE OR REPLACE TABLE v2_stage.note_entities_llm_recurrence_detailed  (11,037 rows from note_entities_llm_recurrence_detailed.parquet)
    CREATE OR REPLACE TABLE v2_stage.note_entities_llm_complications_rln_laryngoscopy  (11,037 rows from note_entities_llm_complications_rln_laryngoscopy.parquet)
    CREATE OR REPLACE TABLE v2_stage.note_entities_llm_medication_management  (11,037 rows from note_entities_llm_medication_management.parquet)
    CREATE OR REPLACE TABLE v2_stage.note_entities_llm_operative_details  (11,037 rows from note_entities_llm_operative_details.parquet)
    CREATE OR REPLACE TABLE v2_stage.note_entities_llm_operative_v2_enrichment  (11,037 rows from note_entities_llm_operative_v2_enrichment.parquet)
    CREATE OR REPLACE TABLE v2_stage.note_entities_llm_parathyroid_per_gland  (11,037 rows from note_entities_llm_parathyroid_per_gland.parquet)
    CREATE OR REPLACE TABLE v2_stage.note_entities_llm_molecular_thyroseq_afirma  (11,037 rows from note_entities_llm_molecular_thyroseq_afirma.parquet)
    30 inventory rows into v2_stage.load_inventory
  [Stage refresh (116)] OK (exit 0)

======================================================================
  STEP: Promotion gate (112)
  CMD : /Users/ros/THyroid 2026/THYROID_2026/.venv/bin/python /Users/ros/THyroid 2026/THYROID_2026/scripts/112_v2_domain_promotion_gate.py --run-label promote_20260407_0000 --output-dir studies/md_live_release_20260406/promotion_gate --motherduck-check
  LOG : promotion_gate_output.log
======================================================================
00:00:36  INFO      Output directory: studies/md_live_release_20260406/promotion_gate
00:00:36  INFO      Phase 1: Domain Inventory
00:00:36  INFO      Registry domains: 31
00:00:36  INFO      On-disk v2 parquets: 37
00:00:36  INFO      Domain inventory: 44 rows (36 with parquets)
00:00:36  INFO      Phase 2: Per-Domain Validation
00:00:36  INFO        Validating imaging                                   (? rows expected)
00:00:36  INFO      Expanded v2 combined input: 11037 note rows -> 8428 entity rows
00:00:36  INFO        Validating tirads_granular                           (? rows expected)
00:00:36  INFO      Expanded v2 combined input: 11037 note rows -> 179 entity rows
00:00:36  INFO        Validating us_nodule_dynamics                        (? rows expected)
00:00:36  INFO      Expanded v2 combined input: 11037 note rows -> 49 entity rows
00:00:36  INFO        Validating labs                                      (? rows expected)
00:00:36  INFO      Expanded v2 combined input: 11037 note rows -> 2460 entity rows
00:00:36  INFO        Validating tg_kinetics                               (? rows expected)
00:00:37  INFO      Expanded v2 combined input: 11037 note rows -> 173 entity rows
00:00:37  INFO        Validating pathology                                 (? rows expected)
00:00:37  INFO      Expanded v2 combined input: 11037 note rows -> 10894 entity rows
00:00:37  INFO        Validating synoptic_pathology_enrichment             (? rows expected)
00:00:37  INFO      Expanded v2 combined input: 11037 note rows -> 38 entity rows
00:00:37  INFO        Validating rai_detailed                              (? rows expected)
00:00:38  INFO      Expanded v2 combined input: 11037 note rows -> 3747 entity rows
00:00:38  INFO        Validating rad_treatment                             (? rows expected)
00:00:38  INFO      Expanded v2 combined input: 11037 note rows -> 519 entity rows
00:00:38  INFO        Validating parathyroid_detail                        (? rows expected)
00:00:38  INFO      Expanded v2 combined input: 11037 note rows -> 255 entity rows
00:00:38  INFO        Validating recurrence                                (? rows expected)
00:00:38  INFO      Expanded v2 combined input: 11037 note rows -> 303 entity rows
00:00:38  INFO        Validating survival_followup                         (? rows expected)
00:00:39  INFO      Expanded v2 combined input: 11037 note rows -> 9809 entity rows
00:00:39  INFO        Validating cervical_ln_detail                        (? rows expected)
00:00:39  INFO      Expanded v2 combined input: 11037 note rows -> 104 entity rows
00:00:39  INFO        Validating functional_outcomes                       (? rows expected)
00:00:39  INFO      Expanded v2 combined input: 11037 note rows -> 3322 entity rows
00:00:39  INFO        Validating past_medical_hx                           (? rows expected)
00:00:39  INFO      Expanded v2 combined input: 11037 note rows -> 865 entity rows
00:00:39  INFO        Validating past_surgical_hx                          (? rows expected)
00:00:40  INFO      Expanded v2 combined input: 11037 note rows -> 3919 entity rows
00:00:40  INFO        Validating presenting_symptoms                       (? rows expected)
00:00:40  INFO      Expanded v2 combined input: 11037 note rows -> 280 entity rows
00:00:40  INFO        Validating physical_exam                             (? rows expected)
00:00:40  INFO      Expanded v2 combined input: 11037 note rows -> 1924 entity rows
00:00:40  INFO        Validating vascular_invasion                         (? rows expected)
00:00:40  INFO      Expanded v2 combined input: 11037 note rows -> 4241 entity rows
00:00:40  INFO        Validating airway_invasion                           (? rows expected)
00:00:40  INFO      Expanded v2 combined input: 11037 note rows -> 3116 entity rows
00:00:40  INFO        Validating frozen_section_detail                     (? rows expected)
00:00:40  INFO      Expanded v2 combined input: 11037 note rows -> 380 entity rows
00:00:40  INFO        Validating dynamic_risk_response                     (? rows expected)
00:00:40  INFO      Expanded v2 combined input: 11037 note rows -> 53 entity rows
00:00:40  INFO        Validating patient_decision_adherence                (? rows expected)
00:00:41  INFO      Expanded v2 combined input: 11037 note rows -> 641 entity rows
00:00:41  INFO      Phase 3: Cross-Domain Concordance
00:00:41  INFO      Expanded v2 combined input: 11037 note rows -> 8428 entity rows
00:00:41  INFO      Expanded v2 combined input: 11037 note rows -> 179 entity rows
00:00:41  INFO      Expanded v2 combined input: 11037 note rows -> 49 entity rows
00:00:41  INFO      Expanded v2 combined input: 11037 note rows -> 2460 entity rows
00:00:42  INFO      Expanded v2 combined input: 11037 note rows -> 173 entity rows
00:00:42  INFO      Expanded v2 combined input: 11037 note rows -> 10894 entity rows
00:00:42  INFO      Expanded v2 combined input: 11037 note rows -> 38 entity rows
00:00:42  INFO      Expanded v2 combined input: 11037 note rows -> 3747 entity rows
00:00:42  INFO      Expanded v2 combined input: 11037 note rows -> 519 entity rows
00:00:42  INFO      Expanded v2 combined input: 11037 note rows -> 255 entity rows
00:00:42  INFO      Expanded v2 combined input: 11037 note rows -> 303 entity rows
00:00:43  INFO      Expanded v2 combined input: 11037 note rows -> 9809 entity rows
00:00:43  INFO      Expanded v2 combined input: 11037 note rows -> 104 entity rows
00:00:43  INFO      Expanded v2 combined input: 11037 note rows -> 3322 entity rows
00:00:43  INFO      Expanded v2 combined input: 11037 note rows -> 865 entity rows
00:00:43  INFO      Expanded v2 combined input: 11037 note rows -> 3919 entity rows
00:00:43  INFO      Expanded v2 combined input: 11037 note rows -> 280 entity rows
00:00:44  INFO      Expanded v2 combined input: 11037 note rows -> 1924 entity rows
00:00:44  INFO      Expanded v2 combined input: 11037 note rows -> 4241 entity rows
00:00:44  INFO      Expanded v2 combined input: 11037 note rows -> 3116 entity rows
00:00:44  INFO      Expanded v2 combined input: 11037 note rows -> 380 entity rows
00:00:44  INFO      Expanded v2 combined input: 11037 note rows -> 53 entity rows
00:00:45  INFO      Expanded v2 combined input: 11037 note rows -> 641 entity rows
00:00:45  INFO      Combined entity DataFrame: 55699 rows from 23 domain files
00:00:45  INFO      Classifying 55699 entity rows into comparison domains
00:00:47  INFO      Comparison domains: complications, genetics, medications, operative_detail, problem_list, procedures, staging
00:00:47  INFO      Building baseline (note_entities_*) comparators
00:00:49  INFO      Building structured (canonical tables) comparators
00:00:50  INFO      Building side-by-side concordance
00:00:53  INFO        => llm_side_by_side.parquet    55,699 rows x  78 cols  (4.55 MB)
00:00:53  INFO      Phase 4: Manual Review Queue (strict)
00:00:53  INFO      Manual review queue: 5622 rows
00:00:53  INFO      Phase 5: Promotion Gate
00:00:53  INFO        Running G8 MotherDuck parity check
00:00:57  INFO      Phase 6: Reports & MotherDuck Artifacts

======================================================================
  V2 DOMAIN PROMOTION GATE — PASS
======================================================================
  [PASS]  G1: Domain completeness (v2 only)
  [PASS]  G2: Schema compliance (core columns)
  [PASS]  G3: Provenance columns
  [PASS]  G4: Duplicate rate
  [PASS]  G5: Date coverage (critical domains)
  [PASS]  G6: Concordance floor (critical domains)
  [PASS]  G7: Unresolved discordance
  [PASS]  G8: MotherDuck v2_stage parity
======================================================================
  Artifacts: studies/md_live_release_20260406/promotion_gate
  Verdict:   PASS
======================================================================

  [Promotion gate (112)] OK (exit 0)

======================================================================
  STEP: Canonical materialization (103)
  CMD : /Users/ros/THyroid 2026/THYROID_2026/.venv/bin/python /Users/ros/THyroid 2026/THYROID_2026/scripts/103_fact_lineage_materialize.py --md --dry-run
  LOG : canonical_output.log
======================================================================
/Users/ros/THyroid 2026/THYROID_2026/scripts/103_fact_lineage_materialize.py:714: FutureWarning: The behavior of DataFrame concatenation with empty or all-NA entries is deprecated. In a future version, this will no longer exclude empty or all-NA columns when determining the result dtypes. To retain the old behavior, exclude the relevant entries before the concat operation.
  uni = pd.concat(aligned, ignore_index=True)
======================================================================
  103 — canonical_extracted_fact_long (v1 + v2) + quarantine
  Registry: YAML-driven
  Domains: 30
======================================================================
  loaded note_entities_staging: 3,807 rows  [family=pathology]
  loaded note_entities_genetics: 1,738 rows  [family=molecular]
  loaded note_entities_procedures: 21,942 rows  [family=operative]
  loaded note_entities_operative_detail: 12,151 rows  [family=operative]
  loaded note_entities_complications: 9,359 rows  [family=operative]
  loaded note_entities_medications: 7,501 rows  [family=followup]
  loaded note_entities_problem_list: 11,579 rows  [family=demographics]
    expanded fleet format: 11,037 note rows → 8,428 entity rows
  loaded note_entities_llm_imaging: 8,428 rows  [family=imaging]
    expanded fleet format: 11,037 note rows → 179 entity rows
  loaded note_entities_llm_tirads_granular: 179 rows  [family=imaging]
    expanded fleet format: 11,037 note rows → 49 entity rows
  loaded note_entities_llm_us_nodule_dynamics: 49 rows  [family=imaging]
    expanded fleet format: 11,037 note rows → 2,460 entity rows
  loaded note_entities_llm_labs: 2,460 rows  [family=followup]
    expanded fleet format: 11,037 note rows → 173 entity rows
  loaded note_entities_llm_tg_kinetics: 173 rows  [family=followup]
    expanded fleet format: 11,037 note rows → 10,894 entity rows
  loaded note_entities_llm_pathology: 10,894 rows  [family=pathology]
    expanded fleet format: 11,037 note rows → 38 entity rows
  loaded note_entities_llm_synoptic_pathology_enrichment: 38 rows  [family=pathology]
    expanded fleet format: 11,037 note rows → 3,747 entity rows
  loaded note_entities_llm_rai_detailed: 3,747 rows  [family=rai]
    expanded fleet format: 11,037 note rows → 519 entity rows
  loaded note_entities_llm_rad_treatment: 519 rows  [family=rai]
    expanded fleet format: 11,037 note rows → 255 entity rows
  loaded note_entities_llm_parathyroid_detail: 255 rows  [family=operative]
    expanded fleet format: 11,037 note rows → 303 entity rows
  loaded note_entities_llm_recurrence: 303 rows  [family=followup]
    expanded fleet format: 11,037 note rows → 9,809 entity rows
  loaded note_entities_llm_survival_followup: 9,809 rows  [family=followup]
    expanded fleet format: 11,037 note rows → 104 entity rows
  loaded note_entities_llm_cervical_ln_detail: 104 rows  [family=pathology]
    expanded fleet format: 11,037 note rows → 3,322 entity rows
  loaded note_entities_llm_functional_outcomes: 3,322 rows  [family=followup]
    expanded fleet format: 11,037 note rows → 865 entity rows
  loaded note_entities_llm_past_medical_hx: 865 rows  [family=demographics]
    expanded fleet format: 11,037 note rows → 3,919 entity rows
  loaded note_entities_llm_past_surgical_hx: 3,919 rows  [family=demographics]
    expanded fleet format: 11,037 note rows → 280 entity rows
  loaded note_entities_llm_presenting_symptoms: 280 rows  [family=demographics]
    expanded fleet format: 11,037 note rows → 1,924 entity rows
  loaded note_entities_llm_physical_exam: 1,924 rows  [family=demographics]
    expanded fleet format: 11,037 note rows → 4,241 entity rows
  loaded note_entities_llm_vascular_invasion: 4,241 rows  [family=pathology]
    expanded fleet format: 11,037 note rows → 3,116 entity rows
  loaded note_entities_llm_airway_invasion: 3,116 rows  [family=operative]
    expanded fleet format: 11,037 note rows → 380 entity rows
  loaded note_entities_llm_frozen_section_detail: 380 rows  [family=operative]
    expanded fleet format: 11,037 note rows → 53 entity rows
  loaded note_entities_llm_dynamic_risk_response: 53 rows  [family=followup]
    expanded fleet format: 11,037 note rows → 641 entity rows
  loaded note_entities_llm_patient_decision_adherence: 641 rows  [family=followup]
  warn: clinical_notes_long has no note_row_id; skip provenance merge (clin_* columns unset)
  multi-surgery patients: 0
  inferred episode linkage (family-specific)
  v1 split: clean=68,077  quarantined=0
  v2 split: clean=123,577  quarantined=199
  dry-run: v1 clean=68,077 → canonical_extracted_fact_long_v1.parquet
  dry-run: v1 quarantine=0 → canonical_fact_quarantine_v1.parquet
  dry-run: v2 clean=123,577 → canonical_extracted_fact_long_v2.parquet
  dry-run: v2 quarantine=199 → canonical_fact_quarantine_v2.parquet

# Fact Lineage QC Report

Generated: 2026-04-07 04:01 UTC

## Row Counts

| Output | Rows |
|--------|------|
| canonical_extracted_fact_long_v1 | 68,077 |
| canonical_fact_quarantine_v1 | 0 |
| canonical_extracted_fact_long_v2 | 123,577 |
| canonical_fact_quarantine_v2 | 199 |

## V2 Clean Facts by Domain

| Domain | Rows | Linked % |
|--------|------|----------|
| airway_invasion | 3,076 | 0.0% |
| cervical_ln_detail | 104 | 0.0% |
| complications | 9,359 | 0.0% |
| dynamic_risk_response | 52 | 0.0% |
| frozen_section_detail | 375 | 0.0% |
| functional_outcomes | 3,289 | 0.0% |
| genetics | 1,738 | 0.0% |
| imaging | 8,403 | 0.0% |
| labs | 2,447 | 0.0% |
| medications | 7,501 | 0.0% |
| operative_detail | 12,151 | 0.0% |
| parathyroid_detail | 248 | 0.0% |
| past_medical_hx | 865 | 0.0% |
| past_surgical_hx | 3,918 | 0.0% |
| pathology | 10,867 | 0.0% |
| patient_decision_adherence | 640 | 0.0% |
| physical_exam | 1,919 | 0.0% |
| presenting_symptoms | 279 | 0.0% |
| problem_list | 11,579 | 0.0% |
| procedures | 21,942 | 0.0% |
| rad_treatment | 518 | 0.0% |
| rai_detailed | 3,744 | 0.0% |
| recurrence | 281 | 0.0% |
| staging | 3,807 | 0.0% |
| survival_followup | 9,806 | 0.0% |
| synoptic_pathology_enrichment | 38 | 0.0% |
| tg_kinetics | 167 | 0.0% |
| tirads_granular | 176 | 0.0% |
| us_nodule_dynamics | 47 | 0.0% |
| vascular_invasion | 4,241 | 0.0% |

## V2 Quarantine Reasons

| Reason | Count |
|--------|-------|
| low_confidence_llm_date | 199 |

## V2 Unresolved Episode Linkage

Unlinked rows in clean v2: 123,577

## Duplicate Facts

Duplicate rows (on dedup key): 14,778

## Linkage Family Distribution (V2 clean)

| Family | Domains | Rows |
|--------|---------|------|
| demographics | 5 | 18,560 |
| followup | 8 | 24,183 |
| imaging | 3 | 8,626 |
| molecular | 1 | 1,738 |
| operative | 6 | 47,151 |
| pathology | 5 | 19,057 |
| rai | 2 | 4,262 |
  [Canonical materialization (103)] OK (exit 0)

======================================================================
  STEP: QA schema setup (114)
  CMD : /Users/ros/THyroid 2026/THYROID_2026/.venv/bin/python /Users/ros/THyroid 2026/THYROID_2026/scripts/114_qa_schema_setup.py --md
  LOG : qa_setup_output.log
======================================================================
  Connected to MotherDuck (md:Thyroid 2026)
  MotherDuck connection verified (fail-closed gate passed)
  [ddl] qa schema and tables created/verified
  [verify] schemas with tables: ['hn', 'kaggle', 'main', 'mm_contract_dev', 'nyc', 'qa', 'release_20260407', 'release_20260408', 'release_20260409', 'stackoverflow_survey', 'v2_stage', 'who']
  [verify] qa tables: ['concordance_summary', 'concordance_summary', 'date_provenance_completeness_v', 'date_provenance_completeness_v', 'domain_validation', 'domain_validation', 'domain_validation_summary_v', 'domain_validation_summary_v', 'manual_review_queue', 'manual_review_queue', 'manual_review_queue_summary_v', 'manual_review_queue_summary_v', 'promotion_review_decisions', 'promotion_review_decisions', 'promotion_scorecard', 'promotion_scorecard', 'promotion_scorecard_summary_v', 'promotion_scorecard_summary_v', 'release_manifest', 'release_manifest', 'tg_lab_ingestion_qc', 'tg_lab_ingestion_qc']
  [done] qa schema setup complete
  [QA schema setup (114)] OK (exit 0)

======================================================================
  STEP: Contract views (117)
  CMD : /Users/ros/THyroid 2026/THYROID_2026/.venv/bin/python /Users/ros/THyroid 2026/THYROID_2026/scripts/117_md_contract_views.py --md --dry-run
  LOG : contract_views_output.log
======================================================================
  Connected to MotherDuck (md:Thyroid 2026)
  MotherDuck connection verified (fail-closed gate passed)
=== Phase 2: Canonical table materialization ===
  [dry-run] main.canonical_extracted_fact_long_v2: 123,577 rows from canonical_extracted_fact_long_v2.parquet
  [dry-run] main.canonical_fact_quarantine_v2: 199 rows from canonical_fact_quarantine_v2.parquet
  [dry-run] main.note_extraction_runs: 3 rows from note_extraction_runs.parquet
  [dry-run] main.longitudinal_lab_canonical_v1: 76,971 rows from longitudinal_lab_canonical_v1.parquet
  [dry-run] main.thyroglobulin_lab_canonical_v1: 76,971 rows from thyroglobulin_lab_canonical_v1.parquet

=== Phase 3: Episode/linkage contract tables ===
  [dry-run] main.tumor_episode_master_v2: 11,691 rows from tumor_episode_master_v2.parquet
  [dry-run] main.molecular_test_episode_v2: 10,126 rows from molecular_test_episode_v2.parquet
  [dry-run] main.rai_treatment_episode_v2: 1,857 rows from rai_treatment_episode_v2.parquet
  [dry-run] main.operative_episode_detail_v2: 9,371 rows from operative_episode_detail_v2.parquet

=== Contract views (DDL) ===
  [dry-run] CREATE OR REPLACE VIEW main.longitudinal_lab_deduped_v AS WITH ranked AS (     S...
  [dry-run] CREATE OR REPLACE VIEW main.linkage_summary_v AS SELECT     t.research_id,     C...
  [dry-run] CREATE OR REPLACE VIEW main.episode_completeness_summary_v AS SELECT     'tumor_...

  [done] contract views setup complete
  [Contract views (117)] OK (exit 0)

======================================================================
  STEP: Presentation views (125)
  CMD : /Users/ros/THyroid 2026/THYROID_2026/.venv/bin/python /Users/ros/THyroid 2026/THYROID_2026/scripts/125_master_verified_views.py --md --dry-run
  LOG : presentation_views_output.log
======================================================================
======================================================================
  125 — master verified views (analyst presentation layer)
======================================================================
  Connected to MotherDuck (md:Thyroid 2026)
  MotherDuck connection verified (fail-closed gate passed)

  [dry-run] master_fact_long_verified_v1
            One row per extracted entity fact; joins canonical_extracted_fact_long_v2 with reviewer status and latest release tag.
  DDL preview (first 4 lines):
    CREATE OR REPLACE VIEW main.master_fact_long_verified_v1 AS
    WITH latest_release AS (
        SELECT release_tag
        FROM   qa.release_manifest
    ...

  [dry-run] master_patient_rollup_verified_v1
            Per-patient summary: fact counts by linkage family, review coverage, release tag.
  DDL preview (first 4 lines):
    CREATE OR REPLACE VIEW main.master_patient_rollup_verified_v1 AS
    SELECT
        f.research_id,
        COUNT(*)                                                    AS total_facts,
    ...

  [dry-run] master_source_lineage_v1
            Full provenance chain from extraction run to reviewer decision to release tag.
  DDL preview (first 4 lines):
    CREATE OR REPLACE VIEW main.master_source_lineage_v1 AS
    SELECT
        f.research_id,
        -- source domain and object identity
    ...
======================================================================
  DONE (dry-run — no views created)
======================================================================
  [Presentation views (125)] OK (exit 0)

======================================================================
  STEP: Release snapshot (115)
  CMD : /Users/ros/THyroid 2026/THYROID_2026/.venv/bin/python /Users/ros/THyroid 2026/THYROID_2026/scripts/115_release_snapshot.py --tag 20260406 --md --dry-run
  LOG : release_snapshot_output.log
======================================================================
  Connected to MotherDuck (md:Thyroid 2026)
  MotherDuck connection verified (fail-closed gate passed)
  [dry-run] CREATE SCHEMA release_20260406
  [dry-run] CREATE TABLE release_20260406.canonical_extracted_fact_long_v1 AS SELECT *, '20260406' AS release_tag FROM main.canonical_extracted_fact_long_v1
  [dry-run] CREATE TABLE release_20260406.canonical_extracted_fact_long_v2 AS SELECT *, '20260406' AS release_tag FROM main.canonical_extracted_fact_long_v2
  [dry-run] CREATE TABLE release_20260406.canonical_fact_quarantine_v1 AS SELECT *, '20260406' AS release_tag FROM main.canonical_fact_quarantine_v1
  [dry-run] CREATE TABLE release_20260406.canonical_fact_quarantine_v2 AS SELECT *, '20260406' AS release_tag FROM main.canonical_fact_quarantine_v2
  [dry-run] CREATE TABLE release_20260406.thyroglobulin_lab_canonical_v1 AS SELECT *, '20260406' AS release_tag FROM main.thyroglobulin_lab_canonical_v1
  [dry-run] CREATE TABLE release_20260406.note_extraction_runs AS SELECT *, '20260406' AS release_tag FROM main.note_extraction_runs
  [dry-run] INSERT INTO qa.release_manifest ...
  [Release snapshot (115)] OK (exit 0)

======================================================================
  STEP: Parquet release bundle (118)
  CMD : /Users/ros/THyroid 2026/THYROID_2026/.venv/bin/python /Users/ros/THyroid 2026/THYROID_2026/scripts/118_parquet_release_bundle.py --tag 20260406 --md --dry-run
  LOG : parquet_bundle_output.log
======================================================================
  Connected to MotherDuck (md:Thyroid 2026)
  MotherDuck connection verified (fail-closed gate passed)
=== Parquet Release Bundle: 20260406 ===
  Output: /Users/ros/THyroid 2026/THYROID_2026/exports/parquet_release_20260406

--- main schema ---
  [dry-run] main.canonical_extracted_fact_long_v2: 123,577 rows -> canonical_extracted_fact_long_v2.parquet
  [dry-run] main.canonical_fact_quarantine_v2: 199 rows -> canonical_fact_quarantine_v2.parquet
  [dry-run] main.note_extraction_runs: 3 rows -> note_extraction_runs.parquet
  [dry-run] main.tumor_episode_master_v2: 11,691 rows -> tumor_episode_master_v2.parquet
  [dry-run] main.molecular_test_episode_v2: 10,126 rows -> molecular_test_episode_v2.parquet
  [dry-run] main.rai_treatment_episode_v2: 1,857 rows -> rai_treatment_episode_v2.parquet
  [dry-run] main.operative_episode_detail_v2: 9,371 rows -> operative_episode_detail_v2.parquet
  [dry-run] main.note_entities_llm_imaging: 11,037 rows -> note_entities_llm_imaging.parquet
  [dry-run] main.note_entities_llm_tirads_granular: 11,037 rows -> note_entities_llm_tirads_granular.parquet
  [dry-run] main.note_entities_llm_us_nodule_dynamics: 11,037 rows -> note_entities_llm_us_nodule_dynamics.parquet
  [dry-run] main.note_entities_llm_labs: 11,037 rows -> note_entities_llm_labs.parquet
  [dry-run] main.note_entities_llm_tg_kinetics: 11,037 rows -> note_entities_llm_tg_kinetics.parquet
  [dry-run] main.note_entities_llm_pathology: 11,037 rows -> note_entities_llm_pathology.parquet
  [dry-run] main.note_entities_llm_synoptic_pathology_enrichment: 11,037 rows -> note_entities_llm_synoptic_pathology_enrichment.parquet
  [dry-run] main.note_entities_llm_rai_detailed: 11,037 rows -> note_entities_llm_rai_detailed.parquet
  [dry-run] main.note_entities_llm_rad_treatment: 11,037 rows -> note_entities_llm_rad_treatment.parquet
  [dry-run] main.note_entities_llm_parathyroid_detail: 11,037 rows -> note_entities_llm_parathyroid_detail.parquet
  [dry-run] main.note_entities_llm_recurrence: 11,037 rows -> note_entities_llm_recurrence.parquet
  [dry-run] main.note_entities_llm_survival_followup: 11,037 rows -> note_entities_llm_survival_followup.parquet
  [dry-run] main.note_entities_llm_cervical_ln_detail: 11,037 rows -> note_entities_llm_cervical_ln_detail.parquet
  [dry-run] main.note_entities_llm_functional_outcomes: 11,037 rows -> note_entities_llm_functional_outcomes.parquet
  [dry-run] main.note_entities_llm_past_medical_hx: 11,037 rows -> note_entities_llm_past_medical_hx.parquet
  [dry-run] main.note_entities_llm_past_surgical_hx: 11,037 rows -> note_entities_llm_past_surgical_hx.parquet
  [dry-run] main.note_entities_llm_presenting_symptoms: 11,037 rows -> note_entities_llm_presenting_symptoms.parquet
  [dry-run] main.note_entities_llm_physical_exam: 11,037 rows -> note_entities_llm_physical_exam.parquet
  [dry-run] main.note_entities_llm_vascular_invasion: 11,037 rows -> note_entities_llm_vascular_invasion.parquet
  [dry-run] main.note_entities_llm_airway_invasion: 11,037 rows -> note_entities_llm_airway_invasion.parquet
  [dry-run] main.note_entities_llm_frozen_section_detail: 11,037 rows -> note_entities_llm_frozen_section_detail.parquet
  [dry-run] main.note_entities_llm_dynamic_risk_response: 11,037 rows -> note_entities_llm_dynamic_risk_response.parquet
  [dry-run] main.note_entities_llm_patient_decision_adherence: 11,037 rows -> note_entities_llm_patient_decision_adherence.parquet

--- qa schema ---
  [dry-run] qa.promotion_scorecard: 40 rows -> promotion_scorecard.parquet
  [dry-run] qa.domain_validation: 115 rows -> domain_validation.parquet
  [dry-run] qa.manual_review_queue: 11,244 rows -> manual_review_queue.parquet

  [summary] 33 files, 422,074 total rows
  [done] Release bundle (dry-run) created at /Users/ros/THyroid 2026/THYROID_2026/exports/parquet_release_20260406
  [Parquet release bundle (118)] OK (exit 0)

======================================================================
  STEP: Formalization validation (119)
  CMD : /Users/ros/THyroid 2026/THYROID_2026/.venv/bin/python /Users/ros/THyroid 2026/THYROID_2026/scripts/119_md_formalization_validate.py --output-dir studies/md_live_release_20260406/validation_run --md
  LOG : validation_output.log
======================================================================
  Connected to MotherDuck (md:Thyroid 2026)
  MotherDuck connection verified (fail-closed gate passed)
=== MotherDuck Formalization Validation (STRUCTURAL) ===

--- Check 1: MD Attachment ---
  [PASS] MD attachment: 6 databases attached

--- Check 2: Row Count Parity ---
  [PASS] Row count parity: 23 domains checked, all match
  [PASS] Canonical canonical_extracted_fact_long_v2: local=123,577  md=123,577
  [PASS] Canonical canonical_fact_quarantine_v2: local=199  md=199
  [PASS] Canonical note_extraction_runs: local=3  md=3

--- Check 3: Schema Completeness ---
  [PASS] Schema completeness: Wide note-level v2 contract on 23 promoted table(s); entity_type/entity_value_* in main.canonical_extracted_fact_long_v2 (see docs/domain_mapping_rules.md). Example stems: note_entities_llm_imaging, note_entities_llm_tirads_granular, note_entities_llm_us_nodule_dynamics…

--- Check 4: Canonical Distribution ---
  [PASS] Canonical dist (canonical_extracted_fact_long_v2): 594 domains, 123,577 total rows
  [PASS] Canonical dist (canonical_fact_quarantine_v2): 69 domains, 199 total rows

--- Check 5: Review Queue ---
  [PASS] Review queue: 11,244 total, 5,622 reviewed, 5,622 pending

--- Check 6: QA Views ---
  [PASS] QA view promotion_scorecard_summary_v: 5 rows
  [PASS] QA view domain_validation_summary_v: 5 rows
  [PASS] QA view date_provenance_completeness_v: 23 rows
  [PASS] QA view manual_review_queue_summary_v: 27 rows

--- Check 7: Load Inventory ---
  [PASS] Load inventory: 90 entries, all match

--- Check 8: Release Schemas ---
  [PASS] Release schemas: 3 found: release_20260407, release_20260408, release_20260409

=== Summary: 15 PASS / 0 WARN / 0 FAIL ===

  [report] studies/md_live_release_20260406/validation_run/validation_report.md
  [Formalization validation (119)] OK (exit 0)
  [copy] validation_report.md
  [write] audit_summary.md

======================================================================
  124 — DONE
  Verdict : PASS
  Audit dir: studies/md_live_release_20260406
======================================================================
