======================================================================
  124 — MotherDuck Live Release Audit
  Tag  : 20260406
  Dir  : studies/md_live_release_20260406
  MD   : YES (fail-closed)
  Mode : FINAL-RELEASE
======================================================================
  Connected to MotherDuck (md:Thyroid 2026)
  MotherDuck connection verified (fail-closed gate passed)

======================================================================
  STEP: Preflight (MD attachment + database inventory)
======================================================================
  [PASS] MD attachment: 6 database(s) attached, md_confirmed=True
         1027  md_information_schema           None
         1090  thyroid_research_ro_v2          _share/thyroid_research_ro_v2/2558f066-1c5d-46a5-afbc-800fd5f7568d
         1092  sample_data                     _share/sample_data/23b0d623-1361-421d-ae77-62d701d471e6
         1094  Thyroid 2026                    Thyroid 2026
         1096  rosflow                         rosflow
         1098  my_db                           my_db
  [PASS] md_information_schema.databases: 3 row(s)
         {'name': 'my_db', 'uuid': UUID('e0db7fdc-5cb6-4f57-9944-6baadccd82c1'), 'created_ts': Timestamp('2026-03-07 02:53:36-0500', tz='America/New_York'), 'transient': False, 'historical_snapshot_retention': Timedelta('7 days 00:00:00'), 'type': 'DEFAULT'}
         {'name': 'rosflow', 'uuid': UUID('c8f55a3a-ab80-4f93-8bb1-74b55770ad39'), 'created_ts': Timestamp('2026-03-15 13:16:55-0400', tz='America/New_York'), 'transient': False, 'historical_snapshot_retention': Timedelta('7 days 00:00:00'), 'type': 'DEFAULT'}
         {'name': 'Thyroid 2026', 'uuid': UUID('b64d4ec9-aafb-49cc-bf39-d1dfd85e68dc'), 'created_ts': Timestamp('2026-04-02 04:31:53-0400', tz='America/New_York'), 'transient': False, 'historical_snapshot_retention': Timedelta('7 days 00:00:00'), 'type': 'DUCKLAKE'}
  [INFO] Schemas present: hn, kaggle, main, mm_contract_dev, nyc, qa, release_20260407, release_20260408, release_20260409, stackoverflow_survey, v2_stage, who
  [INFO] Snapshot retention query: Catalog Error: Table with name snapshots does not exist!
Did you mean "storage_info_history"?

LINE 1: SELECT * FROM md_information_schema.snapshots
                      ^ (may be unavailable on this plan tier)
  [write] preflight_db_list.json

======================================================================
  STEP: Stage refresh (116)
  CMD : /Users/ros/THyroid 2026/THYROID_2026/.venv/bin/python /Users/ros/THyroid 2026/THYROID_2026/scripts/116_md_stage_loader.py --md
  LOG : stage_refresh_output.log
======================================================================
  [inventory] 30 parquets to load
  Connected to MotherDuck (md:Thyroid 2026)
  MotherDuck connection verified (fail-closed gate passed)
  [schema] v2_stage ensured
  [OK] v2_stage.note_entities_llm_imaging: local=11,037  md=11,037
  [OK] v2_stage.note_entities_llm_tirads_granular: local=11,037  md=11,037
  [OK] v2_stage.note_entities_llm_us_nodule_dynamics: local=11,037  md=11,037
  [OK] v2_stage.note_entities_llm_labs: local=11,037  md=11,037
  [OK] v2_stage.note_entities_llm_tg_kinetics: local=11,037  md=11,037
  [OK] v2_stage.note_entities_llm_pathology: local=11,037  md=11,037
  [OK] v2_stage.note_entities_llm_synoptic_pathology_enrichment: local=11,037  md=11,037
  [OK] v2_stage.note_entities_llm_rai_detailed: local=11,037  md=11,037
  [OK] v2_stage.note_entities_llm_rad_treatment: local=11,037  md=11,037
  [OK] v2_stage.note_entities_llm_parathyroid_detail: local=11,037  md=11,037
  [OK] v2_stage.note_entities_llm_recurrence: local=11,037  md=11,037
  [OK] v2_stage.note_entities_llm_survival_followup: local=11,037  md=11,037
  [OK] v2_stage.note_entities_llm_cervical_ln_detail: local=11,037  md=11,037
  [OK] v2_stage.note_entities_llm_functional_outcomes: local=11,037  md=11,037
  [OK] v2_stage.note_entities_llm_past_medical_hx: local=11,037  md=11,037
  [OK] v2_stage.note_entities_llm_past_surgical_hx: local=11,037  md=11,037
  [OK] v2_stage.note_entities_llm_presenting_symptoms: local=11,037  md=11,037
  [OK] v2_stage.note_entities_llm_physical_exam: local=11,037  md=11,037
  [OK] v2_stage.note_entities_llm_vascular_invasion: local=11,037  md=11,037
  [OK] v2_stage.note_entities_llm_airway_invasion: local=11,037  md=11,037
  [OK] v2_stage.note_entities_llm_frozen_section_detail: local=11,037  md=11,037
  [OK] v2_stage.note_entities_llm_dynamic_risk_response: local=11,037  md=11,037
  [OK] v2_stage.note_entities_llm_patient_decision_adherence: local=11,037  md=11,037
  [OK] v2_stage.note_entities_llm_recurrence_detailed: local=11,037  md=11,037
  [OK] v2_stage.note_entities_llm_complications_rln_laryngoscopy: local=11,037  md=11,037
  [OK] v2_stage.note_entities_llm_medication_management: local=11,037  md=11,037
  [OK] v2_stage.note_entities_llm_operative_details: local=11,037  md=11,037
  [OK] v2_stage.note_entities_llm_operative_v2_enrichment: local=11,037  md=11,037
  [OK] v2_stage.note_entities_llm_parathyroid_per_gland: local=11,037  md=11,037
  [OK] v2_stage.note_entities_llm_molecular_thyroseq_afirma: local=11,037  md=11,037

  [summary] 30 tables loaded into v2_stage
  [summary] 0 row-count mismatches
  [inventory] v2_stage.load_inventory: 120 total rows
  [done] v2_stage loading complete
  [Stage refresh (116)] OK (exit 0)
  [parity] 120 domains; 0 mismatch(es) → stage_parity_report.csv

======================================================================
  STEP: Promotion gate (112)
  CMD : /Users/ros/THyroid 2026/THYROID_2026/.venv/bin/python /Users/ros/THyroid 2026/THYROID_2026/scripts/112_v2_domain_promotion_gate.py --run-label promote_20260407_0001 --output-dir studies/md_live_release_20260406/promotion_gate --motherduck-check
  LOG : promotion_gate_output.log
======================================================================
00:02:38  INFO      Output directory: studies/md_live_release_20260406/promotion_gate
00:02:38  INFO      Phase 1: Domain Inventory
00:02:38  INFO      Registry domains: 31
00:02:38  INFO      On-disk v2 parquets: 37
00:02:38  INFO      Domain inventory: 44 rows (36 with parquets)
00:02:38  INFO      Phase 2: Per-Domain Validation
00:02:38  INFO        Validating imaging                                   (? rows expected)
00:02:38  INFO      Expanded v2 combined input: 11037 note rows -> 8428 entity rows
00:02:38  INFO        Validating tirads_granular                           (? rows expected)
00:02:38  INFO      Expanded v2 combined input: 11037 note rows -> 179 entity rows
00:02:38  INFO        Validating us_nodule_dynamics                        (? rows expected)
00:02:39  INFO      Expanded v2 combined input: 11037 note rows -> 49 entity rows
00:02:39  INFO        Validating labs                                      (? rows expected)
00:02:39  INFO      Expanded v2 combined input: 11037 note rows -> 2460 entity rows
00:02:39  INFO        Validating tg_kinetics                               (? rows expected)
00:02:39  INFO      Expanded v2 combined input: 11037 note rows -> 173 entity rows
00:02:39  INFO        Validating pathology                                 (? rows expected)
00:02:39  INFO      Expanded v2 combined input: 11037 note rows -> 10894 entity rows
00:02:39  INFO        Validating synoptic_pathology_enrichment             (? rows expected)
00:02:39  INFO      Expanded v2 combined input: 11037 note rows -> 38 entity rows
00:02:39  INFO        Validating rai_detailed                              (? rows expected)
00:02:40  INFO      Expanded v2 combined input: 11037 note rows -> 3747 entity rows
00:02:40  INFO        Validating rad_treatment                             (? rows expected)
00:02:40  INFO      Expanded v2 combined input: 11037 note rows -> 519 entity rows
00:02:40  INFO        Validating parathyroid_detail                        (? rows expected)
00:02:40  INFO      Expanded v2 combined input: 11037 note rows -> 255 entity rows
00:02:40  INFO        Validating recurrence                                (? rows expected)
00:02:40  INFO      Expanded v2 combined input: 11037 note rows -> 303 entity rows
00:02:40  INFO        Validating survival_followup                         (? rows expected)
00:02:40  INFO      Expanded v2 combined input: 11037 note rows -> 9809 entity rows
00:02:40  INFO        Validating cervical_ln_detail                        (? rows expected)
00:02:40  INFO      Expanded v2 combined input: 11037 note rows -> 104 entity rows
00:02:40  INFO        Validating functional_outcomes                       (? rows expected)
00:02:41  INFO      Expanded v2 combined input: 11037 note rows -> 3322 entity rows
00:02:41  INFO        Validating past_medical_hx                           (? rows expected)
00:02:41  INFO      Expanded v2 combined input: 11037 note rows -> 865 entity rows
00:02:41  INFO        Validating past_surgical_hx                          (? rows expected)
00:02:41  INFO      Expanded v2 combined input: 11037 note rows -> 3919 entity rows
00:02:41  INFO        Validating presenting_symptoms                       (? rows expected)
00:02:41  INFO      Expanded v2 combined input: 11037 note rows -> 280 entity rows
00:02:41  INFO        Validating physical_exam                             (? rows expected)
00:02:41  INFO      Expanded v2 combined input: 11037 note rows -> 1924 entity rows
00:02:41  INFO        Validating vascular_invasion                         (? rows expected)
00:02:42  INFO      Expanded v2 combined input: 11037 note rows -> 4241 entity rows
00:02:42  INFO        Validating airway_invasion                           (? rows expected)
00:02:42  INFO      Expanded v2 combined input: 11037 note rows -> 3116 entity rows
00:02:42  INFO        Validating frozen_section_detail                     (? rows expected)
00:02:42  INFO      Expanded v2 combined input: 11037 note rows -> 380 entity rows
00:02:42  INFO        Validating dynamic_risk_response                     (? rows expected)
00:02:42  INFO      Expanded v2 combined input: 11037 note rows -> 53 entity rows
00:02:42  INFO        Validating patient_decision_adherence                (? rows expected)
00:02:42  INFO      Expanded v2 combined input: 11037 note rows -> 641 entity rows
00:02:42  INFO      Phase 3: Cross-Domain Concordance
00:02:43  INFO      Expanded v2 combined input: 11037 note rows -> 8428 entity rows
00:02:43  INFO      Expanded v2 combined input: 11037 note rows -> 179 entity rows
00:02:43  INFO      Expanded v2 combined input: 11037 note rows -> 49 entity rows
00:02:43  INFO      Expanded v2 combined input: 11037 note rows -> 2460 entity rows
00:02:43  INFO      Expanded v2 combined input: 11037 note rows -> 173 entity rows
00:02:44  INFO      Expanded v2 combined input: 11037 note rows -> 10894 entity rows
00:02:44  INFO      Expanded v2 combined input: 11037 note rows -> 38 entity rows
00:02:44  INFO      Expanded v2 combined input: 11037 note rows -> 3747 entity rows
00:02:44  INFO      Expanded v2 combined input: 11037 note rows -> 519 entity rows
00:02:44  INFO      Expanded v2 combined input: 11037 note rows -> 255 entity rows
00:02:45  INFO      Expanded v2 combined input: 11037 note rows -> 303 entity rows
00:02:45  INFO      Expanded v2 combined input: 11037 note rows -> 9809 entity rows
00:02:45  INFO      Expanded v2 combined input: 11037 note rows -> 104 entity rows
00:02:45  INFO      Expanded v2 combined input: 11037 note rows -> 3322 entity rows
00:02:45  INFO      Expanded v2 combined input: 11037 note rows -> 865 entity rows
00:02:45  INFO      Expanded v2 combined input: 11037 note rows -> 3919 entity rows
00:02:46  INFO      Expanded v2 combined input: 11037 note rows -> 280 entity rows
00:02:46  INFO      Expanded v2 combined input: 11037 note rows -> 1924 entity rows
00:02:46  INFO      Expanded v2 combined input: 11037 note rows -> 4241 entity rows
00:02:46  INFO      Expanded v2 combined input: 11037 note rows -> 3116 entity rows
00:02:47  INFO      Expanded v2 combined input: 11037 note rows -> 380 entity rows
00:02:47  INFO      Expanded v2 combined input: 11037 note rows -> 53 entity rows
00:02:47  INFO      Expanded v2 combined input: 11037 note rows -> 641 entity rows
00:02:47  INFO      Combined entity DataFrame: 55699 rows from 23 domain files
00:02:47  INFO      Classifying 55699 entity rows into comparison domains
00:02:50  INFO      Comparison domains: complications, genetics, medications, operative_detail, problem_list, procedures, staging
00:02:50  INFO      Building baseline (note_entities_*) comparators
00:02:52  INFO      Building structured (canonical tables) comparators
00:02:52  INFO      Building side-by-side concordance
00:02:55  INFO        => llm_side_by_side.parquet    55,699 rows x  78 cols  (4.55 MB)
00:02:56  INFO      Phase 4: Manual Review Queue (strict)
00:02:56  INFO      Manual review queue: 5622 rows
00:02:56  INFO      Phase 5: Promotion Gate
00:02:56  INFO        Running G8 MotherDuck parity check
00:03:00  INFO      Phase 6: Reports & MotherDuck Artifacts

======================================================================
  V2 DOMAIN PROMOTION GATE — PASS
======================================================================
  [PASS]  G1: Domain completeness (v2 only)
  [PASS]  G2: Schema compliance (core columns)
  [PASS]  G3: Provenance columns
  [PASS]  G4: Duplicate rate
  [PASS]  G5: Date coverage (critical domains)
  [PASS]  G6: Concordance floor (critical domains)
  [PASS]  G7: Unresolved discordance
  [PASS]  G8: MotherDuck v2_stage parity
======================================================================
  Artifacts: studies/md_live_release_20260406/promotion_gate
  Verdict:   PASS
======================================================================

  [Promotion gate (112)] OK (exit 0)
  [review queue] total=11,244  pending=5,622
  HALT: --final-release mode requires all review rows to be resolved; 5,622 pending row(s) remain. Resolve them before re-running with --final-release.
