======================================================================
  124 — MotherDuck Live Release Audit
  Tag  : 20260406
  Dir  : studies/md_live_release_20260406
  MD   : YES (fail-closed)
  Mode : FINAL-RELEASE
======================================================================
  Connected to MotherDuck (md:Thyroid 2026)
  MotherDuck connection verified (fail-closed gate passed)

======================================================================
  STEP: Preflight (MD attachment + database inventory)
======================================================================
  [PASS] MD attachment: 6 database(s) attached, md_confirmed=True
         1027  md_information_schema           None
         1090  thyroid_research_ro_v2          _share/thyroid_research_ro_v2/2558f066-1c5d-46a5-afbc-800fd5f7568d
         1092  sample_data                     _share/sample_data/23b0d623-1361-421d-ae77-62d701d471e6
         1094  Thyroid 2026                    Thyroid 2026
         1096  rosflow                         rosflow
         1098  my_db                           my_db
  [PASS] md_information_schema.databases: 3 row(s)
         {'name': 'my_db', 'uuid': UUID('e0db7fdc-5cb6-4f57-9944-6baadccd82c1'), 'created_ts': Timestamp('2026-03-07 02:53:36-0500', tz='America/New_York'), 'transient': False, 'historical_snapshot_retention': Timedelta('7 days 00:00:00'), 'type': 'DEFAULT'}
         {'name': 'rosflow', 'uuid': UUID('c8f55a3a-ab80-4f93-8bb1-74b55770ad39'), 'created_ts': Timestamp('2026-03-15 13:16:55-0400', tz='America/New_York'), 'transient': False, 'historical_snapshot_retention': Timedelta('7 days 00:00:00'), 'type': 'DEFAULT'}
         {'name': 'Thyroid 2026', 'uuid': UUID('b64d4ec9-aafb-49cc-bf39-d1dfd85e68dc'), 'created_ts': Timestamp('2026-04-02 04:31:53-0400', tz='America/New_York'), 'transient': False, 'historical_snapshot_retention': Timedelta('7 days 00:00:00'), 'type': 'DUCKLAKE'}
  [INFO] Schemas present: hn, kaggle, main, mm_contract_dev, nyc, qa, release_20260407, release_20260408, release_20260409, stackoverflow_survey, v2_stage, who
  [INFO] Snapshot retention query: Catalog Error: Table with name snapshots does not exist!
Did you mean "storage_info_history"?

LINE 1: SELECT * FROM md_information_schema.snapshots
                      ^ (may be unavailable on this plan tier)
  [write] preflight_db_list.json

======================================================================
  STEP: Stage refresh (116)
  CMD : /Users/ros/THyroid 2026/THYROID_2026/.venv/bin/python /Users/ros/THyroid 2026/THYROID_2026/scripts/116_md_stage_loader.py --md
  LOG : stage_refresh_output.log
======================================================================
  [inventory] 30 parquets to load
  Connected to MotherDuck (md:Thyroid 2026)
  MotherDuck connection verified (fail-closed gate passed)
  [schema] v2_stage ensured
  [OK] v2_stage.note_entities_llm_imaging: local=11,037  md=11,037
  [OK] v2_stage.note_entities_llm_tirads_granular: local=11,037  md=11,037
  [OK] v2_stage.note_entities_llm_us_nodule_dynamics: local=11,037  md=11,037
  [OK] v2_stage.note_entities_llm_labs: local=11,037  md=11,037
  [OK] v2_stage.note_entities_llm_tg_kinetics: local=11,037  md=11,037
  [OK] v2_stage.note_entities_llm_pathology: local=11,037  md=11,037
  [OK] v2_stage.note_entities_llm_synoptic_pathology_enrichment: local=11,037  md=11,037
  [OK] v2_stage.note_entities_llm_rai_detailed: local=11,037  md=11,037
  [OK] v2_stage.note_entities_llm_rad_treatment: local=11,037  md=11,037
  [OK] v2_stage.note_entities_llm_parathyroid_detail: local=11,037  md=11,037
  [OK] v2_stage.note_entities_llm_recurrence: local=11,037  md=11,037
  [OK] v2_stage.note_entities_llm_survival_followup: local=11,037  md=11,037
  [OK] v2_stage.note_entities_llm_cervical_ln_detail: local=11,037  md=11,037
  [OK] v2_stage.note_entities_llm_functional_outcomes: local=11,037  md=11,037
  [OK] v2_stage.note_entities_llm_past_medical_hx: local=11,037  md=11,037
  [OK] v2_stage.note_entities_llm_past_surgical_hx: local=11,037  md=11,037
  [OK] v2_stage.note_entities_llm_presenting_symptoms: local=11,037  md=11,037
  [OK] v2_stage.note_entities_llm_physical_exam: local=11,037  md=11,037
  [OK] v2_stage.note_entities_llm_vascular_invasion: local=11,037  md=11,037
  [OK] v2_stage.note_entities_llm_airway_invasion: local=11,037  md=11,037
  [OK] v2_stage.note_entities_llm_frozen_section_detail: local=11,037  md=11,037
  [OK] v2_stage.note_entities_llm_dynamic_risk_response: local=11,037  md=11,037
  [OK] v2_stage.note_entities_llm_patient_decision_adherence: local=11,037  md=11,037
  [OK] v2_stage.note_entities_llm_recurrence_detailed: local=11,037  md=11,037
  [OK] v2_stage.note_entities_llm_complications_rln_laryngoscopy: local=11,037  md=11,037
  [OK] v2_stage.note_entities_llm_medication_management: local=11,037  md=11,037
  [OK] v2_stage.note_entities_llm_operative_details: local=11,037  md=11,037
  [OK] v2_stage.note_entities_llm_operative_v2_enrichment: local=11,037  md=11,037
  [OK] v2_stage.note_entities_llm_parathyroid_per_gland: local=11,037  md=11,037
  [OK] v2_stage.note_entities_llm_molecular_thyroseq_afirma: local=11,037  md=11,037

  [summary] 30 tables loaded into v2_stage
  [summary] 0 row-count mismatches
  [inventory] v2_stage.load_inventory: 150 total rows
  [done] v2_stage loading complete
  [Stage refresh (116)] OK (exit 0)
  [parity] 150 domains; 0 mismatch(es) → stage_parity_report.csv

======================================================================
  STEP: Promotion gate (112)
  CMD : /Users/ros/THyroid 2026/THYROID_2026/.venv/bin/python /Users/ros/THyroid 2026/THYROID_2026/scripts/112_v2_domain_promotion_gate.py --run-label promote_20260407_0005 --output-dir studies/md_live_release_20260406/promotion_gate --motherduck-check
  LOG : promotion_gate_output.log
======================================================================
00:06:23  INFO      Output directory: studies/md_live_release_20260406/promotion_gate
00:06:23  INFO      Phase 1: Domain Inventory
00:06:23  INFO      Registry domains: 31
00:06:23  INFO      On-disk v2 parquets: 37
00:06:23  INFO      Domain inventory: 44 rows (36 with parquets)
00:06:23  INFO      Phase 2: Per-Domain Validation
00:06:23  INFO        Validating imaging                                   (? rows expected)
00:06:23  INFO      Expanded v2 combined input: 11037 note rows -> 8428 entity rows
00:06:23  INFO        Validating tirads_granular                           (? rows expected)
00:06:23  INFO      Expanded v2 combined input: 11037 note rows -> 179 entity rows
00:06:23  INFO        Validating us_nodule_dynamics                        (? rows expected)
00:06:23  INFO      Expanded v2 combined input: 11037 note rows -> 49 entity rows
00:06:23  INFO        Validating labs                                      (? rows expected)
00:06:24  INFO      Expanded v2 combined input: 11037 note rows -> 2460 entity rows
00:06:24  INFO        Validating tg_kinetics                               (? rows expected)
00:06:24  INFO      Expanded v2 combined input: 11037 note rows -> 173 entity rows
00:06:24  INFO        Validating pathology                                 (? rows expected)
00:06:24  INFO      Expanded v2 combined input: 11037 note rows -> 10894 entity rows
00:06:24  INFO        Validating synoptic_pathology_enrichment             (? rows expected)
00:06:24  INFO      Expanded v2 combined input: 11037 note rows -> 38 entity rows
00:06:24  INFO        Validating rai_detailed                              (? rows expected)
00:06:25  INFO      Expanded v2 combined input: 11037 note rows -> 3747 entity rows
00:06:25  INFO        Validating rad_treatment                             (? rows expected)
00:06:25  INFO      Expanded v2 combined input: 11037 note rows -> 519 entity rows
00:06:25  INFO        Validating parathyroid_detail                        (? rows expected)
00:06:25  INFO      Expanded v2 combined input: 11037 note rows -> 255 entity rows
00:06:25  INFO        Validating recurrence                                (? rows expected)
00:06:25  INFO      Expanded v2 combined input: 11037 note rows -> 303 entity rows
00:06:25  INFO        Validating survival_followup                         (? rows expected)
00:06:25  INFO      Expanded v2 combined input: 11037 note rows -> 9809 entity rows
00:06:25  INFO        Validating cervical_ln_detail                        (? rows expected)
00:06:26  INFO      Expanded v2 combined input: 11037 note rows -> 104 entity rows
00:06:26  INFO        Validating functional_outcomes                       (? rows expected)
00:06:26  INFO      Expanded v2 combined input: 11037 note rows -> 3322 entity rows
00:06:26  INFO        Validating past_medical_hx                           (? rows expected)
00:06:26  INFO      Expanded v2 combined input: 11037 note rows -> 865 entity rows
00:06:26  INFO        Validating past_surgical_hx                          (? rows expected)
00:06:26  INFO      Expanded v2 combined input: 11037 note rows -> 3919 entity rows
00:06:26  INFO        Validating presenting_symptoms                       (? rows expected)
00:06:27  INFO      Expanded v2 combined input: 11037 note rows -> 280 entity rows
00:06:27  INFO        Validating physical_exam                             (? rows expected)
00:06:27  INFO      Expanded v2 combined input: 11037 note rows -> 1924 entity rows
00:06:27  INFO        Validating vascular_invasion                         (? rows expected)
00:06:27  INFO      Expanded v2 combined input: 11037 note rows -> 4241 entity rows
00:06:27  INFO        Validating airway_invasion                           (? rows expected)
00:06:27  INFO      Expanded v2 combined input: 11037 note rows -> 3116 entity rows
00:06:27  INFO        Validating frozen_section_detail                     (? rows expected)
00:06:28  INFO      Expanded v2 combined input: 11037 note rows -> 380 entity rows
00:06:28  INFO        Validating dynamic_risk_response                     (? rows expected)
00:06:28  INFO      Expanded v2 combined input: 11037 note rows -> 53 entity rows
00:06:28  INFO        Validating patient_decision_adherence                (? rows expected)
00:06:28  INFO      Expanded v2 combined input: 11037 note rows -> 641 entity rows
00:06:28  INFO      Phase 3: Cross-Domain Concordance
00:06:29  INFO      Expanded v2 combined input: 11037 note rows -> 8428 entity rows
00:06:29  INFO      Expanded v2 combined input: 11037 note rows -> 179 entity rows
00:06:29  INFO      Expanded v2 combined input: 11037 note rows -> 49 entity rows
00:06:29  INFO      Expanded v2 combined input: 11037 note rows -> 2460 entity rows
00:06:29  INFO      Expanded v2 combined input: 11037 note rows -> 173 entity rows
00:06:30  INFO      Expanded v2 combined input: 11037 note rows -> 10894 entity rows
00:06:30  INFO      Expanded v2 combined input: 11037 note rows -> 38 entity rows
00:06:30  INFO      Expanded v2 combined input: 11037 note rows -> 3747 entity rows
00:06:30  INFO      Expanded v2 combined input: 11037 note rows -> 519 entity rows
00:06:31  INFO      Expanded v2 combined input: 11037 note rows -> 255 entity rows
00:06:31  INFO      Expanded v2 combined input: 11037 note rows -> 303 entity rows
00:06:31  INFO      Expanded v2 combined input: 11037 note rows -> 9809 entity rows
00:06:31  INFO      Expanded v2 combined input: 11037 note rows -> 104 entity rows
00:06:31  INFO      Expanded v2 combined input: 11037 note rows -> 3322 entity rows
00:06:32  INFO      Expanded v2 combined input: 11037 note rows -> 865 entity rows
00:06:32  INFO      Expanded v2 combined input: 11037 note rows -> 3919 entity rows
00:06:32  INFO      Expanded v2 combined input: 11037 note rows -> 280 entity rows
00:06:32  INFO      Expanded v2 combined input: 11037 note rows -> 1924 entity rows
00:06:33  INFO      Expanded v2 combined input: 11037 note rows -> 4241 entity rows
00:06:33  INFO      Expanded v2 combined input: 11037 note rows -> 3116 entity rows
00:06:33  INFO      Expanded v2 combined input: 11037 note rows -> 380 entity rows
00:06:33  INFO      Expanded v2 combined input: 11037 note rows -> 53 entity rows
00:06:34  INFO      Expanded v2 combined input: 11037 note rows -> 641 entity rows
00:06:34  INFO      Combined entity DataFrame: 55699 rows from 23 domain files
00:06:34  INFO      Classifying 55699 entity rows into comparison domains
00:06:37  INFO      Comparison domains: complications, genetics, medications, operative_detail, problem_list, procedures, staging
00:06:37  INFO      Building baseline (note_entities_*) comparators
00:06:39  INFO      Building structured (canonical tables) comparators
00:06:40  INFO      Building side-by-side concordance
00:06:43  INFO        => llm_side_by_side.parquet    55,699 rows x  78 cols  (4.55 MB)
00:06:44  INFO      Phase 4: Manual Review Queue (strict)
00:06:44  INFO      Manual review queue: 5622 rows
00:06:44  INFO      Phase 5: Promotion Gate
00:06:44  INFO        Running G8 MotherDuck parity check
00:06:48  INFO      Phase 6: Reports & MotherDuck Artifacts

======================================================================
  V2 DOMAIN PROMOTION GATE — PASS
======================================================================
  [PASS]  G1: Domain completeness (v2 only)
  [PASS]  G2: Schema compliance (core columns)
  [PASS]  G3: Provenance columns
  [PASS]  G4: Duplicate rate
  [PASS]  G5: Date coverage (critical domains)
  [PASS]  G6: Concordance floor (critical domains)
  [PASS]  G7: Unresolved discordance
  [PASS]  G8: MotherDuck v2_stage parity
======================================================================
  Artifacts: studies/md_live_release_20260406/promotion_gate
  Verdict:   PASS
======================================================================

  [Promotion gate (112)] OK (exit 0)
  [review queue] total=11,244  pending=0

======================================================================
  STEP: Canonical materialization (103)
  CMD : /Users/ros/THyroid 2026/THYROID_2026/.venv/bin/python /Users/ros/THyroid 2026/THYROID_2026/scripts/103_fact_lineage_materialize.py --md
  LOG : canonical_output.log
======================================================================
/Users/ros/THyroid 2026/THYROID_2026/scripts/103_fact_lineage_materialize.py:714: FutureWarning: The behavior of DataFrame concatenation with empty or all-NA entries is deprecated. In a future version, this will no longer exclude empty or all-NA columns when determining the result dtypes. To retain the old behavior, exclude the relevant entries before the concat operation.
  uni = pd.concat(aligned, ignore_index=True)
======================================================================
  103 — canonical_extracted_fact_long (v1 + v2) + quarantine
  Registry: YAML-driven
  Domains: 30
======================================================================
  loaded note_entities_staging: 3,807 rows  [family=pathology]
  loaded note_entities_genetics: 1,738 rows  [family=molecular]
  loaded note_entities_procedures: 21,942 rows  [family=operative]
  loaded note_entities_operative_detail: 12,151 rows  [family=operative]
  loaded note_entities_complications: 9,359 rows  [family=operative]
  loaded note_entities_medications: 7,501 rows  [family=followup]
  loaded note_entities_problem_list: 11,579 rows  [family=demographics]
    expanded fleet format: 11,037 note rows → 8,428 entity rows
  loaded note_entities_llm_imaging: 8,428 rows  [family=imaging]
    expanded fleet format: 11,037 note rows → 179 entity rows
  loaded note_entities_llm_tirads_granular: 179 rows  [family=imaging]
    expanded fleet format: 11,037 note rows → 49 entity rows
  loaded note_entities_llm_us_nodule_dynamics: 49 rows  [family=imaging]
    expanded fleet format: 11,037 note rows → 2,460 entity rows
  loaded note_entities_llm_labs: 2,460 rows  [family=followup]
    expanded fleet format: 11,037 note rows → 173 entity rows
  loaded note_entities_llm_tg_kinetics: 173 rows  [family=followup]
    expanded fleet format: 11,037 note rows → 10,894 entity rows
  loaded note_entities_llm_pathology: 10,894 rows  [family=pathology]
    expanded fleet format: 11,037 note rows → 38 entity rows
  loaded note_entities_llm_synoptic_pathology_enrichment: 38 rows  [family=pathology]
    expanded fleet format: 11,037 note rows → 3,747 entity rows
  loaded note_entities_llm_rai_detailed: 3,747 rows  [family=rai]
    expanded fleet format: 11,037 note rows → 519 entity rows
  loaded note_entities_llm_rad_treatment: 519 rows  [family=rai]
    expanded fleet format: 11,037 note rows → 255 entity rows
  loaded note_entities_llm_parathyroid_detail: 255 rows  [family=operative]
    expanded fleet format: 11,037 note rows → 303 entity rows
  loaded note_entities_llm_recurrence: 303 rows  [family=followup]
    expanded fleet format: 11,037 note rows → 9,809 entity rows
  loaded note_entities_llm_survival_followup: 9,809 rows  [family=followup]
    expanded fleet format: 11,037 note rows → 104 entity rows
  loaded note_entities_llm_cervical_ln_detail: 104 rows  [family=pathology]
    expanded fleet format: 11,037 note rows → 3,322 entity rows
  loaded note_entities_llm_functional_outcomes: 3,322 rows  [family=followup]
    expanded fleet format: 11,037 note rows → 865 entity rows
  loaded note_entities_llm_past_medical_hx: 865 rows  [family=demographics]
    expanded fleet format: 11,037 note rows → 3,919 entity rows
  loaded note_entities_llm_past_surgical_hx: 3,919 rows  [family=demographics]
    expanded fleet format: 11,037 note rows → 280 entity rows
  loaded note_entities_llm_presenting_symptoms: 280 rows  [family=demographics]
    expanded fleet format: 11,037 note rows → 1,924 entity rows
  loaded note_entities_llm_physical_exam: 1,924 rows  [family=demographics]
    expanded fleet format: 11,037 note rows → 4,241 entity rows
  loaded note_entities_llm_vascular_invasion: 4,241 rows  [family=pathology]
    expanded fleet format: 11,037 note rows → 3,116 entity rows
  loaded note_entities_llm_airway_invasion: 3,116 rows  [family=operative]
    expanded fleet format: 11,037 note rows → 380 entity rows
  loaded note_entities_llm_frozen_section_detail: 380 rows  [family=operative]
    expanded fleet format: 11,037 note rows → 53 entity rows
  loaded note_entities_llm_dynamic_risk_response: 53 rows  [family=followup]
    expanded fleet format: 11,037 note rows → 641 entity rows
  loaded note_entities_llm_patient_decision_adherence: 641 rows  [family=followup]
  warn: clinical_notes_long has no note_row_id; skip provenance merge (clin_* columns unset)
  multi-surgery patients: 0
  inferred episode linkage (family-specific)
  v1 split: clean=68,077  quarantined=0
  v2 split: clean=123,577  quarantined=199
  QC report: /Users/ros/THyroid 2026/THYROID_2026/exports/fact_lineage_qc/qc_report_20260407_0407.md
  Connected to MotherDuck (md:Thyroid 2026)
  MotherDuck connection verified (fail-closed gate passed)
  DuckDB canonical_extracted_fact_long_v1: 68,077 rows
  DuckDB canonical_fact_quarantine_v1: 0 rows
  DuckDB canonical_extracted_fact_long_v2: 123,577 rows
  DuckDB canonical_fact_quarantine_v2: 199 rows
  DuckDB note_extraction_runs: 3
======================================================================
  DONE
======================================================================
  [Canonical materialization (103)] OK (exit 0)

======================================================================
  STEP: QA schema setup (114)
  CMD : /Users/ros/THyroid 2026/THYROID_2026/.venv/bin/python /Users/ros/THyroid 2026/THYROID_2026/scripts/114_qa_schema_setup.py --md --hydrate-from studies/md_live_release_20260406/promotion_gate
  LOG : qa_setup_output.log
======================================================================
  Connected to MotherDuck (md:Thyroid 2026)
  MotherDuck connection verified (fail-closed gate passed)
  [ddl] qa schema and tables created/verified
  [hydrate] from studies/md_live_release_20260406/promotion_gate
  [hydrate] qa.promotion_scorecard: 8 rows from promotion_gate
  [hydrate] qa.domain_validation: 23 rows from promotion_gate
  [hydrate] qa.concordance_summary: 19 rows from promotion_gate
  [hydrate] qa.manual_review_queue: 5622 rows from promotion_gate
  [verify] schemas with tables: ['hn', 'kaggle', 'main', 'mm_contract_dev', 'nyc', 'qa', 'release_20260407', 'release_20260408', 'release_20260409', 'stackoverflow_survey', 'v2_stage', 'who']
  [verify] qa tables: ['concordance_summary', 'concordance_summary', 'date_provenance_completeness_v', 'date_provenance_completeness_v', 'domain_validation', 'domain_validation', 'domain_validation_summary_v', 'domain_validation_summary_v', 'manual_review_queue', 'manual_review_queue', 'manual_review_queue_summary_v', 'manual_review_queue_summary_v', 'promotion_review_decisions', 'promotion_review_decisions', 'promotion_scorecard', 'promotion_scorecard', 'promotion_scorecard_summary_v', 'promotion_scorecard_summary_v', 'release_manifest', 'release_manifest', 'tg_lab_ingestion_qc', 'tg_lab_ingestion_qc']
  [done] qa schema setup complete
  [QA schema setup (114)] OK (exit 0)

======================================================================
  STEP: Contract views (117)
  CMD : /Users/ros/THyroid 2026/THYROID_2026/.venv/bin/python /Users/ros/THyroid 2026/THYROID_2026/scripts/117_md_contract_views.py --md
  LOG : contract_views_output.log
======================================================================
  Connected to MotherDuck (md:Thyroid 2026)
  MotherDuck connection verified (fail-closed gate passed)
=== Phase 2: Canonical table materialization ===
  [OK] main.canonical_extracted_fact_long_v2: local=123,577  remote=123,577
  [OK] main.canonical_fact_quarantine_v2: local=199  remote=199
  [OK] main.note_extraction_runs: local=3  remote=3
  [OK] main.longitudinal_lab_canonical_v1: local=76,971  remote=76,971
  [OK] main.thyroglobulin_lab_canonical_v1: local=76,971  remote=76,971

=== Phase 3: Episode/linkage contract tables ===
  [OK] main.tumor_episode_master_v2: local=11,691  remote=11,691
  [OK] main.molecular_test_episode_v2: local=10,126  remote=10,126
  [OK] main.rai_treatment_episode_v2: local=1,857  remote=1,857
  [OK] main.operative_episode_detail_v2: local=9,371  remote=9,371

=== Contract views (DDL) ===
  [ddl] contract views created/refreshed

=== Verification ===
  [verify] main.longitudinal_lab_deduped_v: 55,210 rows
  [verify] main.linkage_summary_v: 10,871 rows
  [verify] main.episode_completeness_summary_v: 4 rows

  [done] contract views setup complete
  [Contract views (117)] OK (exit 0)

======================================================================
  STEP: Presentation views (125)
  CMD : /Users/ros/THyroid 2026/THYROID_2026/.venv/bin/python /Users/ros/THyroid 2026/THYROID_2026/scripts/125_master_verified_views.py --md
  LOG : presentation_views_output.log
======================================================================
======================================================================
  125 — master verified views (analyst presentation layer)
======================================================================
  Connected to MotherDuck (md:Thyroid 2026)
  MotherDuck connection verified (fail-closed gate passed)
  [OK] master_fact_long_verified_v1: 123,577 rows — One row per extracted entity fact; joins canonical_extracted_fact_long_v2 with reviewer status and latest release tag.
  [OK] master_patient_rollup_verified_v1: 5,574 rows — Per-patient summary: fact counts by linkage family, review coverage, release tag.
  [OK] master_source_lineage_v1: 123,577 rows — Full provenance chain from extraction run to reviewer decision to release tag.
======================================================================
  DONE — all 3 master verified views created
======================================================================
  [Presentation views (125)] OK (exit 0)

======================================================================
  STEP: Release snapshot (115)
  CMD : /Users/ros/THyroid 2026/THYROID_2026/.venv/bin/python /Users/ros/THyroid 2026/THYROID_2026/scripts/115_release_snapshot.py --tag 20260406 --md
  LOG : release_snapshot_output.log
======================================================================
  Connected to MotherDuck (md:Thyroid 2026)
  MotherDuck connection verified (fail-closed gate passed)
  [schema] created release_20260406
  [copy] release_20260406.canonical_extracted_fact_long_v1: 68,077 rows
  [copy] release_20260406.canonical_extracted_fact_long_v2: 123,577 rows
  [copy] release_20260406.canonical_fact_quarantine_v1: 0 rows
  [copy] release_20260406.canonical_fact_quarantine_v2: 199 rows
  [copy] release_20260406.thyroglobulin_lab_canonical_v1: 76,971 rows
  [copy] release_20260406.note_extraction_runs: 3 rows
  [manifest] recorded in qa.release_manifest

  Release 20260406 created with 6 tables in release_20260406
  [Release snapshot (115)] OK (exit 0)
  [write] release_schema_manifest.json

======================================================================
  STEP: Parquet release bundle (118)
  CMD : /Users/ros/THyroid 2026/THYROID_2026/.venv/bin/python /Users/ros/THyroid 2026/THYROID_2026/scripts/118_parquet_release_bundle.py --tag 20260406 --md
  LOG : parquet_bundle_output.log
======================================================================
  Connected to MotherDuck (md:Thyroid 2026)
  MotherDuck connection verified (fail-closed gate passed)
=== Parquet Release Bundle: 20260406 ===
  Output: /Users/ros/THyroid 2026/THYROID_2026/exports/parquet_release_20260406

--- main schema ---
  [export] main.canonical_extracted_fact_long_v2: 123,577 rows -> canonical_extracted_fact_long_v2.parquet (8562a272aeefbf96)
  [export] main.canonical_fact_quarantine_v2: 199 rows -> canonical_fact_quarantine_v2.parquet (79ac28127eae1d3f)
  [export] main.note_extraction_runs: 3 rows -> note_extraction_runs.parquet (2a5a48fce85071ab)
  [export] main.tumor_episode_master_v2: 11,691 rows -> tumor_episode_master_v2.parquet (98189f467e3eb8a3)
  [export] main.molecular_test_episode_v2: 10,126 rows -> molecular_test_episode_v2.parquet (8688208f3bd35f0f)
  [export] main.rai_treatment_episode_v2: 1,857 rows -> rai_treatment_episode_v2.parquet (8ae6f0524faf2334)
  [export] main.operative_episode_detail_v2: 9,371 rows -> operative_episode_detail_v2.parquet (62c1cbdaaa8e0262)
  [export] main.note_entities_llm_imaging: 11,037 rows -> note_entities_llm_imaging.parquet (e79ffd3a699ae84a)
  [export] main.note_entities_llm_tirads_granular: 11,037 rows -> note_entities_llm_tirads_granular.parquet (1716e1cef4509eed)
  [export] main.note_entities_llm_us_nodule_dynamics: 11,037 rows -> note_entities_llm_us_nodule_dynamics.parquet (e3102639942eed9d)
  [export] main.note_entities_llm_labs: 11,037 rows -> note_entities_llm_labs.parquet (2a1ec3d87823ebdf)
  [export] main.note_entities_llm_tg_kinetics: 11,037 rows -> note_entities_llm_tg_kinetics.parquet (a127640a5d610c55)
  [export] main.note_entities_llm_pathology: 11,037 rows -> note_entities_llm_pathology.parquet (b155ccf238b8d610)
  [export] main.note_entities_llm_synoptic_pathology_enrichment: 11,037 rows -> note_entities_llm_synoptic_pathology_enrichment.parquet (c2082c2a957a5445)
  [export] main.note_entities_llm_rai_detailed: 11,037 rows -> note_entities_llm_rai_detailed.parquet (64d7aa14310a195a)
  [export] main.note_entities_llm_rad_treatment: 11,037 rows -> note_entities_llm_rad_treatment.parquet (58f9913dfb4d5559)
  [export] main.note_entities_llm_parathyroid_detail: 11,037 rows -> note_entities_llm_parathyroid_detail.parquet (3fe9ef654a088133)
  [export] main.note_entities_llm_recurrence: 11,037 rows -> note_entities_llm_recurrence.parquet (d1dc7c76c47e185a)
  [export] main.note_entities_llm_survival_followup: 11,037 rows -> note_entities_llm_survival_followup.parquet (c2fc5ff1d16ff7b0)
  [export] main.note_entities_llm_cervical_ln_detail: 11,037 rows -> note_entities_llm_cervical_ln_detail.parquet (b695dc6e5865fceb)
  [export] main.note_entities_llm_functional_outcomes: 11,037 rows -> note_entities_llm_functional_outcomes.parquet (4acb27cab5387ca7)
  [export] main.note_entities_llm_past_medical_hx: 11,037 rows -> note_entities_llm_past_medical_hx.parquet (76117057fdf37338)
  [export] main.note_entities_llm_past_surgical_hx: 11,037 rows -> note_entities_llm_past_surgical_hx.parquet (c8577ccaaf1cc63a)
  [export] main.note_entities_llm_presenting_symptoms: 11,037 rows -> note_entities_llm_presenting_symptoms.parquet (756410e3db70dadd)
  [export] main.note_entities_llm_physical_exam: 11,037 rows -> note_entities_llm_physical_exam.parquet (0ab40320575d8342)
  [export] main.note_entities_llm_vascular_invasion: 11,037 rows -> note_entities_llm_vascular_invasion.parquet (1fb36ae854ef3153)
  [export] main.note_entities_llm_airway_invasion: 11,037 rows -> note_entities_llm_airway_invasion.parquet (71b41b306469bac7)
  [export] main.note_entities_llm_frozen_section_detail: 11,037 rows -> note_entities_llm_frozen_section_detail.parquet (6974268c4bbd357a)
  [export] main.note_entities_llm_dynamic_risk_response: 11,037 rows -> note_entities_llm_dynamic_risk_response.parquet (2226e0c81a51ab05)
  [export] main.note_entities_llm_patient_decision_adherence: 11,037 rows -> note_entities_llm_patient_decision_adherence.parquet (17cd53a24f3c620b)

--- qa schema ---
  [export] qa.promotion_scorecard: 48 rows -> promotion_scorecard.parquet (aeee4db90967da86)
  [export] qa.domain_validation: 138 rows -> domain_validation.parquet (df1e635caa929ec2)
  [export] qa.manual_review_queue: 16,866 rows -> manual_review_queue.parquet (c7ebbce912e38ee2)

  [manifest] /Users/ros/THyroid 2026/THYROID_2026/exports/parquet_release_20260406/manifest.json

  [summary] 33 files, 427,727 total rows
  [done] Release bundle created at /Users/ros/THyroid 2026/THYROID_2026/exports/parquet_release_20260406
  [Parquet release bundle (118)] OK (exit 0)
  [copy] parquet_bundle_manifest.json from /Users/ros/THyroid 2026/THYROID_2026/exports/parquet_release_20260406/manifest.json

======================================================================
  STEP: Formalization validation (119)
  CMD : /Users/ros/THyroid 2026/THYROID_2026/.venv/bin/python /Users/ros/THyroid 2026/THYROID_2026/scripts/119_md_formalization_validate.py --output-dir studies/md_live_release_20260406/validation_run --md --release-mode
  LOG : validation_output.log
======================================================================
  Connected to MotherDuck (md:Thyroid 2026)
  MotherDuck connection verified (fail-closed gate passed)
=== MotherDuck Formalization Validation (RELEASE) ===

--- Check 1: MD Attachment ---
  [PASS] MD attachment: 6 databases attached

--- Check 2: Row Count Parity ---
  [PASS] Row count parity: 23 domains checked, all match
  [PASS] Canonical canonical_extracted_fact_long_v2: local=123,577  md=123,577
  [PASS] Canonical canonical_fact_quarantine_v2: local=199  md=199
  [PASS] Canonical note_extraction_runs: local=3  md=3

--- Check 3: Schema Completeness ---
  [PASS] Schema completeness: Wide note-level v2 contract on 23 promoted table(s); entity_type/entity_value_* in main.canonical_extracted_fact_long_v2 (see docs/domain_mapping_rules.md). Example stems: note_entities_llm_imaging, note_entities_llm_tirads_granular, note_entities_llm_us_nodule_dynamics…

--- Check 4: Canonical Distribution ---
  [PASS] Canonical dist (canonical_extracted_fact_long_v2): 594 domains, 123,577 total rows
  [PASS] Canonical dist (canonical_fact_quarantine_v2): 69 domains, 199 total rows

--- Check 5: Review Queue ---
  [FAIL] Review queue: 16,866 total, 11,244 reviewed, 5,622 PENDING — must be resolved before release

--- Check 6: QA Views ---
  [PASS] QA view promotion_scorecard_summary_v: 6 rows
  [PASS] QA view domain_validation_summary_v: 6 rows
  [PASS] QA view date_provenance_completeness_v: 23 rows
  [PASS] QA view manual_review_queue_summary_v: 48 rows

--- Check 7: Load Inventory ---
  [PASS] Load inventory: 150 entries, all match

--- Check 8: Release Schemas ---
  [PASS] Release schemas: 4 found: release_20260406, release_20260407, release_20260408, release_20260409

--- Check 9: Release Manifest ---
  [PASS] Release manifest: 4 release(s); latest: 20260406 (2026-04-07 04:07:52.519215)

=== Summary: 15 PASS / 0 WARN / 1 FAIL ===

  [report] studies/md_live_release_20260406/validation_run/validation_report.md

  RELEASE BLOCKED: 1 check(s) failed.
  [Formalization validation (119)] FAILED (exit 1)
  [copy] validation_report.md

  ABORT: Validation failed in final-release mode.
  [write] release_validation_strict.json
  [write] audit_summary.md
