/Users/loganglosser/THYROID_2026/scripts/_run_sql.py:31: DeprecationWarning: datetime.datetime.utcnow() is deprecated and scheduled for removal in a future version. Use timezone-aware objects to represent datetimes in UTC: datetime.datetime.now(datetime.UTC).
  return datetime.utcnow().strftime("%H:%M:%S.") + f"{datetime.utcnow().microsecond//1000:03d}Z"
[20:14:27.982Z] === START 237_document_fna_size_gap.sql
[20:14:27.983Z] parsed 15 statements from 237_document_fna_size_gap.sql
[20:14:29.065Z] connected to MotherDuck (publication DB locked)
[20:14:29.065Z] LOG: PHASE 1 — invariant capture (pre-state)
[20:14:29.065Z] ASSERT: imaging_fna_linkage_v3 has 9911 rows
[20:14:29.097Z]   [1] ASSERT PASS (31 ms)  row=(True,)
[20:14:29.097Z] ASSERT: imaging_fna_linkage_v3.fna_size_cm fully NULL (gap confirmed)
[20:14:29.126Z]   [2] ASSERT PASS (29 ms)  row=(True,)
[20:14:29.126Z] ASSERT: img_size_cm in linkage_v3 is identical to size_cm_max in long_v2 via nodule_id (the source coupling)
[20:14:29.162Z]   [3] ASSERT PASS (36 ms)  row=(True,)
[20:14:29.163Z] LOG: PHASE 2 — annotate columns with v1_0 design intent
[20:14:29.528Z]   [4] OK (365 ms)  COMMENT ON COLUMN imaging_fna_linkage_v3.fna_size_cm IS
[20:14:29.946Z]   [5] OK (419 ms)  COMMENT ON COLUMN imaging_fna_linkage_v3.size_score IS
[20:14:29.946Z] LOG: PHASE 3 — update detail_table_registry_v1 description to surface the gap
[20:14:29.986Z]   [6] OK (40 ms)  UPDATE manuscript_workspace.detail_table_registry_v1
[20:14:29.986Z] LOG: PHASE 4 — record provisional dictionary entries (idempotent: delete-then-insert)
[20:14:30.039Z]   [7] OK (53 ms)  DELETE FROM data_dictionary_v240
[20:14:30.090Z]   [8] OK (51 ms)  INSERT INTO data_dictionary_v240
[20:14:30.140Z]   [9] OK (49 ms)  INSERT INTO data_dictionary_v240
[20:14:30.140Z] LOG: PHASE 5 — assertions
[20:14:30.140Z] ASSERT: row counts unchanged for clinical tables (strict no-op invariant)
[20:14:30.168Z]   [10] ASSERT PASS (29 ms)  row=(True,)
[20:14:30.168Z] ASSERT: canonical_patient_master untouched (still 10,871)
[20:14:30.207Z]   [11] ASSERT PASS (38 ms)  row=(True,)
[20:14:30.207Z] ASSERT: COMMENT for fna_size_cm contains the v1_0-by-design marker
[20:14:30.596Z]   [12] ASSERT PASS (389 ms)  row=(True,)
[20:14:30.596Z] ASSERT: COMMENT for size_score contains the neutral-prior marker
[20:14:30.663Z]   [13] ASSERT PASS (67 ms)  row=(True,)
[20:14:30.663Z] ASSERT: registry description for imaging_fna_linkage_v3 was updated
[20:14:30.777Z]   [14] ASSERT PASS (114 ms)  row=(True,)
[20:14:30.777Z] ASSERT: data_dictionary_v240 has both provisional rows (exactly one each)
[20:14:30.910Z]   [15] ASSERT PASS (133 ms)  row=(True,)
[20:14:30.910Z] === END 237_document_fna_size_gap.sql  elapsed=1.8s  failures=0
