/Users/loganglosser/THYROID_2026/scripts/246_canonical_us_nodule_characteristics.py:93: DeprecationWarning: datetime.datetime.utcnow() is deprecated and scheduled for removal in a future version. Use timezone-aware objects to represent datetimes in UTC: datetime.datetime.now(datetime.UTC).
  return datetime.utcnow().strftime("%H:%M:%S.") + f"{datetime.utcnow().microsecond // 1000:03d}Z"
[23:23:22.940Z] === START 246_canonical_us_nodule_characteristics.py
[23:23:24.003Z] connected to thyroid_canonical_publication_v1_0
/Users/loganglosser/THYROID_2026/scripts/246_canonical_us_nodule_characteristics.py:264: DeprecationWarning: datetime.datetime.utcnow() is deprecated and scheduled for removal in a future version. Use timezone-aware objects to represent datetimes in UTC: datetime.datetime.now(datetime.UTC).
  run_ts = datetime.utcnow().strftime("%Y%m%dT%H%M%SZ")
[23:23:24.003Z] PHASE 0 — baseline capture
[23:23:24.119Z]   decision[preflight_baseline]: {"imaging_nodule_master_v1": {"rows": 37016, "patients": 6126}, "tirads_llm_extracted_v2": {"rows": 5636, "patients": 1429}, "imaging_nodule_long_v2": {"rows": 19891}, "us_nodules_tirads": {"rows": 10862}, "canonical_patient_master": {"rows": 10871}}
[23:23:24.119Z]   decision[source_grain_finding]: {"finding": "us_nodules_tirads is per-patient wide (1 row/pt \u00d7 14 nodule slots). Only imaging_nodule_master_v1 is true per-(exam, nodule) grain. The 4,736 patients in us_nodules_tirads but NOT in inm_v1 are confirmed empty placeholder rows (0% n*_tr scores, 0% nodule_N text, 0% us_1_date).", "consequence": "Build canonical_us_nodule_characteristics_v1 from inm_v1 only (6,126 pts / 37,016 rows). The 4,736 placeholder pts are documented as a v1_1 NLP-extraction TODO."}
[23:23:24.119Z]   decision[inl_v2_decision]: {"action": "archive + drop", "rationale": "100% NULL TI-RADS components (composition, echogenicity, shape, margins, calcifications) \u2014 its stated purpose. Patient set (3,439) is a strict subset of inm_v1 (6,126). size_cm_max is duplicative with inm_v1.max_dimension_cm. The imaging_exam_id column is a per-patient sequence, not a global ID \u2014 adds no unique value."}
[23:23:24.119Z] PHASE 1 — archive + drop imaging_nodule_long_v2
[23:23:24.119Z]   archiving -> "Thyroid 2026 UPdated"."archive_pub_v1_0"."imaging_nodule_long_v2_pre246_backup_20260416T232324Z"
[23:23:25.374Z]   archived 19891 rows; dropping live table
[23:23:25.752Z] PHASE 2 — build canonical_us_nodule_characteristics_v1
[23:23:26.398Z]   built in 0.6s
[23:23:26.607Z]   rows=37016 pts=6126 with_llm_overlay=4837 (13.1%) avg_complete=48.6%
[23:23:26.607Z]   decision[build_summary_canonical]: {"rows": 37016, "patients": 6126, "rows_with_llm_overlay": 4837, "rows_with_llm_overlay_pct": 13.1, "avg_data_completeness_pct": 48.6}
[23:23:26.607Z] PHASE 3 — annotate canonical
[23:23:26.939Z] PHASE 4 — build us_nodules_tirads_vs_inm_v1_discordance_v1 (audit)
[23:23:27.324Z]   rows=1722 mean_abs_diff=1.35
[23:23:27.543Z]   decision[discordance_audit]: {"rows": 1722, "mean_abs_diff": 1.35, "threshold_expected_around": 1722, "within_threshold": true}
[23:23:27.543Z] PHASE 5 — registry updates
[23:23:27.948Z]   registry updated: -1 (inl_v2), +2 (canonical + discordance)
[23:23:27.948Z] PHASE 6 — assertions
[23:23:28.416Z]   ASSERT [PASS] COUNT(*) >= 35000 (inm_v1 baseline 37,016, expect equal modulo sampling)  got 37016
[23:23:28.416Z]   ASSERT [PASS] distinct_pts (6126) == inm_v1 distinct_pts (6126) — lossless
[23:23:28.417Z]   ASSERT [PASS] all canonical pts are in CPM (got 0 unaligned)
[23:23:28.417Z]   ASSERT [PASS] inm_v1 pts not in canonical: HARD ZERO (got 0)
[23:23:28.417Z]   ASSERT [PASS] TI-RADS components NOT all-NULL (comp=19891, echo=19891, shape=19891, margins=19891, foci=1006 of 37016)
[23:23:28.417Z]   ASSERT [PASS] imaging_nodule_long_v2 absent from canonical.main
[23:23:28.417Z]   ASSERT [PASS] archive copy of imaging_nodule_long_v2 present
[23:23:28.417Z]   ASSERT [PASS] discordance audit row count ~1,722 (got 1722)
[23:23:28.417Z]   ASSERT [PASS] canonical_patient_master unchanged at 10,871 (got 10871)
[23:23:28.417Z]   ASSERT [PASS] registry has 2 new entries (got 2)
[23:23:28.417Z]   ASSERT [PASS] registry: imaging_nodule_long_v2 entry removed (got 0)
[23:23:28.417Z]   decision[final_assertions]: {"n_checks": 11, "n_pass": 11, "n_fail": 0, "details": [{"label": "COUNT(*) >= 35000 (inm_v1 baseline 37,016, expect equal modulo sampling)  got 37016", "pass": true}, {"label": "distinct_pts (6126) == inm_v1 distinct_pts (6126) \u2014 lossless", "pass": true}, {"label": "all canonical pts are in CPM (got 0 unaligned)", "pass": true}, {"label": "inm_v1 pts not in canonical: HARD ZERO (got 0)", "pass": true}, {"label": "TI-RADS components NOT all-NULL (comp=19891, echo=19891, shape=19891, margins=19891, foci=1006 of 37016)", "pass": true}, {"label": "imaging_nodule_long_v2 absent from canonical.main", "pass": true}, {"label": "archive copy of imaging_nodule_long_v2 present", "pass": true}, {"label": "discordance audit row count ~1,722 (got 1722)", "pass": true}, {"label": "canonical_patient_master unchanged at 10,871 (got 10871)", "pass": true}, {"label": "registry has 2 new entries (got 2)", "pass": true}, {"label": "registry: imaging_nodule_long_v2 entry removed (got 0)", "pass": true}]}
[23:23:28.418Z]   wrote decision log -> 246_decision_log.json (6 entries)
[23:23:28.418Z] === END 246_canonical_us_nodule_characteristics.py  elapsed=5.5s  failures=0
