[INFO] [00:22:45.831Z] Run config: do_writes=True, phases=['0', '1', '10', '2', '3', '5', '6', '8', '9'], BUILD_TS=20260422_002245
[INFO] [00:22:45.833Z] Connecting md:thyroid_canonical_publication_v1_0 (token_mode=motherduck.local.toml:MD_SA_TOKEN)
[INFO] [00:22:46.325Z] ==============================================================================
[INFO] [00:22:46.325Z] STEP 0 — Pre-flight & archive (BUILD_TS=20260422_002245)
[INFO] [00:22:46.325Z] ==============================================================================
[INFO] [00:22:46.895Z] Archive plan: main.canonical_tumor_characteristics_v1 (11,106 rows) -> canonical_tumor_characteristics_v1_pre361_20260422_002245
[INFO] [00:22:48.452Z]   archived -> "Thyroid 2026 UPdated"."archive_pub_v1_0"."canonical_tumor_characteristics_v1_pre361_20260422_002245" (11,106 rows)
[INFO] [00:22:48.534Z] Archive plan: main.canonical_benign_diagnosis_v1 (6,818 rows) -> canonical_benign_diagnosis_v1_pre361_20260422_002245
[INFO] [00:22:49.947Z]   archived -> "Thyroid 2026 UPdated"."archive_pub_v1_0"."canonical_benign_diagnosis_v1_pre361_20260422_002245" (6,818 rows)
[INFO] [00:22:50.024Z] Archive plan: main.canonical_malignant_diagnosis_v1 (4,441 rows) -> canonical_malignant_diagnosis_v1_pre361_20260422_002245
[INFO] [00:22:51.393Z]   archived -> "Thyroid 2026 UPdated"."archive_pub_v1_0"."canonical_malignant_diagnosis_v1_pre361_20260422_002245" (4,441 rows)
[INFO] [00:22:51.471Z] Archive plan: main.canonical_diagnosis_unified_v1 (11,028 rows) -> canonical_diagnosis_unified_v1_pre361_20260422_002245
[INFO] [00:22:52.918Z]   archived -> "Thyroid 2026 UPdated"."archive_pub_v1_0"."canonical_diagnosis_unified_v1_pre361_20260422_002245" (11,028 rows)
[INFO] [00:22:52.998Z] Archive plan: main.tumor_episode_master_v2 (11,691 rows) -> tumor_episode_master_v2_pre361_20260422_002245
[INFO] [00:22:54.442Z]   archived -> "Thyroid 2026 UPdated"."archive_pub_v1_0"."tumor_episode_master_v2_pre361_20260422_002245" (11,691 rows)
[INFO] [00:22:54.521Z] Archive plan: main.synoptic_tumor_long_v1 (11,103 rows) -> synoptic_tumor_long_v1_pre361_20260422_002245
[INFO] [00:22:56.007Z]   archived -> "Thyroid 2026 UPdated"."archive_pub_v1_0"."synoptic_tumor_long_v1_pre361_20260422_002245" (11,103 rows)
[INFO] [00:22:56.087Z] Archive plan: main.path_outcome_classification_v1 (10,871 rows) -> path_outcome_classification_v1_pre361_20260422_002245
[INFO] [00:22:58.953Z]   archived -> "Thyroid 2026 UPdated"."archive_pub_v1_0"."path_outcome_classification_v1_pre361_20260422_002245" (10,871 rows)
[INFO] [00:22:58.953Z] ==============================================================================
[INFO] [00:22:58.953Z] STEP 1 — Build main.canonical_path_malignant_events_v1
[INFO] [00:22:58.953Z] ==============================================================================
[INFO] [00:22:59.060Z]   source CTC v1 cols: 50
[INFO] [00:22:59.060Z]   source TEM v2 cols: 37
[INFO] [00:22:59.060Z]   source STF v1 cols: 21
[INFO] [00:22:59.371Z]   base copy (after malignancy filter): 6,689 rows
[INFO] [00:22:59.547Z]   added column main.canonical_path_malignant_events_v1.discordance_histology_flag BOOLEAN
[INFO] [00:22:59.720Z]   added column main.canonical_path_malignant_events_v1.discordance_t_stage_flag BOOLEAN
[INFO] [00:22:59.885Z]   added column main.canonical_path_malignant_events_v1.discordance_laterality_flag BOOLEAN
[INFO] [00:23:00.050Z]   added column main.canonical_path_malignant_events_v1.discordance_notes VARCHAR
[INFO] [00:23:00.146Z]   populated discordance columns on 3,663 rows from TEM v2
[INFO] [00:23:00.594Z]   added column main.canonical_path_malignant_events_v1.specimen_focus_id VARCHAR
[INFO] [00:23:00.760Z]   added column main.canonical_path_malignant_events_v1.linkage_confidence_tier VARCHAR
[INFO] [00:23:00.924Z]   added column main.canonical_path_malignant_events_v1.linkage_score DECIMAL(29,3)
[INFO] [00:23:01.023Z]   populated specimen_focus_id on 3,663 rows from STF v1
[INFO] [00:23:01.195Z]   added column main.canonical_path_malignant_events_v1.build_script VARCHAR
[INFO] [00:23:01.360Z]   added column main.canonical_path_malignant_events_v1.build_ts TIMESTAMP
[INFO] [00:23:01.524Z]   added column main.canonical_path_malignant_events_v1.consolidation_source VARCHAR
[INFO] [00:23:01.809Z]   built canonical_path_malignant_events_v1: 6,689 rows / 4,137 patients
[INFO] [00:23:01.809Z] ==============================================================================
[INFO] [00:23:01.809Z] STEP 2 — Build main.canonical_path_benign_events_v1
[INFO] [00:23:01.809Z] ==============================================================================
[WARN] [00:23:01.878Z]   benign flag nlp_nifcp has no path_synoptics source — emitting PLACEHOLDER constant FALSE
[WARN] [00:23:01.878Z]   benign flag nlp_nifp has no path_synoptics source — emitting PLACEHOLDER constant FALSE
[WARN] [00:23:01.878Z]   benign flag nlp_nifpt has no path_synoptics source — emitting PLACEHOLDER constant FALSE
[WARN] [00:23:01.878Z]   benign flag nlp_normal_thyroid has no path_synoptics source — emitting PLACEHOLDER constant FALSE
[INFO] [00:23:01.878Z]   benign_events placeholder columns (4): ['nlp_nifcp', 'nlp_nifp', 'nlp_nifpt', 'nlp_normal_thyroid']
[INFO] [00:23:03.989Z]   flagged 3,208 benign rows with concomitant malignancy
[INFO] [00:23:04.202Z]   built canonical_path_benign_events_v1: 11,688 rows / 10,871 patients
[INFO] [00:23:04.202Z] ==============================================================================
[INFO] [00:23:04.202Z] STEP 3 — Build main.canonical_path_gland_events_v1 (unified)
[INFO] [00:23:04.202Z] ==============================================================================
[INFO] [00:23:04.272Z]   all gland slot columns validated against path_synoptics ✓
[INFO] [00:23:05.598Z]   built canonical_path_gland_events_v1: 28,724 rows / 10,731 patients (thyroid=24,699, parathyroid=4,025)
[INFO] [00:23:05.598Z] ==============================================================================
[INFO] [00:23:05.598Z] STEP 5 — Build the 3 patient-grain rollup tables
[INFO] [00:23:05.598Z] ==============================================================================
[INFO] [00:23:05.844Z]   built canonical_path_malignant_patient_rollup_v1: 4,137 rows
[INFO] [00:23:07.158Z]   added column main.canonical_path_benign_patient_rollup_v1.bethesda_final BIGINT
[INFO] [00:23:07.317Z]   added column main.canonical_path_benign_patient_rollup_v1.bethesda_final_name VARCHAR
[INFO] [00:23:07.477Z]   added column main.canonical_path_benign_patient_rollup_v1.regex_path_outcome VARCHAR
[INFO] [00:23:07.586Z]   merged bethesda_final on 5,249 benign rollup rows
[INFO] [00:23:07.609Z]   built canonical_path_benign_patient_rollup_v1: 10,871 rows
[INFO] [00:23:07.828Z]   built canonical_path_gland_patient_rollup_v1: 10,731 rows
[INFO] [00:23:07.828Z] ==============================================================================
[INFO] [00:23:07.828Z] STEP 6 — Create / refresh views_readable views
[INFO] [00:23:07.828Z] ==============================================================================
[INFO] [00:23:07.989Z]   view views_readable.path_malignant_events_VIEW_v1 -> main.canonical_path_malignant_events_v1
[INFO] [00:23:08.147Z]   view views_readable.path_benign_events_VIEW_v1 -> main.canonical_path_benign_events_v1
[INFO] [00:23:08.307Z]   view views_readable.path_gland_events_VIEW_v1 -> main.canonical_path_gland_events_v1
[INFO] [00:23:08.466Z]   view views_readable.path_malignant_patient_rollup_VIEW_v1 -> main.canonical_path_malignant_patient_rollup_v1
[INFO] [00:23:08.624Z]   view views_readable.path_benign_patient_rollup_VIEW_v1 -> main.canonical_path_benign_patient_rollup_v1
[INFO] [00:23:08.783Z]   view views_readable.path_gland_patient_rollup_VIEW_v1 -> main.canonical_path_gland_patient_rollup_v1
[INFO] [00:23:08.783Z] ==============================================================================
[INFO] [00:23:08.783Z] STEP 8 — detail_table_registry_v1 sync
[INFO] [00:23:08.783Z] ==============================================================================
[INFO] [00:23:08.849Z]   registry columns: ['detail_table_name', 'schema_name', 'join_key', 'grain', 'total_rows', 'total_patients', 'domain', 'feeds_master_columns', 'description', 'canonical_version', 'feeds_master_columns_secondary', 'feeds_master_columns_array', 'needs_manual_review']
[INFO] [00:23:08.874Z]   registry rows for deprecated tables (pre-delete): 0
[INFO] [00:23:08.900Z]   deleted 0 legacy registry rows
[INFO] [00:23:09.044Z]   INSERT registry row: canonical_path_malignant_events_v1 (rows=6689, patients=4137)
[INFO] [00:23:09.228Z]   INSERT registry row: canonical_path_benign_events_v1 (rows=11688, patients=10871)
[INFO] [00:23:09.414Z]   INSERT registry row: canonical_path_gland_events_v1 (rows=28724, patients=10731)
[INFO] [00:23:09.603Z]   INSERT registry row: canonical_path_malignant_patient_rollup_v1 (rows=4137, patients=4137)
[INFO] [00:23:09.791Z]   INSERT registry row: canonical_path_benign_patient_rollup_v1 (rows=10871, patients=10871)
[INFO] [00:23:09.977Z]   INSERT registry row: canonical_path_gland_patient_rollup_v1 (rows=10731, patients=10731)
[INFO] [00:23:10.013Z] ==============================================================================
[INFO] [00:23:10.013Z] STEP 9 — CPM feeder audit (report only)
[INFO] [00:23:10.013Z] ==============================================================================
[INFO] [00:23:10.086Z]   CPM has 1532 total columns, 118 nlp_* columns
[INFO] [00:23:10.853Z]   CPM feeder audit -> /Users/ros/THyroid 2026/op_path_cpm_feeder_audit_20260421.md
[INFO] [00:23:10.853Z]   found 0 likely CPM ↔ deprecated source matches
[INFO] [00:23:10.853Z] ==============================================================================
[INFO] [00:23:10.853Z] STEP 10 — Zero-drift QA
[INFO] [00:23:10.853Z] ==============================================================================
[INFO] [00:23:10.934Z]   QA PASS malignant_patient_count_matches_legacy: {'rollup_count': 4137, 'archive_count': 4137, 'legacy_row_count': 4441}
[INFO] [00:23:11.017Z]   QA PASS benign_patient_count_geq_legacy: {'rollup_count': 8846, 'archive_count': 6734}
[INFO] [00:23:11.097Z]   QA PASS malignant_events_rowcount_matches_ctc_archive_filtered: {'events_count': 6689, 'archive_count_filtered': 6689}
[INFO] [00:23:11.415Z]   QA PASS no_research_ids_lost: {'n_before': 10871, 'n_after': 10871, 'n_lost': 0, 'sample_lost': []}
[INFO] [00:23:11.606Z]   QA PASS bethesda_preserved_union_check: {'archive_count': 5249, 'union_rollup_count': 5249}
[INFO] [00:23:11.753Z]   QA PASS malignant_linkage_population_geq_50pct: {'rows_with_specimen_focus_id': 3663, 'malignant_events_total': 6689, 'actual_pct': 0.5476, 'target_threshold_50pct': 3344, 'upstream_ceiling_pct': 0.672}
[INFO] [00:23:11.853Z]   QA PASS benign_events_full_linkage_rate_geq_60pct: {'n_total': 11688, 'n_full': 7299, 'full_pct': 0.6245, 'n_ambiguous_multi_specimen': 1082}
[INFO] [00:23:11.889Z]   QA PASS view_resolves_path_malignant_events_VIEW_v1: {}
[INFO] [00:23:11.924Z]   QA PASS view_resolves_path_benign_events_VIEW_v1: {}
[INFO] [00:23:11.958Z]   QA PASS view_resolves_path_gland_events_VIEW_v1: {}
[INFO] [00:23:11.994Z]   QA PASS view_resolves_path_malignant_patient_rollup_VIEW_v1: {}
[INFO] [00:23:12.032Z]   QA PASS view_resolves_path_benign_patient_rollup_VIEW_v1: {}
[INFO] [00:23:12.067Z]   QA PASS view_resolves_path_gland_patient_rollup_VIEW_v1: {}
[INFO] [00:23:12.067Z]   QA report -> /Users/ros/THyroid 2026/qa/qa_script_361_op_path_consolidation.json
[INFO] [00:23:12.067Z] Script 361 complete.
