[13:43:21.196Z] Script 386 — post-387 dedup pass — 2026-04-22T13:43:21.196840+00:00
[13:43:21.197Z]   apply_dedup=False  apply_archive_drop=False  apply_view_renames=False
[13:43:21.223Z]   Connecting to MotherDuck (motherduck.local.toml:MD_SA_TOKEN) …
[13:43:21.764Z]   Connected. DB: thyroid_canonical_publication_v1_0
[13:43:21.764Z] ======================================================================
[13:43:21.764Z] PRE-STATE — verify Script 387 ran cleanly
[13:43:21.764Z] ======================================================================
[13:43:22.324Z]   gate OK: tier2 schema empty/absent (got 0 objects)
[13:43:22.354Z]   gate OK: verify schema empty/absent (got 0 objects)
[13:43:22.383Z]   gate OK: views_readable.survival_followup_VIEW_v1 dropped (got 0)
[13:43:22.413Z]   gate OK: 13 ms_workspace legacy artifacts archived (got 0)
[13:43:22.413Z]   gate OK: 387 close-out file exists (387_close_out.md)
[13:43:22.413Z]   gate OK: 387 dedup probe report exists (387_dedup_probe_report.md)
[13:43:22.414Z]   gate OK: 387 close-out contains 'Phase 6 — dedup probe outcomes'
[13:43:22.414Z]   [387 carry] * `fail_rollup` (rollup invariant violation — HARD FAIL): 0
[13:43:22.414Z] PRE-STATE complete
[13:43:22.414Z] ======================================================================
[13:43:22.414Z] PART (a) — within-canonical event-row dedup + 387 baseline re-verify
[13:43:22.414Z] ======================================================================
[13:43:22.414Z]   -- NEW canonicals (key = (rid, note_row_id, entity_type, entity_value, source_line)) --
[13:43:22.664Z]     canonical_pathology_clinical_events_v1: rows=13,358 distinct=13,358 null_key=0 collapse=0
[13:43:22.908Z]     canonical_cervical_ln_clinical_events_v1: rows=4,493 distinct=4,493 null_key=0 collapse=0
[13:43:23.152Z]     canonical_esophageal_invasion_events_v1: rows=188 distinct=188 null_key=0 collapse=0
[13:43:23.152Z]   -- PRE-EXISTING canonicals: re-verify against 387 BASELINE_387 --
[13:43:26.832Z]     canonical_complications_events_v1: collapse=15 (387 baseline=15, delta=+0)
[13:43:26.939Z]     canonical_invasion_events_v1: collapse=7,578 (387 baseline=7,578, delta=+0)
[13:43:27.072Z]     canonical_medications_events_v1: collapse=2,512 (387 baseline=2,512, delta=+0)
[13:43:27.166Z]     canonical_molecular_genetics_v2: collapse=856 (387 baseline=856, delta=+0)
[13:43:27.261Z]     canonical_path_malignant_events_v1: collapse=442 (387 baseline=442, delta=+0)
[13:43:27.398Z]     canonical_pmh_events_v1: collapse=816 (387 baseline=816, delta=+0)
[13:43:27.530Z]     canonical_psh_events_v1: collapse=233 (387 baseline=233, delta=+0)
[13:43:27.530Z]   re-verification clean: no NEW collapses on pre-existing canonicals
[13:43:27.530Z] PART (a) complete
[13:43:27.530Z] ======================================================================
[13:43:27.530Z] PART (b) — residual archive_drop scan
[13:43:27.530Z] ======================================================================
[13:43:27.563Z]   main.* tmp/stg/wip: 0 found
[13:43:27.599Z]   registry has no `superseded` column; skipping that probe
[13:43:27.599Z]   __readme deprecation-log residual probe: skipped (the current __readme schema is content/updated_at/git_sha/script — no structured deprecation log to parse).  Residual probe would require adding such a log column.
[13:43:27.600Z]   candidates written: 386_dedup_candidates.json
[13:43:27.600Z]   no residual archive_drop candidates
[13:43:27.600Z] PART (b) complete
[13:43:27.600Z] ======================================================================
[13:43:27.600Z] PART (c) — view-naming convention verification
[13:43:27.600Z] ======================================================================
[13:43:27.632Z]   main views without _VIEW_v suffix: 0 raw, 0 after grandfathered filter
[13:43:27.632Z]   view-rename plan written: 386_view_renames.json
[13:43:27.632Z]   no view-naming violators
[13:43:27.632Z] PART (c) complete
[13:43:27.633Z]   close-out: 386_close_out.md
[13:43:27.633Z] Done.
