  Connected to MotherDuck (md:Thyroid 2026)
  MotherDuck connection verified (fail-closed gate passed)
  Snapshot specimen_fhir_pre_20260413_162542: skipped — InvalidInputException('Invalid Input Error: Database is not a native duckdb database so it does not have snapshots') — CREATE SNAPSHOT "specimen_fhir_pre_20260413_162542" OF "Thyroid 2026";
  [genomics PASS] genomic_assay_id_unique: (True,)
  [genomics PASS] specimen_master_fk_when_present: (True,)
  [genomics PASS] high_tier_null_specimen_guard: (True,)
  [genomics PASS] specimen_focus_fk_when_populated: (True,)
  [genomics PASS] thyroseq_explode_ordinality_dense: (True,)
  [genomics PASS] thyroseq_fusion_array_parity: (True,)
  [genomics PASS] thyroseq_allele_array_parity: (True,)
  [genomics PASS] thyroseq_payload_fingerprint_unique_per_slice: (True,)
  [genomics PASS] linkage_confidence_tier_enum: (True,)
  [genomics PASS] binding_confidence_tier_enum: (True,)
  [genomics PASS] A_exact_high_requires_specimen_ids: (True,)
  [genomics PASS] thyroseq_exploded_rows_strict_positive_ord: (True,)
  Connected to MotherDuck (md:Thyroid 2026)
  MotherDuck connection verified (fail-closed gate passed)
  qa diagnostics deployed (UA=specimen_fhir_live_parity_v1)
  [PASS] specimen_master_fingerprint_unique: (True,)
  [PASS] specimen_master_id_unique: (True,)
  [PASS] specimen_focus_fingerprint_unique: (True,)
  [PASS] specimen_focus_orphan_guard: (True,)
  [PASS] multi_synoptic_fp_isolation: (True,)
  [PASS] genomic_assay_id_unique: (True,)
  [PASS] fhir_specimen_subject_ref: (True,)
  [PASS] fhir_specimen_collection_procedure_ref: (True,)
  [PASS] fhir_procedure_encounter_ref: (True,)
  [PASS] fhir_encounter_episode_ref: (True,)
  [PASS] fhir_episode_id_unique: (True,)
  [PASS] fhir_procedure_orphan_guard: (True,)
Done. Study artifacts under /Users/ros/THyroid 2026/studies/specimen_fhir_export_20260413_162540
