[12:24:00.043Z] ==============================================================================
[12:24:00.043Z] # Script 266b run
[12:24:00.043Z] started_at: 2026-04-17T12:24:00.043458+00:00
[12:24:00.043Z] mode      : DRY-RUN
[12:24:00.043Z] phase     : 3
[12:24:01.664Z] connected to thyroid_canonical_publication_v1_0
[12:24:01.664Z] 
## Phase 0 — preflight + sequencing gates
[12:24:01.750Z]   connected_to        : thyroid_canonical_publication_v1_0
[12:24:01.750Z]   cpm_n_patients      : 10871
[12:24:01.750Z]   ctc_n_rows          : 11106
[12:24:02.412Z]   GATE 266a applied   : data_dictionary_v266a exists = True
[12:24:02.509Z]   GATE big-cleanup    : ajcc8_t_stage=True corrected=False v2=True DEPRECATED__present=True
[12:24:02.605Z]   CTC has un-versioned t_stage : True
[12:24:02.605Z]   CTC has un-versioned n_stage : True
[12:24:02.605Z]   CTC has un-versioned m_stage : True
[12:24:02.605Z]   CTC has un-versioned overall_stage : True
[12:24:02.605Z]   CTC required inputs missing : none
[12:24:02.605Z] 
## Phase 3 — derive per-tumor AJCC7/AJCC8 (pandas + UPDATE CTC)
[12:24:02.605Z]   pulling per-tumor frame ...
[12:24:03.077Z]   rows: 18633  patients: 8422
[12:24:03.442Z]   ete classification audit -> 266b_ete_classification_audit.csv (51 unique (stl_text, source) pairs)
[12:24:03.444Z]   ete source counts: {'uncalculable:no_stl_no_adjudication': 9606, 'stl_per_tumor:unclassified_present': 4665, 'cpm_patient_level:broadcast_to_dominant:microscopic': 3368, 'stl_per_tumor:microscopic': 681, 'cpm_patient_level:broadcast_to_dominant:gross': 189, 'ete_adjudication_v1:unable_to_determine': 58, 'ete_adjudication_v1:absent': 42, 'cpm_patient_level:broadcast_to_dominant:absent': 14, 'ete_adjudication_v1:gross': 8, 'ete_adjudication_v1:microscopic': 2}
[12:24:05.987Z]   staging frame ready: 18633 rows
[12:24:05.987Z]   distribution snapshot (AJCC8 T per-tumor, staging-frame grain):
[12:24:05.988Z]     {'T1a': 7456, None: 5422, 'T1b': 2618, 'T2': 1935, 'T3a': 959, 'T3b': 196, 'T4a': 47}
[12:24:05.996Z]   distribution snapshot (AJCC8 T per-tumor, distinct-CTC-key grain -- 10443 keys; this matches what UPDATE writes):
[12:24:05.997Z]     {None: 4775, 'T1a': 2830, 'T1b': 1199, 'T2': 954, 'T3a': 493, 'T3b': 180, 'T4a': 12}
[12:24:06.021Z]   distribution snapshot (AJCC8 T per-PATIENT dominant tumor -- 8422 patients; Phase 4 will surface this on CPM):
[12:24:06.022Z]     {None: 4423, 'T1a': 1224, 'T1b': 1036, 'T2': 978, 'T3a': 566, 'T3b': 188, 'T4a': 7}
[12:24:06.022Z]   distribution snapshot (AJCC7 T per-tumor):
[12:24:06.022Z]     {'T1a': 7456, None: 5422, 'T1b': 2618, 'T2': 1935, 'T3': 1155, 'T4a': 47}
[12:24:06.022Z]   calculable flags:
[12:24:06.023Z]     ajcc8_stage_calculable_flag=TRUE : 12119
[12:24:06.023Z]     ajcc7_stage_calculable_flag=TRUE : 13116
[12:24:06.023Z]   PLAN: would register stg as DuckDB temp view + 14-column UPDATE.
[12:24:06.044Z] 
elapsed: 6.0s
[12:24:06.044Z] DONE
