[20:38:56.011Z] ==============================================================================
[20:38:56.011Z] # Script 266b run
[20:38:56.011Z] started_at: 2026-04-17T20:38:56.011813+00:00
[20:38:56.011Z] mode      : APPLY
[20:38:56.011Z] phase     : 4
[20:38:57.099Z] connected to thyroid_canonical_publication_v1_0
[20:38:57.099Z] 
## Phase 0 — preflight + sequencing gates
[20:38:57.138Z]   connected_to        : thyroid_canonical_publication_v1_0
[20:38:57.138Z]   cpm_n_patients      : 10871
[20:38:57.138Z]   ctc_n_rows          : 11106
[20:38:57.539Z]   GATE 266a applied   : data_dictionary_v266a exists = True
[20:38:57.607Z]   GATE big-cleanup    : ajcc8_t_stage=True corrected=False v2=True DEPRECATED__present=True
[20:38:57.674Z]   CTC has un-versioned t_stage : True
[20:38:57.674Z]   CTC has un-versioned n_stage : True
[20:38:57.674Z]   CTC has un-versioned m_stage : True
[20:38:57.674Z]   CTC has un-versioned overall_stage : True
[20:38:57.674Z]   CTC required inputs missing : none
[20:38:57.674Z] 
## Phase 4 — CREATE TABLE tumor_stage_heterogeneity_v1
[20:38:57.674Z]   EXEC [ctas_heterogeneity]: CREATE OR REPLACE TABLE thyroid_canonical_publication_v1_0.main.tumor_stage_heterogeneity_v1 AS
[20:38:58.151Z]   EXEC [comment_het]: COMMENT ON TABLE thyroid_canonical_publication_v1_0.main.tumor_stage_heterogeneity_v1 IS 'Script 266b (2026-04-17). Patient-grain rollup of per-tumor AJCC stage
[20:38:58.410Z]   tumor_stage_heterogeneity_v1 rows: 8422
[20:38:58.571Z] 
elapsed: 2.6s
[20:38:58.571Z] DONE
