[20:47:14.949Z] ==============================================================================
[20:47:14.950Z] # Script 266b run
[20:47:14.950Z] started_at: 2026-04-17T20:47:14.950632+00:00
[20:47:14.950Z] mode      : APPLY
[20:47:14.951Z] phase     : 6
[20:47:16.993Z] connected to thyroid_canonical_publication_v1_0
[20:47:16.993Z] 
## Phase 0 — preflight + sequencing gates
[20:47:17.279Z]   connected_to        : thyroid_canonical_publication_v1_0
[20:47:17.279Z]   cpm_n_patients      : 10871
[20:47:17.279Z]   ctc_n_rows          : 11106
[20:47:20.031Z]   GATE 266a applied   : data_dictionary_v266a exists = True
[20:47:20.443Z]   GATE big-cleanup    : ajcc8_t_stage=True corrected=False v2=True DEPRECATED__present=True
[20:47:20.846Z]   CTC has un-versioned t_stage : True
[20:47:20.847Z]   CTC has un-versioned n_stage : True
[20:47:20.847Z]   CTC has un-versioned m_stage : True
[20:47:20.847Z]   CTC has un-versioned overall_stage : True
[20:47:20.847Z]   CTC required inputs missing : none
[20:47:20.847Z] 
## Phase 6 — validation suite
[20:47:21.017Z]   V1 dominant_t8 vs histology_1_t8: 1940/4135 = 46.92%
[20:47:21.214Z]   V1 discordance rows -> 266b_dominant_vs_histology1_discordance.csv: 2195
[20:47:21.472Z]   V2 per-tumor ajcc8 calculable: tumors=5931 patients=3610
[20:47:21.595Z]   V3 ajcc8_t distribution: {'T1a': 2972, 'T1b': 1403, 'T2': 1216, 'T3a': 719, 'T3b': 206, 'T4a': 15, None: 4575}
[20:47:21.596Z]   V3 ajcc7_t distribution: {'T1a': 2972, 'T1b': 1403, 'T2': 1216, 'T3': 925, 'T4a': 15, None: 4575}
[20:47:21.723Z]   V4 heterogeneous t_ajcc8 patients: 851
[20:47:21.723Z]   V4 heterogeneous overall_ajcc8 patients: 5
[20:47:22.137Z] 
elapsed: 7.2s
[20:47:22.138Z] DONE
