[20:43:07.740Z] ==============================================================================
[20:43:07.740Z] # Script 266b run
[20:43:07.740Z] started_at: 2026-04-17T20:43:07.740501+00:00
[20:43:07.740Z] mode      : APPLY
[20:43:07.740Z] phase     : 5
[20:43:08.807Z] connected to thyroid_canonical_publication_v1_0
[20:43:08.807Z] 
## Phase 0 — preflight + sequencing gates
[20:43:08.863Z]   connected_to        : thyroid_canonical_publication_v1_0
[20:43:08.863Z]   cpm_n_patients      : 10871
[20:43:08.863Z]   ctc_n_rows          : 11106
[20:43:09.344Z]   GATE 266a applied   : data_dictionary_v266a exists = True
[20:43:09.417Z]   GATE big-cleanup    : ajcc8_t_stage=True corrected=False v2=True DEPRECATED__present=True
[20:43:09.488Z]   CTC has un-versioned t_stage : True
[20:43:09.488Z]   CTC has un-versioned n_stage : True
[20:43:09.488Z]   CTC has un-versioned m_stage : True
[20:43:09.488Z]   CTC has un-versioned overall_stage : True
[20:43:09.488Z]   CTC required inputs missing : none
[20:43:09.489Z] 
## Phase 5 — ALTER CPM ADD COLUMN + UPDATE from heterogeneity
[20:43:09.565Z]   EXEC [add:dominant_tumor_ajcc7_t_stage]: ALTER TABLE thyroid_canonical_publication_v1_0.main.canonical_patient_master ADD COLUMN dominant_tumor_ajcc7_t_stage VARCHAR
[20:43:10.015Z]   EXEC [add:dominant_tumor_ajcc7_n_stage]: ALTER TABLE thyroid_canonical_publication_v1_0.main.canonical_patient_master ADD COLUMN dominant_tumor_ajcc7_n_stage VARCHAR
[20:43:10.275Z]   EXEC [add:dominant_tumor_ajcc7_m_stage]: ALTER TABLE thyroid_canonical_publication_v1_0.main.canonical_patient_master ADD COLUMN dominant_tumor_ajcc7_m_stage VARCHAR
[20:43:10.577Z]   EXEC [add:dominant_tumor_ajcc7_stage_group]: ALTER TABLE thyroid_canonical_publication_v1_0.main.canonical_patient_master ADD COLUMN dominant_tumor_ajcc7_stage_group VARCHAR
[20:43:11.020Z]   EXEC [add:dominant_tumor_ajcc8_t_stage]: ALTER TABLE thyroid_canonical_publication_v1_0.main.canonical_patient_master ADD COLUMN dominant_tumor_ajcc8_t_stage VARCHAR
[20:43:11.286Z]   EXEC [add:dominant_tumor_ajcc8_n_stage]: ALTER TABLE thyroid_canonical_publication_v1_0.main.canonical_patient_master ADD COLUMN dominant_tumor_ajcc8_n_stage VARCHAR
[20:43:11.652Z]   EXEC [add:dominant_tumor_ajcc8_m_stage]: ALTER TABLE thyroid_canonical_publication_v1_0.main.canonical_patient_master ADD COLUMN dominant_tumor_ajcc8_m_stage VARCHAR
[20:43:12.055Z]   EXEC [add:dominant_tumor_ajcc8_stage_group]: ALTER TABLE thyroid_canonical_publication_v1_0.main.canonical_patient_master ADD COLUMN dominant_tumor_ajcc8_stage_group VARCHAR
[20:43:12.316Z]   EXEC [add:tumor_stage_heterogeneous_t_ajcc8_flag]: ALTER TABLE thyroid_canonical_publication_v1_0.main.canonical_patient_master ADD COLUMN tumor_stage_heterogeneous_t_ajcc8_flag BOOLEAN
[20:43:12.676Z]   EXEC [add:tumor_stage_heterogeneous_overall_ajcc8_flag]: ALTER TABLE thyroid_canonical_publication_v1_0.main.canonical_patient_master ADD COLUMN tumor_stage_heterogeneous_overall_ajcc8_flag BOOLEAN
[20:43:13.052Z]   EXEC [add:n_tumors_ajcc7_staged]: ALTER TABLE thyroid_canonical_publication_v1_0.main.canonical_patient_master ADD COLUMN n_tumors_ajcc7_staged INTEGER
[20:43:13.302Z]   EXEC [add:n_tumors_ajcc8_staged]: ALTER TABLE thyroid_canonical_publication_v1_0.main.canonical_patient_master ADD COLUMN n_tumors_ajcc8_staged INTEGER
[20:43:13.613Z]   EXEC [update_cpm_dominant]: UPDATE thyroid_canonical_publication_v1_0.main.canonical_patient_master AS cpm
[20:43:14.682Z]   EXEC [comment:dominant_tumor_ajcc7_t_stage]: COMMENT ON COLUMN thyroid_canonical_publication_v1_0.main.canonical_patient_master.dominant_tumor_ajcc7_t_stage IS 'Script 266b (2026-04-17). Sourced from main.
[20:43:15.146Z]   EXEC [comment:dominant_tumor_ajcc7_n_stage]: COMMENT ON COLUMN thyroid_canonical_publication_v1_0.main.canonical_patient_master.dominant_tumor_ajcc7_n_stage IS 'Script 266b (2026-04-17). Sourced from main.
[20:43:15.398Z]   EXEC [comment:dominant_tumor_ajcc7_m_stage]: COMMENT ON COLUMN thyroid_canonical_publication_v1_0.main.canonical_patient_master.dominant_tumor_ajcc7_m_stage IS 'Script 266b (2026-04-17). Sourced from main.
[20:43:15.704Z]   EXEC [comment:dominant_tumor_ajcc7_stage_group]: COMMENT ON COLUMN thyroid_canonical_publication_v1_0.main.canonical_patient_master.dominant_tumor_ajcc7_stage_group IS 'Script 266b (2026-04-17). Sourced from m
[20:43:16.020Z]   EXEC [comment:dominant_tumor_ajcc8_t_stage]: COMMENT ON COLUMN thyroid_canonical_publication_v1_0.main.canonical_patient_master.dominant_tumor_ajcc8_t_stage IS 'Script 266b (2026-04-17). Sourced from main.
[20:43:16.321Z]   EXEC [comment:dominant_tumor_ajcc8_n_stage]: COMMENT ON COLUMN thyroid_canonical_publication_v1_0.main.canonical_patient_master.dominant_tumor_ajcc8_n_stage IS 'Script 266b (2026-04-17). Sourced from main.
[20:43:16.553Z]   EXEC [comment:dominant_tumor_ajcc8_m_stage]: COMMENT ON COLUMN thyroid_canonical_publication_v1_0.main.canonical_patient_master.dominant_tumor_ajcc8_m_stage IS 'Script 266b (2026-04-17). Sourced from main.
[20:43:17.063Z]   EXEC [comment:dominant_tumor_ajcc8_stage_group]: COMMENT ON COLUMN thyroid_canonical_publication_v1_0.main.canonical_patient_master.dominant_tumor_ajcc8_stage_group IS 'Script 266b (2026-04-17). Sourced from m
[20:43:17.375Z]   EXEC [comment:tumor_stage_heterogeneous_t_ajcc8_flag]: COMMENT ON COLUMN thyroid_canonical_publication_v1_0.main.canonical_patient_master.tumor_stage_heterogeneous_t_ajcc8_flag IS 'Script 266b (2026-04-17). Sourced 
[20:43:17.609Z]   EXEC [comment:tumor_stage_heterogeneous_overall_ajcc8_flag]: COMMENT ON COLUMN thyroid_canonical_publication_v1_0.main.canonical_patient_master.tumor_stage_heterogeneous_overall_ajcc8_flag IS 'Script 266b (2026-04-17). So
[20:43:17.905Z]   EXEC [comment:n_tumors_ajcc7_staged]: COMMENT ON COLUMN thyroid_canonical_publication_v1_0.main.canonical_patient_master.n_tumors_ajcc7_staged IS 'Script 266b (2026-04-17). Sourced from main.tumor_s
[20:43:18.275Z]   EXEC [comment:n_tumors_ajcc8_staged]: COMMENT ON COLUMN thyroid_canonical_publication_v1_0.main.canonical_patient_master.n_tumors_ajcc8_staged IS 'Script 266b (2026-04-17). Sourced from main.tumor_s
[20:43:18.780Z] 
elapsed: 11.0s
[20:43:18.780Z] DONE
