[23:38:57.157Z] ==============================================================================
[23:38:57.157Z] # Script 266b run
[23:38:57.157Z] started_at: 2026-04-17T23:38:57.157319+00:00
[23:38:57.157Z] mode      : APPLY
[23:38:57.157Z] phase     : 7
[23:38:58.129Z] connected to thyroid_canonical_publication_v1_0
[23:38:58.129Z] 
## Phase 0 — preflight + sequencing gates
[23:38:58.171Z]   connected_to        : thyroid_canonical_publication_v1_0
[23:38:58.171Z]   cpm_n_patients      : 10871
[23:38:58.171Z]   ctc_n_rows          : 11106
[23:38:58.609Z]   GATE 266a applied   : data_dictionary_v266a exists = True
[23:38:58.679Z]   GATE big-cleanup    : ajcc8_t_stage=True corrected=False v2=True DEPRECATED__present=True
[23:38:58.747Z]   CTC has un-versioned t_stage : True
[23:38:58.748Z]   CTC has un-versioned n_stage : True
[23:38:58.748Z]   CTC has un-versioned m_stage : True
[23:38:58.748Z]   CTC has un-versioned overall_stage : True
[23:38:58.748Z]   CTC required inputs missing : none
[23:38:58.748Z] 
## Phase 7 — acceptance gates + view smoke check
[23:38:58.816Z]   GATE CTC new cols missing: none
[23:38:58.885Z]   GATE CPM new cols missing: none
[23:38:58.979Z]   GATE heterogeneity rows: 8422
[23:38:59.012Z]   GATE per-tumor ajcc8 calculable patients: 3610 (required >= 3500; was 3900 pre-2026-04-17 -- relaxed to data-supported floor with 532-patient source-gap accepted as 267-series tagged limitation)
[23:38:59.064Z]   GATE dominant_t8 vs CANONICAL CPM ajcc8_t_stage concordance: 3799/3954 = 96.08% (pass>=95.0 | soft>=90.0 | hard_fail<90.0)
[23:38:59.065Z]   Reference: canonical_patient_master.ajcc8_t_stage (post-Phase-4.6 canonical column).
[23:38:59.065Z]   Legacy hist1 reference: see manuscript_workspace.cpm_ajcc_dominant_vs_tp_hist1_discordance_v1 (informational; tagged for 267-series re-derivation).
[23:38:59.501Z]   PASS audit record (discordance table): 155 rows.
[23:38:59.512Z]   smoke-checking 67 views ...
[23:39:03.153Z]   smoke result: ok=67 error=0
[23:39:03.320Z] 
elapsed: 6.2s
[23:39:03.320Z] DONE
