[12:37:55.879Z] ==============================================================================
[12:37:55.879Z] # Script 266b run
[12:37:55.879Z] started_at: 2026-04-17T12:37:55.879607+00:00
[12:37:55.879Z] mode      : APPLY
[12:37:55.879Z] phase     : 3
[12:37:56.849Z] connected to thyroid_canonical_publication_v1_0
[12:37:56.850Z] 
## Phase 0 — preflight + sequencing gates
[12:37:56.886Z]   connected_to        : thyroid_canonical_publication_v1_0
[12:37:56.886Z]   cpm_n_patients      : 10871
[12:37:56.886Z]   ctc_n_rows          : 11106
[12:37:57.471Z]   GATE 266a applied   : data_dictionary_v266a exists = True
[12:37:57.564Z]   GATE big-cleanup    : ajcc8_t_stage=True corrected=False v2=True DEPRECATED__present=True
[12:37:57.655Z]   CTC has un-versioned t_stage : True
[12:37:57.655Z]   CTC has un-versioned n_stage : True
[12:37:57.655Z]   CTC has un-versioned m_stage : True
[12:37:57.655Z]   CTC has un-versioned overall_stage : True
[12:37:57.655Z]   CTC required inputs missing : none
[12:37:57.655Z] 
## Phase 3 — derive per-tumor AJCC7/AJCC8 (pandas + UPDATE CTC)
[12:37:57.655Z]   pulling per-tumor frame ...
[12:37:58.056Z]   rows: 18633  patients: 8422
[12:37:58.387Z]   ete classification audit -> 266b_ete_classification_audit.csv (51 unique (stl_text, source) pairs)
[12:37:58.389Z]   ete source counts: {'uncalculable:no_stl_no_adjudication': 9606, 'stl_per_tumor:unclassified_present': 4665, 'cpm_patient_level:broadcast_to_dominant:microscopic': 3368, 'stl_per_tumor:microscopic': 681, 'cpm_patient_level:broadcast_to_dominant:gross': 189, 'ete_adjudication_v1:unable_to_determine': 58, 'ete_adjudication_v1:absent': 42, 'cpm_patient_level:broadcast_to_dominant:absent': 14, 'ete_adjudication_v1:gross': 8, 'ete_adjudication_v1:microscopic': 2}
[12:38:00.665Z]   post-dedup staging frame: 10443 rows (must equal distinct-CTC-key count 10443)
[12:38:00.665Z]   distribution snapshot (AJCC8 T per-tumor, post-dedup -- this IS what UPDATE writes):
[12:38:00.666Z]     {None: 4514, 'T1a': 2847, 'T1b': 1265, 'T2': 1040, 'T3a': 575, 'T3b': 190, 'T4a': 12}
[12:38:00.666Z]   staging frame ready: 10443 rows
[12:38:00.666Z]   distribution snapshot (AJCC8 T per-tumor, staging-frame grain):
[12:38:00.667Z]     {None: 4514, 'T1a': 2847, 'T1b': 1265, 'T2': 1040, 'T3a': 575, 'T3b': 190, 'T4a': 12}
[12:38:00.670Z]   distribution snapshot (AJCC8 T per-tumor, distinct-CTC-key grain -- 10443 keys; this matches what UPDATE writes):
[12:38:00.671Z]     {None: 4514, 'T1a': 2847, 'T1b': 1265, 'T2': 1040, 'T3a': 575, 'T3b': 190, 'T4a': 12}
[12:38:00.688Z]   distribution snapshot (AJCC8 T per-PATIENT dominant tumor -- 8422 patients; Phase 4 will surface this on CPM):
[12:38:00.688Z]     {None: 4423, 'T1a': 1224, 'T1b': 1036, 'T2': 978, 'T3a': 566, 'T3b': 188, 'T4a': 7}
[12:38:00.688Z]   distribution snapshot (AJCC7 T per-tumor):
[12:38:00.689Z]     {None: 4514, 'T1a': 2847, 'T1b': 1265, 'T2': 1040, 'T3': 765, 'T4a': 12}
[12:38:00.689Z]   calculable flags:
[12:38:00.690Z]     ajcc8_stage_calculable_flag=TRUE : 5394
[12:38:00.690Z]     ajcc7_stage_calculable_flag=TRUE : 5736
[12:38:00.716Z]   EXEC [update_ctc]: UPDATE thyroid_canonical_publication_v1_0.main.canonical_tumor_characteristics_v1 AS t
[12:38:03.162Z]   EXEC [comment:t_stage_ajcc7]: COMMENT ON COLUMN thyroid_canonical_publication_v1_0.main.canonical_tumor_characteristics_v1.t_stage_ajcc7 IS 'Per-tumor AJCC staging populated by Script 266b (
[12:38:03.459Z]   EXEC [comment:n_stage_ajcc7]: COMMENT ON COLUMN thyroid_canonical_publication_v1_0.main.canonical_tumor_characteristics_v1.n_stage_ajcc7 IS 'Per-tumor AJCC staging populated by Script 266b (
[12:38:03.768Z]   EXEC [comment:m_stage_ajcc7]: COMMENT ON COLUMN thyroid_canonical_publication_v1_0.main.canonical_tumor_characteristics_v1.m_stage_ajcc7 IS 'Per-tumor AJCC staging populated by Script 266b (
[12:38:03.999Z]   EXEC [comment:overall_stage_ajcc7]: COMMENT ON COLUMN thyroid_canonical_publication_v1_0.main.canonical_tumor_characteristics_v1.overall_stage_ajcc7 IS 'Per-tumor AJCC staging populated by Script 
[12:38:04.325Z]   EXEC [comment:stage_group_ajcc7]: COMMENT ON COLUMN thyroid_canonical_publication_v1_0.main.canonical_tumor_characteristics_v1.stage_group_ajcc7 IS 'Per-tumor AJCC staging populated by Script 26
[12:38:04.554Z]   EXEC [comment:t_stage_ajcc8]: COMMENT ON COLUMN thyroid_canonical_publication_v1_0.main.canonical_tumor_characteristics_v1.t_stage_ajcc8 IS 'Per-tumor AJCC staging populated by Script 266b (
[12:38:04.840Z]   EXEC [comment:n_stage_ajcc8]: COMMENT ON COLUMN thyroid_canonical_publication_v1_0.main.canonical_tumor_characteristics_v1.n_stage_ajcc8 IS 'Per-tumor AJCC staging populated by Script 266b (
[12:38:05.092Z]   EXEC [comment:m_stage_ajcc8]: COMMENT ON COLUMN thyroid_canonical_publication_v1_0.main.canonical_tumor_characteristics_v1.m_stage_ajcc8 IS 'Per-tumor AJCC staging populated by Script 266b (
[12:38:05.367Z]   EXEC [comment:overall_stage_ajcc8]: COMMENT ON COLUMN thyroid_canonical_publication_v1_0.main.canonical_tumor_characteristics_v1.overall_stage_ajcc8 IS 'Per-tumor AJCC staging populated by Script 
[12:38:05.594Z]   EXEC [comment:stage_group_ajcc8]: COMMENT ON COLUMN thyroid_canonical_publication_v1_0.main.canonical_tumor_characteristics_v1.stage_group_ajcc8 IS 'Per-tumor AJCC staging populated by Script 26
[12:38:05.896Z]   EXEC [comment:ajcc7_stage_calculable_flag]: COMMENT ON COLUMN thyroid_canonical_publication_v1_0.main.canonical_tumor_characteristics_v1.ajcc7_stage_calculable_flag IS 'Per-tumor AJCC staging populated by
[12:38:06.121Z]   EXEC [comment:ajcc8_stage_calculable_flag]: COMMENT ON COLUMN thyroid_canonical_publication_v1_0.main.canonical_tumor_characteristics_v1.ajcc8_stage_calculable_flag IS 'Per-tumor AJCC staging populated by
[12:38:06.412Z]   EXEC [comment:staging_source_note]: COMMENT ON COLUMN thyroid_canonical_publication_v1_0.main.canonical_tumor_characteristics_v1.staging_source_note IS 'Per-tumor AJCC staging populated by Script 
[12:38:06.656Z]   EXEC [comment:stage_migration_7_to_8]: COMMENT ON COLUMN thyroid_canonical_publication_v1_0.main.canonical_tumor_characteristics_v1.stage_migration_7_to_8 IS 'Per-tumor AJCC staging populated by Scri
[12:38:07.203Z] 
elapsed: 11.3s
[12:38:07.203Z] DONE
