[12:37:20.400Z] ==============================================================================
[12:37:20.401Z] # Script 266b run
[12:37:20.401Z] started_at: 2026-04-17T12:37:20.401096+00:00
[12:37:20.401Z] mode      : DRY-RUN
[12:37:20.401Z] phase     : 3
[12:37:22.011Z] connected to thyroid_canonical_publication_v1_0
[12:37:22.012Z] 
## Phase 0 — preflight + sequencing gates
[12:37:22.242Z]   connected_to        : thyroid_canonical_publication_v1_0
[12:37:22.242Z]   cpm_n_patients      : 10871
[12:37:22.242Z]   ctc_n_rows          : 11106
[12:37:22.933Z]   GATE 266a applied   : data_dictionary_v266a exists = True
[12:37:23.036Z]   GATE big-cleanup    : ajcc8_t_stage=True corrected=False v2=True DEPRECATED__present=True
[12:37:23.137Z]   CTC has un-versioned t_stage : True
[12:37:23.137Z]   CTC has un-versioned n_stage : True
[12:37:23.137Z]   CTC has un-versioned m_stage : True
[12:37:23.137Z]   CTC has un-versioned overall_stage : True
[12:37:23.137Z]   CTC required inputs missing : none
[12:37:23.137Z] 
## Phase 3 — derive per-tumor AJCC7/AJCC8 (pandas + UPDATE CTC)
[12:37:23.138Z]   pulling per-tumor frame ...
[12:37:23.515Z]   rows: 18633  patients: 8422
[12:37:23.898Z]   ete classification audit -> 266b_ete_classification_audit.csv (51 unique (stl_text, source) pairs)
[12:37:23.900Z]   ete source counts: {'uncalculable:no_stl_no_adjudication': 9606, 'stl_per_tumor:unclassified_present': 4665, 'cpm_patient_level:broadcast_to_dominant:microscopic': 3368, 'stl_per_tumor:microscopic': 681, 'cpm_patient_level:broadcast_to_dominant:gross': 189, 'ete_adjudication_v1:unable_to_determine': 58, 'ete_adjudication_v1:absent': 42, 'cpm_patient_level:broadcast_to_dominant:absent': 14, 'ete_adjudication_v1:gross': 8, 'ete_adjudication_v1:microscopic': 2}
[12:37:27.203Z]   post-dedup staging frame: 10443 rows (must equal distinct-CTC-key count 10443)
[12:37:27.203Z]   distribution snapshot (AJCC8 T per-tumor, post-dedup -- this IS what UPDATE writes):
[12:37:27.204Z]     {None: 4514, 'T1a': 2847, 'T1b': 1265, 'T2': 1040, 'T3a': 575, 'T3b': 190, 'T4a': 12}
[12:37:27.204Z]   staging frame ready: 10443 rows
[12:37:27.204Z]   distribution snapshot (AJCC8 T per-tumor, staging-frame grain):
[12:37:27.205Z]     {None: 4514, 'T1a': 2847, 'T1b': 1265, 'T2': 1040, 'T3a': 575, 'T3b': 190, 'T4a': 12}
[12:37:27.215Z]   distribution snapshot (AJCC8 T per-tumor, distinct-CTC-key grain -- 10443 keys; this matches what UPDATE writes):
[12:37:27.217Z]     {None: 4514, 'T1a': 2847, 'T1b': 1265, 'T2': 1040, 'T3a': 575, 'T3b': 190, 'T4a': 12}
[12:37:27.252Z]   distribution snapshot (AJCC8 T per-PATIENT dominant tumor -- 8422 patients; Phase 4 will surface this on CPM):
[12:37:27.253Z]     {None: 4423, 'T1a': 1224, 'T1b': 1036, 'T2': 978, 'T3a': 566, 'T3b': 188, 'T4a': 7}
[12:37:27.253Z]   distribution snapshot (AJCC7 T per-tumor):
[12:37:27.254Z]     {None: 4514, 'T1a': 2847, 'T1b': 1265, 'T2': 1040, 'T3': 765, 'T4a': 12}
[12:37:27.254Z]   calculable flags:
[12:37:27.255Z]     ajcc8_stage_calculable_flag=TRUE : 5394
[12:37:27.256Z]     ajcc7_stage_calculable_flag=TRUE : 5736
[12:37:27.256Z]   PLAN: would register stg as DuckDB temp view + 14-column UPDATE.
[12:37:27.311Z] 
elapsed: 6.9s
[12:37:27.311Z] DONE
