[00:18:21.607Z] ==============================================================================
[00:18:21.607Z] # Script 266c run
[00:18:21.607Z] started_at: 2026-04-18T00:18:21.607619+00:00
[00:18:21.607Z] mode      : APPLY
[00:18:21.607Z] phase     : 3
[00:18:22.795Z] connected to thyroid_canonical_publication_v1_0
[00:18:22.796Z] 
## Phase 0 — preflight + sequencing gates + view pre-gate
[00:18:22.948Z]   connected_to        : thyroid_canonical_publication_v1_0
[00:18:22.948Z]   cpm_n_patients      : 10871
[00:18:22.948Z]   ctc_n_rows          : 11106
[00:18:22.948Z]   tpath_n_rows        : 4290
[00:18:22.948Z]   psyn_n_rows         : 11688
[00:18:22.948Z]   tem_n_rows          : 11691
[00:18:24.144Z]   GATE 266a applied   : data_dictionary_v266a exists
[00:18:24.514Z]   GATE 266b CPM cols missing : none
[00:18:25.356Z]   GATE 266b CTC cols missing : none
[00:18:25.610Z]   GATE big-cleanup    : ajcc8_t_stage_corrected=False ajcc8_t_stage_v2=True DEPRECATED__present=True
[00:18:25.692Z]   view-dep PRE-GATE   : 0 view(s) reference CTC or TEM
[00:18:25.837Z]   pre-state path_synoptics cols : 311
[00:18:25.837Z]   pre-state tumor_pathology cols: 249
[00:18:25.837Z] 
## Phase 3 (W2) — tumor_pathology ADD COLUMN + populate (4 cols)
[00:18:25.837Z]   scope (per live verification 2026-04-17): tumor_pathology has only histology_1_* slot. NO histology_2/3/4/5 columns exist. The AJCC8 quartet for histology_1 already exists (populated 2,687 rows). 266c only adds the AJCC7 quartet and populates from the dominant tumor per (research_id, surgery_date) in CTC.
[00:18:25.911Z]   pre-existing histology_1 AJCC8 quartet : ['histology_1_t_stage_ajcc8', 'histology_1_n_stage_ajcc8', 'histology_1_m_stage_ajcc8', 'histology_1_overall_stage_ajcc8']
[00:18:25.911Z]   EXEC [add:histology_1_t_stage_ajcc7]: ALTER TABLE thyroid_canonical_publication_v1_0.main.tumor_pathology ADD COLUMN "histology_1_t_stage_ajcc7" VARCHAR
[00:18:26.306Z]   EXEC [add:histology_1_n_stage_ajcc7]: ALTER TABLE thyroid_canonical_publication_v1_0.main.tumor_pathology ADD COLUMN "histology_1_n_stage_ajcc7" VARCHAR
[00:18:26.650Z]   EXEC [add:histology_1_m_stage_ajcc7]: ALTER TABLE thyroid_canonical_publication_v1_0.main.tumor_pathology ADD COLUMN "histology_1_m_stage_ajcc7" VARCHAR
[00:18:26.914Z]   EXEC [add:histology_1_overall_stage_ajcc7]: ALTER TABLE thyroid_canonical_publication_v1_0.main.tumor_pathology ADD COLUMN "histology_1_overall_stage_ajcc7" VARCHAR
[00:18:27.251Z]   EXEC [tpath_dominant_update]: WITH ranked AS (
[00:18:27.359Z]   EXEC [comment:histology_1_t_stage_ajcc7]: COMMENT ON COLUMN thyroid_canonical_publication_v1_0.main.tumor_pathology."histology_1_t_stage_ajcc7" IS 'AJCC7 T-stage for the histology_1 slot, populated by S
[00:18:27.712Z]   EXEC [comment:histology_1_n_stage_ajcc7]: COMMENT ON COLUMN thyroid_canonical_publication_v1_0.main.tumor_pathology."histology_1_n_stage_ajcc7" IS 'AJCC7 N-stage for the histology_1 slot, populated by S
[00:18:27.972Z]   EXEC [comment:histology_1_m_stage_ajcc7]: COMMENT ON COLUMN thyroid_canonical_publication_v1_0.main.tumor_pathology."histology_1_m_stage_ajcc7" IS 'AJCC7 M-stage for the histology_1 slot, populated by S
[00:18:28.297Z]   EXEC [comment:histology_1_overall_stage_ajcc7]: COMMENT ON COLUMN thyroid_canonical_publication_v1_0.main.tumor_pathology."histology_1_overall_stage_ajcc7" IS 'AJCC7 OVERALL-stage for the histology_1 slot, po
[00:18:28.819Z] 
elapsed: 7.2s
[00:18:28.820Z] DONE
