[00:29:59.338Z] ==============================================================================
[00:29:59.338Z] # Script 266c run
[00:29:59.342Z] started_at: 2026-04-18T00:29:59.341934+00:00
[00:29:59.342Z] mode      : APPLY
[00:29:59.342Z] phase     : 5
[00:30:00.890Z] connected to thyroid_canonical_publication_v1_0
[00:30:00.891Z] 
## Phase 0 — preflight + sequencing gates + view pre-gate
[00:30:00.971Z]   connected_to        : thyroid_canonical_publication_v1_0
[00:30:00.971Z]   cpm_n_patients      : 10871
[00:30:00.971Z]   ctc_n_rows          : 11106
[00:30:00.971Z]   tpath_n_rows        : 4290
[00:30:00.971Z]   psyn_n_rows         : 11688
[00:30:00.971Z]   tem_n_rows          : 11691
[00:30:03.546Z]   GATE 266a applied   : data_dictionary_v266a exists
[00:30:04.168Z]   GATE 266b CPM cols missing : none
[00:30:05.639Z]   GATE 266b CTC cols missing : none
[00:30:06.040Z]   GATE big-cleanup    : ajcc8_t_stage_corrected=False ajcc8_t_stage_v2=True DEPRECATED__present=True
[00:30:06.191Z]   view-dep PRE-GATE   : 0 view(s) reference CTC or TEM
[00:30:06.437Z]   pre-state path_synoptics cols : 311
[00:30:06.437Z]   pre-state tumor_pathology cols: 253
[00:30:06.438Z] 
## Phase 5 (W4) — archive sweep
[00:30:06.537Z]   big-cleanup KEEP_REVIEW set: [] (total 0)
[00:30:06.538Z]   main_schema_keep_list_v1 set: ['ete_adjudication_v1', 'path_size_adjudication_v241'] (total 2)
[00:30:12.931Z]   queryable main tables: 116
[00:30:12.991Z]   total archive candidates: 2
[00:30:12.991Z]     - main.data_dictionary_v240 :: explicit_supersession (n_rows=1529)
[00:30:12.991Z]     - manuscript_workspace.cpm_unmapped_triage_v265 :: explicit_supersession (n_rows=223)
[00:30:13.125Z]   EXEC [archive:data_dictionary_v240]: CREATE TABLE "Thyroid 2026 UPdated"."archive_pub_v1_0"."data_dictionary_v240_pre266c_20260418T003012Z" AS SELECT * FROM thyroid_canonical_publication_v1_0."main
[00:30:14.289Z]   EXEC [comment_archive:data_dictionary_v240]: COMMENT ON TABLE "Thyroid 2026 UPdated"."archive_pub_v1_0"."data_dictionary_v240_pre266c_20260418T003012Z" IS 'Script 266c (2026-04-17) archive of thyroid_canon
[00:30:15.425Z]   EXEC [drop:data_dictionary_v240]: DROP TABLE thyroid_canonical_publication_v1_0."main"."data_dictionary_v240"
[00:30:15.939Z]     post-DROP queryable check: still_queryable=False
[00:30:16.072Z]   EXEC [archive:cpm_unmapped_triage_v265]: CREATE TABLE "Thyroid 2026 UPdated"."archive_pub_v1_0"."cpm_unmapped_triage_v265_pre266c_20260418T003012Z" AS SELECT * FROM thyroid_canonical_publication_v1_0."
[00:30:17.038Z]   EXEC [comment_archive:cpm_unmapped_triage_v265]: COMMENT ON TABLE "Thyroid 2026 UPdated"."archive_pub_v1_0"."cpm_unmapped_triage_v265_pre266c_20260418T003012Z" IS 'Script 266c (2026-04-17) archive of thyroid_c
[00:30:18.140Z]   EXEC [drop:cpm_unmapped_triage_v265]: DROP TABLE thyroid_canonical_publication_v1_0."manuscript_workspace"."cpm_unmapped_triage_v265"
[00:30:18.680Z]     post-DROP queryable check: still_queryable=False
[00:30:18.681Z]   archive manifest -> 266c_archive_manifest.csv: 2 archived, 0 skipped
[00:30:18.903Z] 
elapsed: 19.6s
[00:30:18.903Z] DONE
