[00:40:07.176Z] ==============================================================================
[00:40:07.176Z] # Script 266c run
[00:40:07.176Z] started_at: 2026-04-18T00:40:07.176681+00:00
[00:40:07.176Z] mode      : APPLY
[00:40:07.176Z] phase     : 7
[00:40:08.375Z] connected to thyroid_canonical_publication_v1_0
[00:40:08.375Z] 
## Phase 0 — preflight + sequencing gates + view pre-gate
[00:40:08.454Z]   connected_to        : thyroid_canonical_publication_v1_0
[00:40:08.455Z]   cpm_n_patients      : 10871
[00:40:08.455Z]   ctc_n_rows          : 11106
[00:40:08.456Z]   tpath_n_rows        : 4290
[00:40:08.456Z]   psyn_n_rows         : 11688
[00:40:08.457Z]   tem_n_rows          : 11691
[00:40:10.949Z]   GATE 266a applied   : data_dictionary_v266a exists
[00:40:11.595Z]   GATE 266b CPM cols missing : none
[00:40:13.321Z]   GATE 266b CTC cols missing : none
[00:40:13.683Z]   GATE big-cleanup    : ajcc8_t_stage_corrected=False ajcc8_t_stage_v2=True DEPRECATED__present=True
[00:40:13.818Z]   view-dep PRE-GATE   : 0 view(s) reference CTC or TEM
[00:40:14.306Z]   pre-state path_synoptics cols : 311
[00:40:14.306Z]   pre-state tumor_pathology cols: 253
[00:40:14.307Z] 
## Phase 7 (W6) — acceptance gates
[00:40:14.460Z]   GATE path_synoptics expected new cols present: 40/40 (target 40)
[00:40:14.661Z]   GATE tumor_pathology expected new cols present: 4/4 (target 4); tumor_pathology total cols now: 253
[00:40:15.245Z]   GATE rename binder check: all OK (binder errors as expected)
[00:40:19.210Z]   GATE views: 67/67 OK
[00:40:19.210Z]   GATE archive manifest entries: 0
[00:40:19.210Z]   NOTE: archive count 0 < 2. Acceptable IF the big cleanup already archived data_dictionary_v240 and cpm_unmapped_triage_v265. Check 266c_archive_manifest.csv skipped_because column for confirmation.
[00:40:24.386Z]   GATE _deprecated_* residue in main: none
[00:40:24.660Z] 
elapsed: 17.5s
[00:40:24.660Z] DONE
