[00:37:14.785Z] ==============================================================================
[00:37:14.785Z] # Script 266c run
[00:37:14.785Z] started_at: 2026-04-18T00:37:14.785618+00:00
[00:37:14.785Z] mode      : APPLY
[00:37:14.785Z] phase     : 6
[00:37:16.089Z] connected to thyroid_canonical_publication_v1_0
[00:37:16.089Z] 
## Phase 0 — preflight + sequencing gates + view pre-gate
[00:37:16.224Z]   connected_to        : thyroid_canonical_publication_v1_0
[00:37:16.224Z]   cpm_n_patients      : 10871
[00:37:16.224Z]   ctc_n_rows          : 11106
[00:37:16.224Z]   tpath_n_rows        : 4290
[00:37:16.224Z]   psyn_n_rows         : 11688
[00:37:16.224Z]   tem_n_rows          : 11691
[00:37:18.128Z]   GATE 266a applied   : data_dictionary_v266a exists
[00:37:18.659Z]   GATE 266b CPM cols missing : none
[00:37:19.891Z]   GATE 266b CTC cols missing : none
[00:37:20.201Z]   GATE big-cleanup    : ajcc8_t_stage_corrected=False ajcc8_t_stage_v2=True DEPRECATED__present=True
[00:37:20.329Z]   view-dep PRE-GATE   : 0 view(s) reference CTC or TEM
[00:37:20.550Z]   pre-state path_synoptics cols : 311
[00:37:20.550Z]   pre-state tumor_pathology cols: 253
[00:37:20.551Z] 
## Phase 6 (W5) — __readme rebuild + view smoke check
[00:37:26.077Z]   queryable main tables (post-archive): 115
[00:37:26.077Z]   EXEC [drop_readme]: DROP TABLE IF EXISTS thyroid_canonical_publication_v1_0.main.__readme
[00:37:26.651Z]   EXEC [create_readme]: CREATE TABLE thyroid_canonical_publication_v1_0.main.__readme (
[00:37:46.209Z]   __readme rebuilt with 115 rows.
[00:37:46.221Z]   smoke-checking 67 views ...
[00:37:50.165Z]   smoke result: ok=67 error=0
[00:37:50.339Z] 
elapsed: 35.6s
[00:37:50.339Z] DONE
