[00:24:15.014Z] ==============================================================================
[00:24:15.014Z] # Script 266c run
[00:24:15.014Z] started_at: 2026-04-18T00:24:15.014310+00:00
[00:24:15.014Z] mode      : APPLY
[00:24:15.014Z] phase     : 4
[00:24:16.232Z] connected to thyroid_canonical_publication_v1_0
[00:24:16.232Z] 
## Phase 0 — preflight + sequencing gates + view pre-gate
[00:24:16.304Z]   connected_to        : thyroid_canonical_publication_v1_0
[00:24:16.304Z]   cpm_n_patients      : 10871
[00:24:16.304Z]   ctc_n_rows          : 11106
[00:24:16.305Z]   tpath_n_rows        : 4290
[00:24:16.305Z]   psyn_n_rows         : 11688
[00:24:16.305Z]   tem_n_rows          : 11691
[00:24:18.033Z]   GATE 266a applied   : data_dictionary_v266a exists
[00:24:18.478Z]   GATE 266b CPM cols missing : none
[00:24:19.535Z]   GATE 266b CTC cols missing : none
[00:24:19.802Z]   GATE big-cleanup    : ajcc8_t_stage_corrected=False ajcc8_t_stage_v2=True DEPRECATED__present=True
[00:24:19.902Z]   view-dep PRE-GATE   : 0 view(s) reference CTC or TEM
[00:24:20.081Z]   pre-state path_synoptics cols : 311
[00:24:20.081Z]   pre-state tumor_pathology cols: 253
[00:24:20.081Z] 
## Phase 4 (W3) — un-versioned column RENAMES (destructive)
[00:24:20.091Z]   RE-CHECK view dep   : 0 ref(s)
[00:24:20.269Z]   EXEC [rename:thyroid_canonical_publication_v1_0.main.canonical_tumor_characteristics_v1:t_stage]: ALTER TABLE thyroid_canonical_publication_v1_0.main.canonical_tumor_characteristics_v1 RENAME COLUMN "t_stage" TO "t_stage_deprecated_un_versioned_20260417"
[00:24:20.690Z]   EXEC [comment:thyroid_canonical_publication_v1_0.main.canonical_tumor_characteristics_v1:t_stage_deprecated_un_versioned_20260417]: COMMENT ON COLUMN thyroid_canonical_publication_v1_0.main.canonical_tumor_characteristics_v1."t_stage_deprecated_un_versioned_20260417" IS 'Deprecated 2026-04-1
[00:24:21.210Z]   EXEC [rename:thyroid_canonical_publication_v1_0.main.canonical_tumor_characteristics_v1:n_stage]: ALTER TABLE thyroid_canonical_publication_v1_0.main.canonical_tumor_characteristics_v1 RENAME COLUMN "n_stage" TO "n_stage_deprecated_un_versioned_20260417"
[00:24:21.579Z]   EXEC [comment:thyroid_canonical_publication_v1_0.main.canonical_tumor_characteristics_v1:n_stage_deprecated_un_versioned_20260417]: COMMENT ON COLUMN thyroid_canonical_publication_v1_0.main.canonical_tumor_characteristics_v1."n_stage_deprecated_un_versioned_20260417" IS 'Deprecated 2026-04-1
[00:24:22.027Z]   EXEC [rename:thyroid_canonical_publication_v1_0.main.canonical_tumor_characteristics_v1:m_stage]: ALTER TABLE thyroid_canonical_publication_v1_0.main.canonical_tumor_characteristics_v1 RENAME COLUMN "m_stage" TO "m_stage_deprecated_un_versioned_20260417"
[00:24:22.282Z]   EXEC [comment:thyroid_canonical_publication_v1_0.main.canonical_tumor_characteristics_v1:m_stage_deprecated_un_versioned_20260417]: COMMENT ON COLUMN thyroid_canonical_publication_v1_0.main.canonical_tumor_characteristics_v1."m_stage_deprecated_un_versioned_20260417" IS 'Deprecated 2026-04-1
[00:24:22.843Z]   EXEC [rename:thyroid_canonical_publication_v1_0.main.canonical_tumor_characteristics_v1:overall_stage]: ALTER TABLE thyroid_canonical_publication_v1_0.main.canonical_tumor_characteristics_v1 RENAME COLUMN "overall_stage" TO "overall_stage_deprecated_un_versioned_2
[00:24:23.170Z]   EXEC [comment:thyroid_canonical_publication_v1_0.main.canonical_tumor_characteristics_v1:overall_stage_deprecated_un_versioned_20260417]: COMMENT ON COLUMN thyroid_canonical_publication_v1_0.main.canonical_tumor_characteristics_v1."overall_stage_deprecated_un_versioned_20260417" IS 'Deprecated 202
[00:24:23.606Z]   EXEC [rename:thyroid_canonical_publication_v1_0.main.tumor_episode_master_v2:t_stage]: ALTER TABLE thyroid_canonical_publication_v1_0.main.tumor_episode_master_v2 RENAME COLUMN "t_stage" TO "t_stage_deprecated_un_versioned_20260417"
[00:24:23.853Z]   EXEC [comment:thyroid_canonical_publication_v1_0.main.tumor_episode_master_v2:t_stage_deprecated_un_versioned_20260417]: COMMENT ON COLUMN thyroid_canonical_publication_v1_0.main.tumor_episode_master_v2."t_stage_deprecated_un_versioned_20260417" IS 'Deprecated 2026-04-17 by Script
[00:24:24.364Z]   EXEC [rename:thyroid_canonical_publication_v1_0.main.tumor_episode_master_v2:n_stage]: ALTER TABLE thyroid_canonical_publication_v1_0.main.tumor_episode_master_v2 RENAME COLUMN "n_stage" TO "n_stage_deprecated_un_versioned_20260417"
[00:24:24.706Z]   EXEC [comment:thyroid_canonical_publication_v1_0.main.tumor_episode_master_v2:n_stage_deprecated_un_versioned_20260417]: COMMENT ON COLUMN thyroid_canonical_publication_v1_0.main.tumor_episode_master_v2."n_stage_deprecated_un_versioned_20260417" IS 'Deprecated 2026-04-17 by Script
[00:24:25.143Z]   EXEC [rename:thyroid_canonical_publication_v1_0.main.tumor_episode_master_v2:m_stage]: ALTER TABLE thyroid_canonical_publication_v1_0.main.tumor_episode_master_v2 RENAME COLUMN "m_stage" TO "m_stage_deprecated_un_versioned_20260417"
[00:24:25.376Z]   EXEC [comment:thyroid_canonical_publication_v1_0.main.tumor_episode_master_v2:m_stage_deprecated_un_versioned_20260417]: COMMENT ON COLUMN thyroid_canonical_publication_v1_0.main.tumor_episode_master_v2."m_stage_deprecated_un_versioned_20260417" IS 'Deprecated 2026-04-17 by Script
[00:24:25.949Z]   EXEC [rename:thyroid_canonical_publication_v1_0.main.tumor_episode_master_v2:overall_stage]: ALTER TABLE thyroid_canonical_publication_v1_0.main.tumor_episode_master_v2 RENAME COLUMN "overall_stage" TO "overall_stage_deprecated_un_versioned_20260417"
[00:24:26.186Z]   EXEC [comment:thyroid_canonical_publication_v1_0.main.tumor_episode_master_v2:overall_stage_deprecated_un_versioned_20260417]: COMMENT ON COLUMN thyroid_canonical_publication_v1_0.main.tumor_episode_master_v2."overall_stage_deprecated_un_versioned_20260417" IS 'Deprecated 2026-04-17 by 
[00:24:26.761Z] 
elapsed: 11.7s
[00:24:26.761Z] DONE
