[2026-04-17T10:00:17.406708+00:00] === Phase 4 driver start ===
[2026-04-17T10:00:18.738049+00:00] invariants OK
[2026-04-17T10:00:18.738386+00:00] === Phase 4.1 — multifocal downgrade UPDATE (344 expected exact) ===
[2026-04-17T10:00:19.069869+00:00] [4.1] pre_total_TRUE=1784 post_total_TRUE=1440 delta=344
[2026-04-17T10:00:19.070502+00:00] [4.1] preserved NLP-supported pre=559 post=559
[2026-04-17T10:00:19.189190+00:00] invariants OK
[2026-04-17T10:00:19.189602+00:00] === Phase 4.2 — imaging_nodule_master_v1 exam_date_quality ===
[2026-04-17T10:00:20.003044+00:00] [4.2] ADD COLUMN exam_date_quality ok
[2026-04-17T10:00:20.250108+00:00] [4.2] exam_date_quality distribution: [('FUTURE', 8), ('MISSING', 2061), ('OK', 34946), ('PRE_1990', 1)]
[2026-04-17T10:00:20.537508+00:00] [4.2] clean view rows: 34946
[2026-04-17T10:00:20.585934+00:00] invariants OK
[2026-04-17T10:00:20.586277+00:00] === Phase 4.3 — worst_bethesda_source verification (no value changes) ===
[2026-04-17T10:00:20.793439+00:00] [4.3] CPM-over cases: 672; with source already populated: 672
[2026-04-17T10:00:20.854816+00:00] invariants OK
[2026-04-17T10:00:20.855096+00:00] === Phase 4.4 — path_tumor_size_cm COMMENT + invariant view ===
[2026-04-17T10:00:21.325436+00:00] [4.4] COMMENT applied
[2026-04-17T10:00:21.618902+00:00] [4.4] invariant violators (should be 0): 80
[2026-04-17T10:00:21.690299+00:00] invariants OK
[2026-04-17T10:00:21.690632+00:00] === Phase 4.5 — documentation COMMENTs (FNA/RAI date / n_us_exams) ===
[2026-04-17T10:00:22.441918+00:00] [4.5] commented columns: n_us_exams + ['rai_first_date']
[2026-04-17T10:00:22.488547+00:00] invariants OK
[2026-04-17T10:00:22.488836+00:00] === Phase 4.6 — ajcc8_t_stage PRE-GATE ===
[2026-04-17T10:00:22.502677+00:00] [4.6] PRE-GATE result: 9 view(s) reference bare 'ajcc8_t_stage'
[2026-04-17T10:00:22.503406+00:00] [4.6]   - manuscript_workspace.cohort_descriptive_full_cohort_v1  bare_refs=1.0
[2026-04-17T10:00:22.503562+00:00] [4.6]   - manuscript_workspace.cohort_m007_rss_reclassification_v1  bare_refs=1.0
[2026-04-17T10:00:22.503685+00:00] [4.6]   - manuscript_workspace.cohort_m036_ata_risk_comparison_v1  bare_refs=1.0
[2026-04-17T10:00:22.503798+00:00] [4.6]   - manuscript_workspace.cohort_m043_ln_predictors_v1  bare_refs=1.0
[2026-04-17T10:00:22.503910+00:00] [4.6]   - manuscript_workspace.cohort_m044_ajcc_ete_v1  bare_refs=1.0
[2026-04-17T10:00:22.504019+00:00] [4.6]   - manuscript_workspace.cohort_m048_tnm_multifocal_v1  bare_refs=1.0
[2026-04-17T10:00:22.504126+00:00] [4.6]   - manuscript_workspace.cohort_m050_tumor_size_volume_v1  bare_refs=1.0
[2026-04-17T10:00:22.504247+00:00] [4.6]   - manuscript_workspace.cohort_m051_ete_ln_v1  bare_refs=1.0
[2026-04-17T10:00:22.504361+00:00] [4.6]   - manuscript_workspace.cohort_m059_prognostic_scoring_v1  bare_refs=1.0
[2026-04-17T10:00:22.504846+00:00] [4.6] PRE-GATE result: 9 view(s) reference bare ajcc8_t_stage. Migration list written. STOPPING (do not rename) per Logan instruction.
[2026-04-17T10:00:22.504978+00:00] STOP: Phase 4.6 PRE-GATE: bare references found; do not rename
