  Connected to MotherDuck (md:Thyroid 2026)
  MotherDuck connection verified (fail-closed gate passed)
=== Parquet Release Bundle: 20260408r2 ===
  Output: /Users/loganglosser/THYROID_2026/exports/final_master_release_20260408r2
  Mode: final-master (curated facts + labs + lineage; no note text)

--- main schema ---
  [export] main.canonical_extracted_fact_long_v2: 20,188 rows -> canonical_extracted_fact_long_v2.parquet (5ff7c0fdb4675b2c)
  [export] main.canonical_fact_quarantine_v2: 103,588 rows -> canonical_fact_quarantine_v2.parquet (f47b1a4c0c63b0f8)
  [export] main.note_extraction_runs: 3 rows -> note_extraction_runs.parquet (2a5a48fce85071ab)
  [export] main.longitudinal_lab_canonical_v1: 77,960 rows -> longitudinal_lab_canonical_v1.parquet (85aa4d9c276c9423)
  [export] main.longitudinal_lab_deduped_v: 56,198 rows -> longitudinal_lab_deduped_v.parquet (a29c901e1fcbf4d1)
  [export] main.master_fact_long_verified_v1: 20,188 rows -> master_fact_long_verified_v1.parquet (359a537483002050)
  [export] main.master_patient_rollup_verified_v1: 2,702 rows -> master_patient_rollup_verified_v1.parquet (72bc12e7654ed30a)
  [export] main.master_source_lineage_v1: 20,188 rows -> master_source_lineage_v1.parquet (51bca0526154d88c)

--- qa schema ---
  [export] qa.promotion_scorecard: 56 rows -> promotion_scorecard.parquet (6699aafe5821e100)
  [export] qa.domain_validation: 161 rows -> domain_validation.parquet (dd7e4016ab9b120a)
  [export] qa.manual_review_queue: 5,622 rows -> manual_review_queue.parquet (05e3b02deccc4aae)
  [export] qa.promotion_review_decisions: 4 rows -> promotion_review_decisions.parquet (9f9a61c1a9e2a396)
  [export] qa.release_manifest: 10 rows -> release_manifest.parquet (940e8ea9f57b7a5b)

  [manifest] /Users/loganglosser/THYROID_2026/exports/final_master_release_20260408r2/manifest.json

  [summary] 13 files, 306,868 total rows
  [done] Release bundle created at /Users/loganglosser/THYROID_2026/exports/final_master_release_20260408r2
