  Connected to MotherDuck (md:Thyroid 2026)
  MotherDuck connection verified (fail-closed gate passed)
=== MotherDuck Formalization Validation (RELEASE) ===

--- Check 1: MD Attachment ---
  [PASS] MD attachment: 11 databases attached

--- Check 2: Row Count Parity ---
  [PASS] Row count parity: 23 domains checked, all match
  [PASS] Canonical canonical_extracted_fact_long_v2: local=20,188  md=20,188
  [PASS] Canonical canonical_fact_quarantine_v2: local=103,588  md=103,588
  [FAIL] Canonical note_extraction_runs: local=-1  md=3

--- Check 3: Schema Completeness ---
  [PASS] Schema completeness: Wide note-level v2 contract on 23 promoted table(s); entity_type/entity_value_* in main.canonical_extracted_fact_long_v2 (see docs/domain_mapping_rules.md). Example stems: note_entities_llm_imaging, note_entities_llm_tirads_granular, note_entities_llm_us_nodule_dynamics…

--- Check 4: Canonical Distribution ---
  [PASS] Canonical dist (canonical_extracted_fact_long_v2): 237 domains, 20,188 total rows
  [PASS] Canonical dist (canonical_fact_quarantine_v2): 549 domains, 103,588 total rows

--- Check 5: Review Queue ---
  [PASS] Review queue: 5,622 total, 5,622 reviewed, 0 pending

--- Check 5b: Publication review governance ---
  [PASS] Review queue (synthetic placeholder): no synthetic-placeholder verification_status in qa.manual_review_queue
  [FAIL] Promotion decision provenance: 1 / 4 rows have NULL/blank decision_batch_id — publication releases must record batch provenance (126 --decision-batch-id / append path).

--- Check 6: QA Views ---
  [PASS] QA view promotion_scorecard_summary_v: 7 rows
  [PASS] QA view domain_validation_summary_v: 7 rows
  [PASS] QA view date_provenance_completeness_v: 23 rows
  [PASS] QA view manual_review_queue_summary_v: 21 rows

--- Check 7: Load Inventory ---
  [PASS] Load inventory: 210 entries, all match

--- Check 8: Release Schemas ---
  [PASS] Release schemas: 10 found: release_20260406, release_20260407, release_20260407_final, release_20260407_final2, release_20260407_tier, release_20260408, release_20260408r2, release_20260409, release_20260410, release_20260411

--- Check 9: Release Manifest ---
  [PASS] Release manifest: 10 release(s); latest: 20260411 (2026-04-07 19:15:39.106720)

--- Check 10: Canonical extraction_run_id (contract) ---
  [FAIL] Canonical extraction_run_id: 11,283 / 20,188 rows have NULL/blank extraction_run_id

--- Check 11: Analyst presentation layer (master_*_verified_v1) ---
  [PASS] Presentation master_fact_long_verified_v1: 20,188 rows; core traceability non-null (reviewer_status may be NULL)
  [PASS] Presentation master_source_lineage_v1: 20,188 rows; core traceability non-null (reviewer_status may be NULL)
  [PASS] Presentation master_patient_rollup_verified_v1: 2,702 patient rows; research_id + release_tag + review metrics present

--- Check 12: Molecular normalized contract views ---
  [PASS] Molecular contract required columns: all 4 views expose required fields
  [PASS] Molecular results contract row parity: 10,862 live rows in contract view
  [PASS] Molecular result_id uniqueness: 10,862 rows; distinct molecular_result_id
  [PASS] Molecular contract non-empty: 10,862 contract rows
  [PASS] Molecular payload_checksum uniqueness: 10,862 non-null checksums; all distinct
  [PASS] Molecular provenance (results): 10,862 rows; lineage_id + ingestion_ts present
  [PASS] Molecular allele_fraction bounds: 1,640 variant rows; AF in [0,1] or NULL
  [PASS] Molecular variant_class enum: all variant_class values in {SNV,INDEL,FUSION,CNV,OTHER}
  [WARN] Molecular assay/panel_version pairing: 10,597 rows with assay_name but empty panel_version
  [WARN] Molecular assay_name dictionary match: 1 distinct assay_name value(s) not in molecular_assay_dictionary (expected for non-afirma panels such as ThyroSeq)

--- Check 12b: Molecular episode upstream spine ---
  [PASS] Molecular episode upstream spine: main.molecular_testing present alongside molecular_test_episode_v2

--- Check 13: Specimen + analytic FHIR layer ---
  [PASS] Specimen/FHIR tables present: 10 objects found
  [PASS] Specimen master fingerprint uniqueness: distinct fingerprints
  [PASS] qa.val_specimen_contract_v1: no FAIL rows recorded
  [PASS] qa.val_specimen_genomic_binding_v1: no FAIL rows recorded
  [PASS] Specimen/FHIR QA diagnostics (142 views + focus checks): clean
  [WARN] Specimen-adjacent review burden (open/pending): genomic_link_review open/pending=10705; specimen_merge_review open/pending=1

=== Summary: 33 PASS / 3 WARN / 3 FAIL ===

  [report] studies/20260408_final_master_release/post_release_validation/validation_report.md

  RELEASE BLOCKED: 3 check(s) failed.
