  [inventory] 30 parquets to load
  Connected to MotherDuck (md:Thyroid 2026)
  MotherDuck connection verified (fail-closed gate passed)
  [dry-run] Would execute:
    CREATE SCHEMA IF NOT EXISTS v2_stage
    CREATE OR REPLACE TABLE v2_stage.note_entities_llm_imaging  (11,037 rows from note_entities_llm_imaging.parquet)
    CREATE OR REPLACE TABLE v2_stage.note_entities_llm_tirads_granular  (11,037 rows from note_entities_llm_tirads_granular.parquet)
    CREATE OR REPLACE TABLE v2_stage.note_entities_llm_us_nodule_dynamics  (11,037 rows from note_entities_llm_us_nodule_dynamics.parquet)
    CREATE OR REPLACE TABLE v2_stage.note_entities_llm_labs  (11,037 rows from note_entities_llm_labs.parquet)
    CREATE OR REPLACE TABLE v2_stage.note_entities_llm_tg_kinetics  (11,037 rows from note_entities_llm_tg_kinetics.parquet)
    CREATE OR REPLACE TABLE v2_stage.note_entities_llm_pathology  (11,037 rows from note_entities_llm_pathology.parquet)
    CREATE OR REPLACE TABLE v2_stage.note_entities_llm_synoptic_pathology_enrichment  (11,037 rows from note_entities_llm_synoptic_pathology_enrichment.parquet)
    CREATE OR REPLACE TABLE v2_stage.note_entities_llm_rai_detailed  (11,037 rows from note_entities_llm_rai_detailed.parquet)
    CREATE OR REPLACE TABLE v2_stage.note_entities_llm_rad_treatment  (11,037 rows from note_entities_llm_rad_treatment.parquet)
    CREATE OR REPLACE TABLE v2_stage.note_entities_llm_parathyroid_detail  (11,037 rows from note_entities_llm_parathyroid_detail.parquet)
    CREATE OR REPLACE TABLE v2_stage.note_entities_llm_recurrence  (11,037 rows from note_entities_llm_recurrence.parquet)
    CREATE OR REPLACE TABLE v2_stage.note_entities_llm_survival_followup  (11,037 rows from note_entities_llm_survival_followup.parquet)
    CREATE OR REPLACE TABLE v2_stage.note_entities_llm_cervical_ln_detail  (11,037 rows from note_entities_llm_cervical_ln_detail.parquet)
    CREATE OR REPLACE TABLE v2_stage.note_entities_llm_functional_outcomes  (11,037 rows from note_entities_llm_functional_outcomes.parquet)
    CREATE OR REPLACE TABLE v2_stage.note_entities_llm_past_medical_hx  (11,037 rows from note_entities_llm_past_medical_hx.parquet)
    CREATE OR REPLACE TABLE v2_stage.note_entities_llm_past_surgical_hx  (11,037 rows from note_entities_llm_past_surgical_hx.parquet)
    CREATE OR REPLACE TABLE v2_stage.note_entities_llm_presenting_symptoms  (11,037 rows from note_entities_llm_presenting_symptoms.parquet)
    CREATE OR REPLACE TABLE v2_stage.note_entities_llm_physical_exam  (11,037 rows from note_entities_llm_physical_exam.parquet)
    CREATE OR REPLACE TABLE v2_stage.note_entities_llm_vascular_invasion  (11,037 rows from note_entities_llm_vascular_invasion.parquet)
    CREATE OR REPLACE TABLE v2_stage.note_entities_llm_airway_invasion  (11,037 rows from note_entities_llm_airway_invasion.parquet)
    CREATE OR REPLACE TABLE v2_stage.note_entities_llm_frozen_section_detail  (11,037 rows from note_entities_llm_frozen_section_detail.parquet)
    CREATE OR REPLACE TABLE v2_stage.note_entities_llm_dynamic_risk_response  (11,037 rows from note_entities_llm_dynamic_risk_response.parquet)
    CREATE OR REPLACE TABLE v2_stage.note_entities_llm_patient_decision_adherence  (11,037 rows from note_entities_llm_patient_decision_adherence.parquet)
    CREATE OR REPLACE TABLE v2_stage.note_entities_llm_recurrence_detailed  (11,037 rows from note_entities_llm_recurrence_detailed.parquet)
    CREATE OR REPLACE TABLE v2_stage.note_entities_llm_complications_rln_laryngoscopy  (11,037 rows from note_entities_llm_complications_rln_laryngoscopy.parquet)
    CREATE OR REPLACE TABLE v2_stage.note_entities_llm_medication_management  (11,037 rows from note_entities_llm_medication_management.parquet)
    CREATE OR REPLACE TABLE v2_stage.note_entities_llm_operative_details  (11,037 rows from note_entities_llm_operative_details.parquet)
    CREATE OR REPLACE TABLE v2_stage.note_entities_llm_operative_v2_enrichment  (11,037 rows from note_entities_llm_operative_v2_enrichment.parquet)
    CREATE OR REPLACE TABLE v2_stage.note_entities_llm_parathyroid_per_gland  (11,037 rows from note_entities_llm_parathyroid_per_gland.parquet)
    CREATE OR REPLACE TABLE v2_stage.note_entities_llm_molecular_thyroseq_afirma  (11,037 rows from note_entities_llm_molecular_thyroseq_afirma.parquet)
    30 inventory rows into v2_stage.load_inventory
