[2026-04-18T03:55:51.273132+00:00] Phase 2 apply starting (flag-and-retain).
[2026-04-18T03:55:51.273850+00:00] ALTER TABLE main.thyroglobulin_lab_canonical_v1 ADD COLUMN IF NOT EXISTS...
[2026-04-18T03:55:51.501947+00:00] ALTER TABLE main.longitudinal_lab_canonical_v1 ADD COLUMN IF NOT EXISTS...
[2026-04-18T03:55:51.573765+00:00] Dry-run: counting projected splits...
[2026-04-18T03:55:51.679277+00:00]   table totals: tg=74258 long=75247 cpm_distinct=10871
[2026-04-18T03:55:52.118200+00:00]   projected tg: true=60385 false=13873
[2026-04-18T03:55:52.120532+00:00]   projected long: true=61374 false=13873
[2026-04-18T03:55:52.121530+00:00]   dry-run within tolerance — proceeding to UPDATE.
[2026-04-18T03:55:52.122631+00:00] Executing UPDATE on main.thyroglobulin_lab_canonical_v1...
[2026-04-18T03:55:52.256195+00:00] Executing UPDATE on main.longitudinal_lab_canonical_v1...
[2026-04-18T03:55:52.583762+00:00]   TG split: true=60385 false=13873 null=0 (expected ~60385/~13873/0)
[2026-04-18T03:55:52.584188+00:00]   LONG split: true=61374 false=13873 null=0 (expected ~61374/~13873/0)
[2026-04-18T03:55:52.584570+00:00] Adding COMMENT ON COLUMN for both flag columns...
[2026-04-18T03:55:53.295516+00:00] Creating cancer-only convenience VIEWs...
[2026-04-18T03:55:54.148002+00:00]   view counts: tg_cancer_only=60385 long_cancer_only=61374
[2026-04-18T03:55:54.148457+00:00] Updating manuscript_workspace.lab_orphan_audit_v1 classification + adding resolution column...
[2026-04-18T03:55:54.675582+00:00]   lab_orphan_audit_v1 state: [('likely_non_cancer_flagged_retained', 'flagged_is_in_canonical_cancer_cohort_FALSE_20260417', 403)]
[2026-04-18T03:55:54.675947+00:00] Inserting Phase 2 provenance row...
[2026-04-18T03:55:56.613553+00:00]   cpm_reconciliation_provenance_v1 total rows now: 3
[2026-04-18T03:55:56.741949+00:00]   CPM invariant re-asserted: 10871 rows / 10871 distinct.
[2026-04-18T03:55:56.742323+00:00] Phase 2 apply complete.
