04:07:47  INFO      Output directory: /Users/loganglosser/THYROID_2026/studies/20260408_motherduck_live_release_audit/promotion_gate
04:07:47  INFO      Phase 1: Domain Inventory
04:07:47  INFO      Registry domains: 31
04:07:47  INFO      On-disk v2 parquets: 37
04:07:47  INFO      Domain inventory: 44 rows (36 with parquets)
04:07:47  INFO      Phase 2: Per-Domain Validation
04:07:47  INFO        Validating imaging                                   (? rows expected)
04:07:48  INFO      Expanded v2 combined input: 11037 note rows -> 8428 entity rows
04:07:48  INFO        Validating tirads_granular                           (? rows expected)
04:07:50  INFO      Expanded v2 combined input: 11037 note rows -> 179 entity rows
04:07:50  INFO        Validating us_nodule_dynamics                        (? rows expected)
04:07:51  INFO      Expanded v2 combined input: 11037 note rows -> 49 entity rows
04:07:51  INFO        Validating labs                                      (? rows expected)
04:07:52  INFO      Expanded v2 combined input: 11037 note rows -> 2460 entity rows
04:07:52  INFO        Validating tg_kinetics                               (? rows expected)
04:07:53  INFO      Expanded v2 combined input: 11037 note rows -> 173 entity rows
04:07:53  INFO        Validating pathology                                 (? rows expected)
04:07:55  INFO      Expanded v2 combined input: 11037 note rows -> 10894 entity rows
04:07:55  INFO        Validating synoptic_pathology_enrichment             (? rows expected)
04:07:56  INFO      Expanded v2 combined input: 11037 note rows -> 38 entity rows
04:07:56  INFO        Validating rai_detailed                              (? rows expected)
04:07:58  INFO      Expanded v2 combined input: 11037 note rows -> 3747 entity rows
04:07:58  INFO        Validating rad_treatment                             (? rows expected)
04:07:59  INFO      Expanded v2 combined input: 11037 note rows -> 519 entity rows
04:07:59  INFO        Validating parathyroid_detail                        (? rows expected)
04:08:00  INFO      Expanded v2 combined input: 11037 note rows -> 255 entity rows
04:08:00  INFO        Validating recurrence                                (? rows expected)
04:08:01  INFO      Expanded v2 combined input: 11037 note rows -> 303 entity rows
04:08:01  INFO        Validating survival_followup                         (? rows expected)
04:08:03  INFO      Expanded v2 combined input: 11037 note rows -> 9809 entity rows
04:08:03  INFO        Validating cervical_ln_detail                        (? rows expected)
04:08:04  INFO      Expanded v2 combined input: 11037 note rows -> 104 entity rows
04:08:04  INFO        Validating functional_outcomes                       (? rows expected)
04:08:06  INFO      Expanded v2 combined input: 11037 note rows -> 3322 entity rows
04:08:06  INFO        Validating past_medical_hx                           (? rows expected)
04:08:07  INFO      Expanded v2 combined input: 11037 note rows -> 865 entity rows
04:08:07  INFO        Validating past_surgical_hx                          (? rows expected)
04:08:09  INFO      Expanded v2 combined input: 11037 note rows -> 3919 entity rows
04:08:09  INFO        Validating presenting_symptoms                       (? rows expected)
04:08:10  INFO      Expanded v2 combined input: 11037 note rows -> 280 entity rows
04:08:10  INFO        Validating physical_exam                             (? rows expected)
04:08:11  INFO      Expanded v2 combined input: 11037 note rows -> 1924 entity rows
04:08:11  INFO        Validating vascular_invasion                         (? rows expected)
04:08:12  INFO      Expanded v2 combined input: 11037 note rows -> 4241 entity rows
04:08:12  INFO        Validating airway_invasion                           (? rows expected)
04:08:14  INFO      Expanded v2 combined input: 11037 note rows -> 3116 entity rows
04:08:14  INFO        Validating frozen_section_detail                     (? rows expected)
04:08:15  INFO      Expanded v2 combined input: 11037 note rows -> 380 entity rows
04:08:15  INFO        Validating dynamic_risk_response                     (? rows expected)
04:08:16  INFO      Expanded v2 combined input: 11037 note rows -> 53 entity rows
04:08:16  INFO        Validating patient_decision_adherence                (? rows expected)
04:08:18  INFO      Expanded v2 combined input: 11037 note rows -> 641 entity rows
04:08:18  INFO      Phase 3: Cross-Domain Concordance
04:08:20  INFO      Expanded v2 combined input: 11037 note rows -> 8428 entity rows
04:08:21  INFO      Expanded v2 combined input: 11037 note rows -> 179 entity rows
04:08:22  INFO      Expanded v2 combined input: 11037 note rows -> 49 entity rows
04:08:23  INFO      Expanded v2 combined input: 11037 note rows -> 2460 entity rows
04:08:25  INFO      Expanded v2 combined input: 11037 note rows -> 173 entity rows
04:08:26  INFO      Expanded v2 combined input: 11037 note rows -> 10894 entity rows
04:08:27  INFO      Expanded v2 combined input: 11037 note rows -> 38 entity rows
04:08:29  INFO      Expanded v2 combined input: 11037 note rows -> 3747 entity rows
04:08:30  INFO      Expanded v2 combined input: 11037 note rows -> 519 entity rows
04:08:31  INFO      Expanded v2 combined input: 11037 note rows -> 255 entity rows
04:08:32  INFO      Expanded v2 combined input: 11037 note rows -> 303 entity rows
04:08:34  INFO      Expanded v2 combined input: 11037 note rows -> 9809 entity rows
04:08:36  INFO      Expanded v2 combined input: 11037 note rows -> 104 entity rows
04:08:37  INFO      Expanded v2 combined input: 11037 note rows -> 3322 entity rows
04:08:39  INFO      Expanded v2 combined input: 11037 note rows -> 865 entity rows
04:08:41  INFO      Expanded v2 combined input: 11037 note rows -> 3919 entity rows
04:08:42  INFO      Expanded v2 combined input: 11037 note rows -> 280 entity rows
04:08:43  INFO      Expanded v2 combined input: 11037 note rows -> 1924 entity rows
04:08:45  INFO      Expanded v2 combined input: 11037 note rows -> 4241 entity rows
04:08:46  INFO      Expanded v2 combined input: 11037 note rows -> 3116 entity rows
04:08:47  INFO      Expanded v2 combined input: 11037 note rows -> 380 entity rows
04:08:48  INFO      Expanded v2 combined input: 11037 note rows -> 53 entity rows
04:08:50  INFO      Expanded v2 combined input: 11037 note rows -> 641 entity rows
04:08:50  INFO      Combined entity DataFrame: 55699 rows from 23 domain files
04:08:50  INFO      Classifying 55699 entity rows into comparison domains
04:09:04  INFO      Comparison domains: complications, genetics, medications, operative_detail, problem_list, procedures, staging
04:09:04  INFO      Building baseline (note_entities_*) comparators
04:09:11  INFO      Building structured (canonical tables) comparators
04:09:18  INFO      Building side-by-side concordance
04:09:30  INFO        => llm_side_by_side.parquet    55,699 rows x  78 cols  (4.59 MB)
04:09:33  INFO      Phase 4: Manual Review Queue (strict)
04:09:34  INFO      Manual review queue: 5326 rows
04:09:34  INFO      Phase 5: Promotion Gate
04:09:34  INFO        Running G8 MotherDuck parity check
04:09:47  INFO      Phase 6: Reports & MotherDuck Artifacts

======================================================================
  V2 DOMAIN PROMOTION GATE — PASS
======================================================================
  [PASS]  G1: Domain completeness (v2 only)
  [PASS]  G2: Schema compliance (core columns)
  [PASS]  G3: Provenance columns
  [PASS]  G4: Duplicate rate
  [PASS]  G5: Date coverage (critical domains)
  [PASS]  G6: Concordance floor (critical domains)
  [PASS]  G7: Unresolved discordance
  [PASS]  G8: MotherDuck v2_stage parity
======================================================================
  Artifacts: /Users/loganglosser/THYROID_2026/studies/20260408_motherduck_live_release_audit/promotion_gate
  Verdict:   PASS
======================================================================

