09:34:30  INFO      Output directory: /Users/ros/THyroid 2026/THYROID_2026/studies/20260410_motherduck_live_release_audit/promotion_gate
09:34:30  INFO      Phase 1: Domain Inventory
09:34:30  INFO      Registry domains: 31
09:34:30  INFO      On-disk v2 parquets: 37
09:34:30  INFO      Domain inventory: 44 rows (36 with parquets)
09:34:30  INFO      Phase 2: Per-Domain Validation
09:34:30  INFO        Validating imaging                                   (? rows expected)
09:34:31  INFO      Expanded v2 combined input: 11037 note rows -> 8428 entity rows
09:34:31  INFO        Validating tirads_granular                           (? rows expected)
09:34:31  INFO      Expanded v2 combined input: 11037 note rows -> 179 entity rows
09:34:31  INFO        Validating us_nodule_dynamics                        (? rows expected)
09:34:31  INFO      Expanded v2 combined input: 11037 note rows -> 49 entity rows
09:34:31  INFO        Validating labs                                      (? rows expected)
09:34:31  INFO      Expanded v2 combined input: 11037 note rows -> 2460 entity rows
09:34:31  INFO        Validating tg_kinetics                               (? rows expected)
09:34:31  INFO      Expanded v2 combined input: 11037 note rows -> 173 entity rows
09:34:31  INFO        Validating pathology                                 (? rows expected)
09:34:32  INFO      Expanded v2 combined input: 11037 note rows -> 10894 entity rows
09:34:32  INFO        Validating synoptic_pathology_enrichment             (? rows expected)
09:34:32  INFO      Expanded v2 combined input: 11037 note rows -> 38 entity rows
09:34:32  INFO        Validating rai_detailed                              (? rows expected)
09:34:32  INFO      Expanded v2 combined input: 11037 note rows -> 3747 entity rows
09:34:32  INFO        Validating rad_treatment                             (? rows expected)
09:34:32  INFO      Expanded v2 combined input: 11037 note rows -> 519 entity rows
09:34:32  INFO        Validating parathyroid_detail                        (? rows expected)
09:34:32  INFO      Expanded v2 combined input: 11037 note rows -> 255 entity rows
09:34:32  INFO        Validating recurrence                                (? rows expected)
09:34:32  INFO      Expanded v2 combined input: 11037 note rows -> 303 entity rows
09:34:32  INFO        Validating survival_followup                         (? rows expected)
09:34:32  INFO      Expanded v2 combined input: 11037 note rows -> 9809 entity rows
09:34:32  INFO        Validating cervical_ln_detail                        (? rows expected)
09:34:33  INFO      Expanded v2 combined input: 11037 note rows -> 104 entity rows
09:34:33  INFO        Validating functional_outcomes                       (? rows expected)
09:34:33  INFO      Expanded v2 combined input: 11037 note rows -> 3322 entity rows
09:34:33  INFO        Validating past_medical_hx                           (? rows expected)
09:34:33  INFO      Expanded v2 combined input: 11037 note rows -> 865 entity rows
09:34:33  INFO        Validating past_surgical_hx                          (? rows expected)
09:34:33  INFO      Expanded v2 combined input: 11037 note rows -> 3919 entity rows
09:34:33  INFO        Validating presenting_symptoms                       (? rows expected)
09:34:33  INFO      Expanded v2 combined input: 11037 note rows -> 280 entity rows
09:34:33  INFO        Validating physical_exam                             (? rows expected)
09:34:33  INFO      Expanded v2 combined input: 11037 note rows -> 1924 entity rows
09:34:33  INFO        Validating vascular_invasion                         (? rows expected)
09:34:34  INFO      Expanded v2 combined input: 11037 note rows -> 4241 entity rows
09:34:34  INFO        Validating airway_invasion                           (? rows expected)
09:34:34  INFO      Expanded v2 combined input: 11037 note rows -> 3116 entity rows
09:34:34  INFO        Validating frozen_section_detail                     (? rows expected)
09:34:34  INFO      Expanded v2 combined input: 11037 note rows -> 380 entity rows
09:34:34  INFO        Validating dynamic_risk_response                     (? rows expected)
09:34:34  INFO      Expanded v2 combined input: 11037 note rows -> 53 entity rows
09:34:34  INFO        Validating patient_decision_adherence                (? rows expected)
09:34:34  INFO      Expanded v2 combined input: 11037 note rows -> 641 entity rows
09:34:34  INFO      Phase 3: Cross-Domain Concordance
09:34:34  INFO      Expanded v2 combined input: 11037 note rows -> 8428 entity rows
09:34:35  INFO      Expanded v2 combined input: 11037 note rows -> 179 entity rows
09:34:35  INFO      Expanded v2 combined input: 11037 note rows -> 49 entity rows
09:34:35  INFO      Expanded v2 combined input: 11037 note rows -> 2460 entity rows
09:34:35  INFO      Expanded v2 combined input: 11037 note rows -> 173 entity rows
09:34:35  INFO      Expanded v2 combined input: 11037 note rows -> 10894 entity rows
09:34:35  INFO      Expanded v2 combined input: 11037 note rows -> 38 entity rows
09:34:36  INFO      Expanded v2 combined input: 11037 note rows -> 3747 entity rows
09:34:36  INFO      Expanded v2 combined input: 11037 note rows -> 519 entity rows
09:34:36  INFO      Expanded v2 combined input: 11037 note rows -> 255 entity rows
09:34:36  INFO      Expanded v2 combined input: 11037 note rows -> 303 entity rows
09:34:36  INFO      Expanded v2 combined input: 11037 note rows -> 9809 entity rows
09:34:36  INFO      Expanded v2 combined input: 11037 note rows -> 104 entity rows
09:34:37  INFO      Expanded v2 combined input: 11037 note rows -> 3322 entity rows
09:34:37  INFO      Expanded v2 combined input: 11037 note rows -> 865 entity rows
09:34:37  INFO      Expanded v2 combined input: 11037 note rows -> 3919 entity rows
09:34:37  INFO      Expanded v2 combined input: 11037 note rows -> 280 entity rows
09:34:37  INFO      Expanded v2 combined input: 11037 note rows -> 1924 entity rows
09:34:37  INFO      Expanded v2 combined input: 11037 note rows -> 4241 entity rows
09:34:38  INFO      Expanded v2 combined input: 11037 note rows -> 3116 entity rows
09:34:38  INFO      Expanded v2 combined input: 11037 note rows -> 380 entity rows
09:34:38  INFO      Expanded v2 combined input: 11037 note rows -> 53 entity rows
09:34:38  INFO      Expanded v2 combined input: 11037 note rows -> 641 entity rows
09:34:38  INFO      Combined entity DataFrame: 55699 rows from 23 domain files
09:34:38  INFO      Classifying 55699 entity rows into comparison domains
09:34:40  INFO      Comparison domains: complications, genetics, medications, operative_detail, problem_list, procedures, staging
09:34:40  INFO      Building baseline (note_entities_*) comparators
09:34:42  INFO      Building structured (canonical tables) comparators
09:34:42  INFO      Building side-by-side concordance
09:34:45  INFO        => llm_side_by_side.parquet    55,699 rows x  78 cols  (4.55 MB)
09:34:45  INFO      Phase 4: Manual Review Queue (strict)
09:34:45  INFO      Manual review queue: 5622 rows
09:34:45  INFO      Phase 5: Promotion Gate
09:34:45  INFO        Running G8 MotherDuck parity check
09:34:50  INFO      Phase 6: Reports & MotherDuck Artifacts

======================================================================
  V2 DOMAIN PROMOTION GATE — PASS
======================================================================
  [PASS]  G1: Domain completeness (v2 only)
  [PASS]  G2: Schema compliance (core columns)
  [PASS]  G3: Provenance columns
  [PASS]  G4: Duplicate rate
  [PASS]  G5: Date coverage (critical domains)
  [PASS]  G6: Concordance floor (critical domains)
  [PASS]  G7: Unresolved discordance
  [PASS]  G8: MotherDuck v2_stage parity
======================================================================
  Artifacts: /Users/ros/THyroid 2026/THYROID_2026/studies/20260410_motherduck_live_release_audit/promotion_gate
  Verdict:   PASS
======================================================================

