01:06:44  INFO      Output directory: studies/20260407_final_master_release/promotion_gate
01:06:44  INFO      Phase 1: Domain Inventory
01:06:44  INFO      Registry domains: 31
01:06:44  INFO      On-disk v2 parquets: 37
01:06:44  INFO      Domain inventory: 44 rows (36 with parquets)
01:06:44  INFO      Phase 2: Per-Domain Validation
01:06:44  INFO        Validating imaging                                   (? rows expected)
01:06:45  INFO      Expanded v2 combined input: 11037 note rows -> 8428 entity rows
01:06:45  INFO        Validating tirads_granular                           (? rows expected)
01:06:45  INFO      Expanded v2 combined input: 11037 note rows -> 179 entity rows
01:06:45  INFO        Validating us_nodule_dynamics                        (? rows expected)
01:06:45  INFO      Expanded v2 combined input: 11037 note rows -> 49 entity rows
01:06:45  INFO        Validating labs                                      (? rows expected)
01:06:45  INFO      Expanded v2 combined input: 11037 note rows -> 2460 entity rows
01:06:45  INFO        Validating tg_kinetics                               (? rows expected)
01:06:45  INFO      Expanded v2 combined input: 11037 note rows -> 173 entity rows
01:06:45  INFO        Validating pathology                                 (? rows expected)
01:06:45  INFO      Expanded v2 combined input: 11037 note rows -> 10894 entity rows
01:06:45  INFO        Validating synoptic_pathology_enrichment             (? rows expected)
01:06:45  INFO      Expanded v2 combined input: 11037 note rows -> 38 entity rows
01:06:45  INFO        Validating rai_detailed                              (? rows expected)
01:06:46  INFO      Expanded v2 combined input: 11037 note rows -> 3747 entity rows
01:06:46  INFO        Validating rad_treatment                             (? rows expected)
01:06:46  INFO      Expanded v2 combined input: 11037 note rows -> 519 entity rows
01:06:46  INFO        Validating parathyroid_detail                        (? rows expected)
01:06:46  INFO      Expanded v2 combined input: 11037 note rows -> 255 entity rows
01:06:46  INFO        Validating recurrence                                (? rows expected)
01:06:46  INFO      Expanded v2 combined input: 11037 note rows -> 303 entity rows
01:06:46  INFO        Validating survival_followup                         (? rows expected)
01:06:46  INFO      Expanded v2 combined input: 11037 note rows -> 9809 entity rows
01:06:46  INFO        Validating cervical_ln_detail                        (? rows expected)
01:06:46  INFO      Expanded v2 combined input: 11037 note rows -> 104 entity rows
01:06:46  INFO        Validating functional_outcomes                       (? rows expected)
01:06:46  INFO      Expanded v2 combined input: 11037 note rows -> 3322 entity rows
01:06:46  INFO        Validating past_medical_hx                           (? rows expected)
01:06:47  INFO      Expanded v2 combined input: 11037 note rows -> 865 entity rows
01:06:47  INFO        Validating past_surgical_hx                          (? rows expected)
01:06:47  INFO      Expanded v2 combined input: 11037 note rows -> 3919 entity rows
01:06:47  INFO        Validating presenting_symptoms                       (? rows expected)
01:06:47  INFO      Expanded v2 combined input: 11037 note rows -> 280 entity rows
01:06:47  INFO        Validating physical_exam                             (? rows expected)
01:06:47  INFO      Expanded v2 combined input: 11037 note rows -> 1924 entity rows
01:06:47  INFO        Validating vascular_invasion                         (? rows expected)
01:06:47  INFO      Expanded v2 combined input: 11037 note rows -> 4241 entity rows
01:06:47  INFO        Validating airway_invasion                           (? rows expected)
01:06:47  INFO      Expanded v2 combined input: 11037 note rows -> 3116 entity rows
01:06:47  INFO        Validating frozen_section_detail                     (? rows expected)
01:06:47  INFO      Expanded v2 combined input: 11037 note rows -> 380 entity rows
01:06:47  INFO        Validating dynamic_risk_response                     (? rows expected)
01:06:47  INFO      Expanded v2 combined input: 11037 note rows -> 53 entity rows
01:06:47  INFO        Validating patient_decision_adherence                (? rows expected)
01:06:48  INFO      Expanded v2 combined input: 11037 note rows -> 641 entity rows
01:06:48  INFO      Phase 3: Cross-Domain Concordance
01:06:48  INFO      Expanded v2 combined input: 11037 note rows -> 8428 entity rows
01:06:48  INFO      Expanded v2 combined input: 11037 note rows -> 179 entity rows
01:06:48  INFO      Expanded v2 combined input: 11037 note rows -> 49 entity rows
01:06:48  INFO      Expanded v2 combined input: 11037 note rows -> 2460 entity rows
01:06:48  INFO      Expanded v2 combined input: 11037 note rows -> 173 entity rows
01:06:48  INFO      Expanded v2 combined input: 11037 note rows -> 10894 entity rows
01:06:49  INFO      Expanded v2 combined input: 11037 note rows -> 38 entity rows
01:06:49  INFO      Expanded v2 combined input: 11037 note rows -> 3747 entity rows
01:06:49  INFO      Expanded v2 combined input: 11037 note rows -> 519 entity rows
01:06:49  INFO      Expanded v2 combined input: 11037 note rows -> 255 entity rows
01:06:49  INFO      Expanded v2 combined input: 11037 note rows -> 303 entity rows
01:06:49  INFO      Expanded v2 combined input: 11037 note rows -> 9809 entity rows
01:06:49  INFO      Expanded v2 combined input: 11037 note rows -> 104 entity rows
01:06:50  INFO      Expanded v2 combined input: 11037 note rows -> 3322 entity rows
01:06:50  INFO      Expanded v2 combined input: 11037 note rows -> 865 entity rows
01:06:50  INFO      Expanded v2 combined input: 11037 note rows -> 3919 entity rows
01:06:50  INFO      Expanded v2 combined input: 11037 note rows -> 280 entity rows
01:06:50  INFO      Expanded v2 combined input: 11037 note rows -> 1924 entity rows
01:06:50  INFO      Expanded v2 combined input: 11037 note rows -> 4241 entity rows
01:06:50  INFO      Expanded v2 combined input: 11037 note rows -> 3116 entity rows
01:06:51  INFO      Expanded v2 combined input: 11037 note rows -> 380 entity rows
01:06:51  INFO      Expanded v2 combined input: 11037 note rows -> 53 entity rows
01:06:51  INFO      Expanded v2 combined input: 11037 note rows -> 641 entity rows
01:06:51  INFO      Combined entity DataFrame: 55699 rows from 23 domain files
01:06:51  INFO      Classifying 55699 entity rows into comparison domains
01:06:53  INFO      Comparison domains: complications, genetics, medications, operative_detail, problem_list, procedures, staging
01:06:53  INFO      Building baseline (note_entities_*) comparators
01:06:54  INFO      Building structured (canonical tables) comparators
01:06:55  INFO      Building side-by-side concordance
01:06:57  INFO        => llm_side_by_side.parquet    55,699 rows x  78 cols  (4.55 MB)
01:06:57  INFO      Phase 4: Manual Review Queue (strict)
01:06:57  INFO      Manual review queue: 5622 rows
01:06:57  INFO      Phase 5: Promotion Gate
01:06:57  INFO        Running G8 MotherDuck parity check
01:07:01  INFO      Phase 6: Reports & MotherDuck Artifacts

======================================================================
  V2 DOMAIN PROMOTION GATE — PASS
======================================================================
  [PASS]  G1: Domain completeness (v2 only)
  [PASS]  G2: Schema compliance (core columns)
  [PASS]  G3: Provenance columns
  [PASS]  G4: Duplicate rate
  [PASS]  G5: Date coverage (critical domains)
  [PASS]  G6: Concordance floor (critical domains)
  [PASS]  G7: Unresolved discordance
  [PASS]  G8: MotherDuck v2_stage parity
======================================================================
  Artifacts: studies/20260407_final_master_release/promotion_gate
  Verdict:   PASS
======================================================================

